Lx=13, Ly=13, delta=4.0, Rb=1.9, alpha=0.05, n_edge=4, delta_boundary=1.8, USE_STAR_MODULATION=False
running Lx=13, Ly=13, delta=4.0, Rb=1.9, alpha=0.05, n_edge=4, delta_boundary=1.8

Build MPO | Nsites =   169 | Nterms =      14534 | Algorithm = FastSVD | Cutoff = 1.00e-16 | Max bond dimension =    -1
 Site =     0 /   169 .. Mmpo =     3 DW = 0.00e+00 Error = 6.87e-16 NNZ =        3 SPT = 0.0000 Tsvd = 0.073 T = 0.110
 Site =     1 /   169 .. Mmpo =     4 DW = 4.26e-36 Error = 5.59e-14 NNZ =       10 SPT = 0.1667 Tsvd = 0.002 T = 0.006
 Site =     2 /   169 .. Mmpo =     5 DW = 3.68e-29 Error = 6.73e-14 NNZ =       17 SPT = 0.1500 Tsvd = 0.000 T = 0.005
 Site =     3 /   169 .. Mmpo =     6 DW = 7.50e-29 Error = 9.62e-14 NNZ =       26 SPT = 0.1333 Tsvd = 0.019 T = 0.025
 Site =     4 /   169 .. Mmpo =     7 DW = 5.34e-30 Error = 1.35e-13 NNZ =       37 SPT = 0.1190 Tsvd = 0.000 T = 0.007
 Site =     5 /   169 .. Mmpo =     8 DW = 1.07e-29 Error = 2.54e-13 NNZ =       50 SPT = 0.1071 Tsvd = 0.000 T = 0.008
 Site =     6 /   169 .. Mmpo =     9 DW = 4.72e-29 Error = 2.60e-13 NNZ =       65 SPT = 0.0972 Tsvd = 0.000 T = 0.009
 Site =     7 /   169 .. Mmpo =    10 DW = 9.31e-29 Error = 1.83e-13 NNZ =       82 SPT = 0.0889 Tsvd = 0.000 T = 0.011
 Site =     8 /   169 .. Mmpo =    11 DW = 6.32e-29 Error = 2.03e-13 NNZ =      101 SPT = 0.0818 Tsvd = 0.000 T = 0.012
 Site =     9 /   169 .. Mmpo =    12 DW = 1.59e-28 Error = 4.61e-13 NNZ =      122 SPT = 0.0758 Tsvd = 0.000 T = 0.013
 Site =    10 /   169 .. Mmpo =    13 DW = 7.06e-29 Error = 3.05e-13 NNZ =      145 SPT = 0.0705 Tsvd = 0.000 T = 0.014
 Site =    11 /   169 .. Mmpo =    14 DW = 3.27e-29 Error = 3.59e-13 NNZ =      170 SPT = 0.0659 Tsvd = 0.000 T = 0.015
 Site =    12 /   169 .. Mmpo =    15 DW = 4.35e-29 Error = 2.43e-13 NNZ =      197 SPT = 0.0619 Tsvd = 0.000 T = 0.016
 Site =    13 /   169 .. Mmpo =    16 DW = 7.42e-29 Error = 5.24e-13 NNZ =      226 SPT = 0.0583 Tsvd = 0.000 T = 0.017
 Site =    14 /   169 .. Mmpo =    17 DW = 4.69e-29 Error = 4.83e-13 NNZ =      257 SPT = 0.0551 Tsvd = 0.000 T = 0.018
 Site =    15 /   169 .. Mmpo =    18 DW = 3.94e-28 Error = 6.26e-13 NNZ =      290 SPT = 0.0523 Tsvd = 0.006 T = 0.025
 Site =    16 /   169 .. Mmpo =    19 DW = 1.93e-27 Error = 8.24e-13 NNZ =      325 SPT = 0.0497 Tsvd = 0.000 T = 0.020
 Site =    17 /   169 .. Mmpo =    20 DW = 7.69e-28 Error = 1.80e-12 NNZ =      362 SPT = 0.0474 Tsvd = 0.000 T = 0.021
 Site =    18 /   169 .. Mmpo =    21 DW = 6.99e-28 Error = 6.83e-13 NNZ =      401 SPT = 0.0452 Tsvd = 0.000 T = 0.023
 Site =    19 /   169 .. Mmpo =    22 DW = 8.08e-28 Error = 2.15e-12 NNZ =      442 SPT = 0.0433 Tsvd = 0.001 T = 0.024
 Site =    20 /   169 .. Mmpo =    23 DW = 7.16e-28 Error = 1.13e-12 NNZ =      485 SPT = 0.0415 Tsvd = 0.001 T = 0.026
 Site =    21 /   169 .. Mmpo =    24 DW = 3.97e-28 Error = 5.69e-13 NNZ =      530 SPT = 0.0399 Tsvd = 0.001 T = 0.026
 Site =    22 /   169 .. Mmpo =    25 DW = 5.97e-28 Error = 2.30e-12 NNZ =      577 SPT = 0.0383 Tsvd = 0.007 T = 0.033
 Site =    23 /   169 .. Mmpo =    26 DW = 1.40e-28 Error = 1.17e-12 NNZ =      626 SPT = 0.0369 Tsvd = 0.001 T = 0.028
 Site =    24 /   169 .. Mmpo =    27 DW = 3.90e-28 Error = 6.38e-13 NNZ =      677 SPT = 0.0356 Tsvd = 0.001 T = 0.029
 Site =    25 /   169 .. Mmpo =    28 DW = 2.63e-28 Error = 2.43e-12 NNZ =      730 SPT = 0.0344 Tsvd = 0.001 T = 0.029
 Site =    26 /   169 .. Mmpo =    29 DW = 1.45e-28 Error = 3.17e-12 NNZ =      785 SPT = 0.0333 Tsvd = 0.003 T = 0.033
 Site =    27 /   169 .. Mmpo =    30 DW = 2.08e-28 Error = 2.74e-12 NNZ =      842 SPT = 0.0322 Tsvd = 0.001 T = 0.032
 Site =    28 /   169 .. Mmpo =    31 DW = 1.08e-27 Error = 2.04e-12 NNZ =      901 SPT = 0.0312 Tsvd = 0.001 T = 0.032
 Site =    29 /   169 .. Mmpo =    32 DW = 1.22e-28 Error = 1.19e-12 NNZ =      962 SPT = 0.0302 Tsvd = 0.001 T = 0.033
 Site =    30 /   169 .. Mmpo =    33 DW = 7.07e-29 Error = 1.09e-12 NNZ =     1025 SPT = 0.0294 Tsvd = 0.001 T = 0.035
 Site =    31 /   169 .. Mmpo =    34 DW = 5.53e-28 Error = 7.63e-13 NNZ =     1090 SPT = 0.0285 Tsvd = 0.012 T = 0.047
 Site =    32 /   169 .. Mmpo =    35 DW = 5.82e-28 Error = 5.80e-13 NNZ =     1157 SPT = 0.0277 Tsvd = 0.001 T = 0.037
 Site =    33 /   169 .. Mmpo =    36 DW = 2.25e-28 Error = 4.41e-13 NNZ =     1226 SPT = 0.0270 Tsvd = 0.001 T = 0.037
 Site =    34 /   169 .. Mmpo =    37 DW = 8.33e-29 Error = 5.83e-13 NNZ =     1297 SPT = 0.0263 Tsvd = 0.001 T = 0.038
 Site =    35 /   169 .. Mmpo =    38 DW = 1.19e-28 Error = 3.56e-12 NNZ =     1370 SPT = 0.0256 Tsvd = 0.002 T = 0.040
 Site =    36 /   169 .. Mmpo =    39 DW = 2.21e-28 Error = 2.65e-12 NNZ =     1445 SPT = 0.0250 Tsvd = 0.001 T = 0.040
 Site =    37 /   169 .. Mmpo =    40 DW = 3.70e-28 Error = 1.01e-12 NNZ =     1522 SPT = 0.0244 Tsvd = 0.002 T = 0.041
 Site =    38 /   169 .. Mmpo =    41 DW = 3.90e-28 Error = 1.83e-12 NNZ =     1601 SPT = 0.0238 Tsvd = 0.001 T = 0.041
 Site =    39 /   169 .. Mmpo =    42 DW = 7.73e-28 Error = 8.03e-13 NNZ =     1682 SPT = 0.0232 Tsvd = 0.001 T = 0.042
 Site =    40 /   169 .. Mmpo =    43 DW = 2.66e-28 Error = 1.06e-12 NNZ =     1765 SPT = 0.0227 Tsvd = 0.001 T = 0.043
 Site =    41 /   169 .. Mmpo =    44 DW = 2.86e-28 Error = 8.31e-13 NNZ =     1850 SPT = 0.0222 Tsvd = 0.001 T = 0.044
 Site =    42 /   169 .. Mmpo =    45 DW = 3.79e-28 Error = 9.26e-13 NNZ =     1937 SPT = 0.0217 Tsvd = 0.001 T = 0.045
 Site =    43 /   169 .. Mmpo =    46 DW = 5.92e-28 Error = 6.12e-13 NNZ =     2026 SPT = 0.0213 Tsvd = 0.001 T = 0.045
 Site =    44 /   169 .. Mmpo =    46 DW = 3.95e-17 Error = 6.28e-09 NNZ =     2071 SPT = 0.0213 Tsvd = 0.001 T = 0.046
 Site =    45 /   169 .. Mmpo =    47 DW = 1.60e-28 Error = 7.34e-13 NNZ =     2117 SPT = 0.0208 Tsvd = 0.001 T = 0.046
 Site =    46 /   169 .. Mmpo =    47 DW = 8.89e-17 Error = 9.43e-09 NNZ =     2163 SPT = 0.0208 Tsvd = 0.001 T = 0.047
 Site =    47 /   169 .. Mmpo =    48 DW = 4.94e-28 Error = 4.80e-13 NNZ =     2210 SPT = 0.0204 Tsvd = 0.001 T = 0.047
 Site =    48 /   169 .. Mmpo =    49 DW = 8.74e-28 Error = 4.08e-13 NNZ =     2305 SPT = 0.0200 Tsvd = 0.001 T = 0.047
 Site =    49 /   169 .. Mmpo =    50 DW = 1.65e-27 Error = 3.15e-12 NNZ =     2400 SPT = 0.0204 Tsvd = 0.002 T = 0.048
 Site =    50 /   169 .. Mmpo =    50 DW = 4.76e-17 Error = 6.90e-09 NNZ =     2451 SPT = 0.0196 Tsvd = 0.002 T = 0.048
 Site =    51 /   169 .. Mmpo =    51 DW = 2.32e-28 Error = 6.29e-13 NNZ =     2501 SPT = 0.0192 Tsvd = 0.001 T = 0.047
 Site =    52 /   169 .. Mmpo =    51 DW = 9.68e-17 Error = 9.84e-09 NNZ =     2551 SPT = 0.0192 Tsvd = 0.002 T = 0.048
 Site =    53 /   169 .. Mmpo =    52 DW = 8.47e-28 Error = 1.59e-12 NNZ =     2601 SPT = 0.0192 Tsvd = 0.002 T = 0.049
 Site =    54 /   169 .. Mmpo =    53 DW = 1.80e-28 Error = 2.20e-12 NNZ =     2705 SPT = 0.0185 Tsvd = 0.002 T = 0.049
 Site =    55 /   169 .. Mmpo =    53 DW = 5.47e-17 Error = 7.40e-09 NNZ =     2756 SPT = 0.0189 Tsvd = 0.002 T = 0.050
 Site =    56 /   169 .. Mmpo =    54 DW = 2.69e-26 Error = 1.73e-12 NNZ =     2808 SPT = 0.0189 Tsvd = 0.002 T = 0.049
 Site =    57 /   169 .. Mmpo =    54 DW = 1.15e-17 Error = 3.39e-09 NNZ =     2861 SPT = 0.0189 Tsvd = 0.002 T = 0.050
 Site =    58 /   169 .. Mmpo =    55 DW = 7.58e-27 Error = 1.33e-12 NNZ =     2916 SPT = 0.0182 Tsvd = 0.002 T = 0.050
 Site =    59 /   169 .. Mmpo =    55 DW = 1.79e-17 Error = 4.23e-09 NNZ =     2965 SPT = 0.0198 Tsvd = 0.002 T = 0.050
 Site =    60 /   169 .. Mmpo =    55 DW = 9.20e-17 Error = 9.59e-09 NNZ =     2969 SPT = 0.0185 Tsvd = 0.002 T = 0.050
 Site =    61 /   169 .. Mmpo =    56 DW = 1.66e-26 Error = 8.33e-13 NNZ =     3024 SPT = 0.0182 Tsvd = 0.005 T = 0.053
 Site =    62 /   169 .. Mmpo =    56 DW = 3.92e-17 Error = 6.26e-09 NNZ =     3080 SPT = 0.0179 Tsvd = 0.002 T = 0.051
 Site =    63 /   169 .. Mmpo =    56 DW = 2.01e-17 Error = 4.48e-09 NNZ =     3079 SPT = 0.0182 Tsvd = 0.002 T = 0.050
 Site =    64 /   169 .. Mmpo =    56 DW = 6.99e-17 Error = 8.36e-09 NNZ =     3078 SPT = 0.0185 Tsvd = 0.002 T = 0.049
 Site =    65 /   169 .. Mmpo =    57 DW = 1.75e-26 Error = 4.14e-13 NNZ =     3135 SPT = 0.0179 Tsvd = 0.002 T = 0.050
 Site =    66 /   169 .. Mmpo =    57 DW = 4.36e-17 Error = 6.61e-09 NNZ =     3191 SPT = 0.0179 Tsvd = 0.002 T = 0.049
 Site =    67 /   169 .. Mmpo =    58 DW = 4.11e-26 Error = 5.21e-13 NNZ =     3247 SPT = 0.0178 Tsvd = 0.002 T = 0.049
 Site =    68 /   169 .. Mmpo =    58 DW = 5.92e-17 Error = 7.70e-09 NNZ =     3303 SPT = 0.0181 Tsvd = 0.002 T = 0.050
 Site =    69 /   169 .. Mmpo =    58 DW = 6.88e-17 Error = 8.30e-09 NNZ =     3303 SPT = 0.0181 Tsvd = 0.002 T = 0.050
 Site =    70 /   169 .. Mmpo =    58 DW = 4.69e-17 Error = 6.84e-09 NNZ =     3304 SPT = 0.0178 Tsvd = 0.002 T = 0.049
 Site =    71 /   169 .. Mmpo =    58 DW = 6.32e-17 Error = 7.95e-09 NNZ =     3303 SPT = 0.0181 Tsvd = 0.002 T = 0.049
 Site =    72 /   169 .. Mmpo =    58 DW = 5.66e-17 Error = 7.52e-09 NNZ =     3301 SPT = 0.0187 Tsvd = 0.002 T = 0.049
 Site =    73 /   169 .. Mmpo =    59 DW = 7.39e-26 Error = 4.86e-13 NNZ =     3361 SPT = 0.0178 Tsvd = 0.002 T = 0.048
 Site =    74 /   169 .. Mmpo =    59 DW = 3.58e-17 Error = 5.98e-09 NNZ =     3417 SPT = 0.0184 Tsvd = 0.002 T = 0.048
 Site =    75 /   169 .. Mmpo =    59 DW = 2.28e-17 Error = 4.77e-09 NNZ =     3419 SPT = 0.0178 Tsvd = 0.002 T = 0.048
 Site =    76 /   169 .. Mmpo =    59 DW = 4.82e-17 Error = 6.95e-09 NNZ =     3419 SPT = 0.0178 Tsvd = 0.002 T = 0.048
 Site =    77 /   169 .. Mmpo =    59 DW = 2.70e-17 Error = 5.20e-09 NNZ =     3420 SPT = 0.0175 Tsvd = 0.002 T = 0.046
 Site =    78 /   169 .. Mmpo =    59 DW = 8.10e-18 Error = 2.85e-09 NNZ =     3421 SPT = 0.0172 Tsvd = 0.002 T = 0.047
 Site =    79 /   169 .. Mmpo =    59 DW = 5.21e-17 Error = 7.22e-09 NNZ =     3415 SPT = 0.0190 Tsvd = 0.002 T = 0.047
 Site =    80 /   169 .. Mmpo =    59 DW = 9.30e-17 Error = 9.64e-09 NNZ =     3420 SPT = 0.0175 Tsvd = 0.002 T = 0.046
 Site =    81 /   169 .. Mmpo =    59 DW = 6.44e-17 Error = 8.03e-09 NNZ =     3418 SPT = 0.0181 Tsvd = 0.001 T = 0.045
 Site =    82 /   169 .. Mmpo =    59 DW = 5.14e-17 Error = 7.17e-09 NNZ =     3408 SPT = 0.0210 Tsvd = 0.001 T = 0.045
 Site =    83 /   169 .. Mmpo =    59 DW = 6.92e-17 Error = 8.32e-09 NNZ =     3418 SPT = 0.0181 Tsvd = 0.002 T = 0.045
 Site =    84 /   169 .. Mmpo =    59 DW = 4.84e-17 Error = 6.96e-09 NNZ =     3405 SPT = 0.0218 Tsvd = 0.001 T = 0.045
 Site =    85 /   169 .. Mmpo =    59 DW = 5.59e-17 Error = 7.48e-09 NNZ =     3415 SPT = 0.0190 Tsvd = 0.001 T = 0.044
 Site =    86 /   169 .. Mmpo =    59 DW = 7.89e-17 Error = 8.88e-09 NNZ =     3417 SPT = 0.0184 Tsvd = 0.002 T = 0.044
 Site =    87 /   169 .. Mmpo =    59 DW = 6.12e-17 Error = 7.82e-09 NNZ =     3418 SPT = 0.0181 Tsvd = 0.001 T = 0.043
 Site =    88 /   169 .. Mmpo =    58 DW = 9.89e-17 Error = 9.94e-09 NNZ =     3359 SPT = 0.0184 Tsvd = 0.001 T = 0.043
 Site =    89 /   169 .. Mmpo =    59 DW = 1.39e-25 Error = 1.19e-12 NNZ =     3361 SPT = 0.0178 Tsvd = 0.001 T = 0.042
 Site =    90 /   169 .. Mmpo =    59 DW = 4.61e-17 Error = 6.79e-09 NNZ =     3420 SPT = 0.0175 Tsvd = 0.001 T = 0.041
 Site =    91 /   169 .. Mmpo =    59 DW = 4.36e-18 Error = 2.09e-09 NNZ =     3420 SPT = 0.0175 Tsvd = 0.001 T = 0.041
 Site =    92 /   169 .. Mmpo =    58 DW = 9.46e-17 Error = 9.73e-09 NNZ =     3360 SPT = 0.0181 Tsvd = 0.001 T = 0.041
 Site =    93 /   169 .. Mmpo =    58 DW = 7.82e-17 Error = 8.84e-09 NNZ =     3305 SPT = 0.0175 Tsvd = 0.001 T = 0.040
 Site =    94 /   169 .. Mmpo =    58 DW = 6.23e-17 Error = 7.89e-09 NNZ =     3303 SPT = 0.0181 Tsvd = 0.001 T = 0.039
 Site =    95 /   169 .. Mmpo =    58 DW = 3.89e-17 Error = 6.24e-09 NNZ =     3304 SPT = 0.0178 Tsvd = 0.001 T = 0.039
 Site =    96 /   169 .. Mmpo =    58 DW = 6.56e-17 Error = 8.10e-09 NNZ =     3304 SPT = 0.0178 Tsvd = 0.001 T = 0.038
 Site =    97 /   169 .. Mmpo =    58 DW = 3.52e-17 Error = 5.93e-09 NNZ =     3303 SPT = 0.0181 Tsvd = 0.003 T = 0.040
 Site =    98 /   169 .. Mmpo =    58 DW = 4.14e-17 Error = 6.43e-09 NNZ =     3297 SPT = 0.0199 Tsvd = 0.001 T = 0.038
 Site =    99 /   169 .. Mmpo =    58 DW = 5.46e-17 Error = 7.39e-09 NNZ =     3295 SPT = 0.0205 Tsvd = 0.001 T = 0.037
 Site =   100 /   169 .. Mmpo =    58 DW = 5.42e-18 Error = 2.33e-09 NNZ =     3302 SPT = 0.0184 Tsvd = 0.001 T = 0.037
 Site =   101 /   169 .. Mmpo =    57 DW = 4.88e-17 Error = 6.99e-09 NNZ =     3246 SPT = 0.0181 Tsvd = 0.001 T = 0.036
 Site =   102 /   169 .. Mmpo =    57 DW = 3.65e-17 Error = 6.04e-09 NNZ =     3190 SPT = 0.0182 Tsvd = 0.001 T = 0.036
 Site =   103 /   169 .. Mmpo =    56 DW = 8.70e-18 Error = 2.95e-09 NNZ =     3133 SPT = 0.0185 Tsvd = 0.001 T = 0.034
 Site =   104 /   169 .. Mmpo =    56 DW = 5.74e-18 Error = 2.40e-09 NNZ =     3079 SPT = 0.0182 Tsvd = 0.001 T = 0.034
 Site =   105 /   169 .. Mmpo =    55 DW = 1.19e-16 Error = 1.09e-08 NNZ =     3022 SPT = 0.0188 Tsvd = 0.001 T = 0.034
 Site =   106 /   169 .. Mmpo =    55 DW = 3.88e-18 Error = 1.97e-09 NNZ =     2969 SPT = 0.0185 Tsvd = 0.001 T = 0.033
 Site =   107 /   169 .. Mmpo =    55 DW = 7.75e-17 Error = 8.80e-09 NNZ =     2967 SPT = 0.0192 Tsvd = 0.001 T = 0.032
 Site =   108 /   169 .. Mmpo =    54 DW = 4.78e-17 Error = 6.91e-09 NNZ =     2913 SPT = 0.0192 Tsvd = 0.001 T = 0.032
 Site =   109 /   169 .. Mmpo =    54 DW = 8.34e-17 Error = 9.13e-09 NNZ =     2860 SPT = 0.0192 Tsvd = 0.001 T = 0.031
 Site =   110 /   169 .. Mmpo =    54 DW = 2.20e-17 Error = 4.69e-09 NNZ =     2850 SPT = 0.0226 Tsvd = 0.001 T = 0.030
 Site =   111 /   169 .. Mmpo =    54 DW = 7.54e-18 Error = 2.75e-09 NNZ =     2859 SPT = 0.0195 Tsvd = 0.001 T = 0.029
 Site =   112 /   169 .. Mmpo =    53 DW = 4.67e-17 Error = 6.83e-09 NNZ =     2806 SPT = 0.0196 Tsvd = 0.001 T = 0.028
 Site =   113 /   169 .. Mmpo =    53 DW = 2.72e-18 Error = 1.65e-09 NNZ =     2754 SPT = 0.0196 Tsvd = 0.001 T = 0.027
 Site =   114 /   169 .. Mmpo =    52 DW = 7.12e-17 Error = 8.44e-09 NNZ =     2702 SPT = 0.0196 Tsvd = 0.001 T = 0.028
 Site =   115 /   169 .. Mmpo =    51 DW = 8.63e-18 Error = 2.94e-09 NNZ =     2600 SPT = 0.0196 Tsvd = 0.001 T = 0.027
 Site =   116 /   169 .. Mmpo =    50 DW = 1.67e-17 Error = 4.09e-09 NNZ =     2498 SPT = 0.0204 Tsvd = 0.001 T = 0.025
 Site =   117 /   169 .. Mmpo =    50 DW = 2.93e-17 Error = 5.41e-09 NNZ =     2450 SPT = 0.0200 Tsvd = 0.001 T = 0.025
 Site =   118 /   169 .. Mmpo =    50 DW = 3.58e-20 Error = 1.89e-10 NNZ =     2448 SPT = 0.0208 Tsvd = 0.001 T = 0.024
 Site =   119 /   169 .. Mmpo =    49 DW = 1.24e-17 Error = 3.52e-09 NNZ =     2399 SPT = 0.0208 Tsvd = 0.001 T = 0.024
 Site =   120 /   169 .. Mmpo =    48 DW = 4.42e-18 Error = 2.10e-09 NNZ =     2302 SPT = 0.0213 Tsvd = 0.001 T = 0.023
 Site =   121 /   169 .. Mmpo =    47 DW = 4.43e-17 Error = 6.65e-09 NNZ =     2207 SPT = 0.0217 Tsvd = 0.001 T = 0.022
 Site =   122 /   169 .. Mmpo =    47 DW = 6.13e-20 Error = 2.48e-10 NNZ =     2161 SPT = 0.0217 Tsvd = 0.001 T = 0.021
 Site =   123 /   169 .. Mmpo =    46 DW = 2.00e-17 Error = 4.47e-09 NNZ =     2114 SPT = 0.0222 Tsvd = 0.001 T = 0.021
 Site =   124 /   169 .. Mmpo =    46 DW = 1.32e-37 Error = 3.55e-13 NNZ =     2069 SPT = 0.0222 Tsvd = 0.001 T = 0.020
 Site =   125 /   169 .. Mmpo =    45 DW = 3.78e-39 Error = 5.00e-13 NNZ =     2023 SPT = 0.0227 Tsvd = 0.001 T = 0.020
 Site =   126 /   169 .. Mmpo =    44 DW = 7.57e-38 Error = 3.56e-13 NNZ =     1933 SPT = 0.0237 Tsvd = 0.001 T = 0.019
 Site =   127 /   169 .. Mmpo =    43 DW = 2.65e-39 Error = 4.52e-13 NNZ =     1849 SPT = 0.0227 Tsvd = 0.001 T = 0.018
 Site =   128 /   169 .. Mmpo =    42 DW = 1.95e-38 Error = 5.39e-13 NNZ =     1763 SPT = 0.0238 Tsvd = 0.001 T = 0.017
 Site =   129 /   169 .. Mmpo =    41 DW = 4.09e-37 Error = 1.08e-12 NNZ =     1680 SPT = 0.0244 Tsvd = 0.001 T = 0.016
 Site =   130 /   169 .. Mmpo =    40 DW = 1.12e-37 Error = 7.34e-12 NNZ =     1600 SPT = 0.0244 Tsvd = 0.001 T = 0.016
 Site =   131 /   169 .. Mmpo =    39 DW = 1.64e-38 Error = 7.96e-12 NNZ =     1521 SPT = 0.0250 Tsvd = 0.001 T = 0.015
 Site =   132 /   169 .. Mmpo =    38 DW = 2.02e-39 Error = 3.70e-13 NNZ =     1444 SPT = 0.0256 Tsvd = 0.000 T = 0.015
 Site =   133 /   169 .. Mmpo =    37 DW = 6.80e-39 Error = 9.16e-13 NNZ =     1369 SPT = 0.0263 Tsvd = 0.000 T = 0.014
 Site =   134 /   169 .. Mmpo =    36 DW = 5.33e-38 Error = 3.11e-13 NNZ =     1296 SPT = 0.0270 Tsvd = 0.000 T = 0.013
 Site =   135 /   169 .. Mmpo =    35 DW = 7.14e-39 Error = 3.61e-13 NNZ =     1225 SPT = 0.0278 Tsvd = 0.000 T = 0.012
 Site =   136 /   169 .. Mmpo =    34 DW = 2.36e-39 Error = 3.43e-13 NNZ =     1156 SPT = 0.0286 Tsvd = 0.000 T = 0.014
 Site =   137 /   169 .. Mmpo =    33 DW = 2.09e-38 Error = 5.13e-13 NNZ =     1089 SPT = 0.0294 Tsvd = 0.000 T = 0.011
 Site =   138 /   169 .. Mmpo =    32 DW = 2.31e-38 Error = 2.77e-13 NNZ =     1024 SPT = 0.0303 Tsvd = 0.000 T = 0.011
 Site =   139 /   169 .. Mmpo =    31 DW = 1.17e-38 Error = 8.04e-12 NNZ =      961 SPT = 0.0312 Tsvd = 0.000 T = 0.010
 Site =   140 /   169 .. Mmpo =    30 DW = 6.76e-39 Error = 6.82e-12 NNZ =      900 SPT = 0.0323 Tsvd = 0.000 T = 0.009
 Site =   141 /   169 .. Mmpo =    29 DW = 8.71e-39 Error = 4.60e-12 NNZ =      841 SPT = 0.0333 Tsvd = 0.000 T = 0.009
 Site =   142 /   169 .. Mmpo =    28 DW = 1.40e-39 Error = 5.74e-13 NNZ =      784 SPT = 0.0345 Tsvd = 0.000 T = 0.008
 Site =   143 /   169 .. Mmpo =    27 DW = 3.10e-38 Error = 3.94e-12 NNZ =      729 SPT = 0.0357 Tsvd = 0.000 T = 0.008
 Site =   144 /   169 .. Mmpo =    26 DW = 9.57e-39 Error = 4.35e-12 NNZ =      676 SPT = 0.0370 Tsvd = 0.000 T = 0.007
 Site =   145 /   169 .. Mmpo =    25 DW = 7.45e-39 Error = 5.46e-12 NNZ =      625 SPT = 0.0385 Tsvd = 0.000 T = 0.007
 Site =   146 /   169 .. Mmpo =    24 DW = 6.17e-39 Error = 5.45e-12 NNZ =      576 SPT = 0.0400 Tsvd = 0.000 T = 0.006
 Site =   147 /   169 .. Mmpo =    23 DW = 1.89e-38 Error = 5.09e-12 NNZ =      529 SPT = 0.0417 Tsvd = 0.000 T = 0.006
 Site =   148 /   169 .. Mmpo =    22 DW = 6.12e-39 Error = 4.94e-12 NNZ =      484 SPT = 0.0435 Tsvd = 0.000 T = 0.005
 Site =   149 /   169 .. Mmpo =    21 DW = 1.63e-40 Error = 3.69e-12 NNZ =      441 SPT = 0.0455 Tsvd = 0.000 T = 0.005
 Site =   150 /   169 .. Mmpo =    20 DW = 1.87e-38 Error = 4.58e-12 NNZ =      400 SPT = 0.0476 Tsvd = 0.000 T = 0.004
 Site =   151 /   169 .. Mmpo =    19 DW = 2.61e-40 Error = 4.27e-12 NNZ =      361 SPT = 0.0500 Tsvd = 0.000 T = 0.004
 Site =   152 /   169 .. Mmpo =    18 DW = 6.48e-39 Error = 4.03e-12 NNZ =      324 SPT = 0.0526 Tsvd = 0.000 T = 0.004
 Site =   153 /   169 .. Mmpo =    17 DW = 9.32e-39 Error = 3.42e-12 NNZ =      289 SPT = 0.0556 Tsvd = 0.000 T = 0.003
 Site =   154 /   169 .. Mmpo =    16 DW = 1.31e-41 Error = 2.58e-12 NNZ =      256 SPT = 0.0588 Tsvd = 0.000 T = 0.003
 Site =   155 /   169 .. Mmpo =    15 DW = 4.84e-39 Error = 1.80e-12 NNZ =      225 SPT = 0.0625 Tsvd = 0.000 T = 0.003
 Site =   156 /   169 .. Mmpo =    14 DW = 3.98e-39 Error = 2.41e-13 NNZ =      196 SPT = 0.0667 Tsvd = 0.000 T = 0.002
 Site =   157 /   169 .. Mmpo =    13 DW = 7.60e-40 Error = 2.41e-13 NNZ =      169 SPT = 0.0714 Tsvd = 0.000 T = 0.002
 Site =   158 /   169 .. Mmpo =    12 DW = 3.34e-42 Error = 5.96e-13 NNZ =      144 SPT = 0.0769 Tsvd = 0.000 T = 0.002
 Site =   159 /   169 .. Mmpo =    11 DW = 3.19e-39 Error = 1.80e-13 NNZ =      121 SPT = 0.0833 Tsvd = 0.015 T = 0.016
 Site =   160 /   169 .. Mmpo =    10 DW = 1.08e-38 Error = 1.83e-13 NNZ =      100 SPT = 0.0909 Tsvd = 0.000 T = 0.001
 Site =   161 /   169 .. Mmpo =     9 DW = 3.22e-39 Error = 3.23e-13 NNZ =       81 SPT = 0.1000 Tsvd = 0.000 T = 0.001
 Site =   162 /   169 .. Mmpo =     8 DW = 2.32e-40 Error = 2.76e-13 NNZ =       64 SPT = 0.1111 Tsvd = 0.000 T = 0.001
 Site =   163 /   169 .. Mmpo =     7 DW = 4.82e-39 Error = 1.92e-13 NNZ =       49 SPT = 0.1250 Tsvd = 0.000 T = 0.001
 Site =   164 /   169 .. Mmpo =     6 DW = 3.02e-39 Error = 1.52e-13 NNZ =       36 SPT = 0.1429 Tsvd = 0.000 T = 0.001
 Site =   165 /   169 .. Mmpo =     5 DW = 3.98e-40 Error = 3.56e-13 NNZ =       25 SPT = 0.1667 Tsvd = 0.000 T = 0.000
 Site =   166 /   169 .. Mmpo =     4 DW = 7.97e-40 Error = 3.52e-13 NNZ =       16 SPT = 0.2000 Tsvd = 0.007 T = 0.007
 Site =   167 /   169 .. Mmpo =     3 DW = 0.00e+00 Error = 1.33e-13 NNZ =        9 SPT = 0.2500 Tsvd = 0.000 T = 0.000
 Site =   168 /   169 .. Mmpo =     1 DW = 0.00e+00 Error = 7.08e-14 NNZ =        3 SPT = 0.0000 Tsvd = 0.000 T = 0.000
Ttotal =      4.915 Tsvd-total = 0.296 MPO bond dimension =    59 MaxDW = 1.19e-16 Total error = 5.45e-08
NNZ =       303642 SIZE =       310317 SPT = 0.0215

Rank =     0 Ttotal =      4.951 MPO method = FastSVD bond dimension =      59 NNZ =       303642 SIZE =       310317 SPT = 0.0215
Environment initialization | Nsites =   169 | Center =    96
 INIT-L --> Site =    1 ..  Bmem =   128 B Rmem =   128 B T = 0.04
 INIT-L --> Site =    2 ..  Bmem =   640 B Rmem =   640 B T = 0.02
 INIT-L --> Site =    3 ..  Bmem = 3.00 KB Rmem = 3.00 KB T = 0.02
 INIT-L --> Site =    4 ..  Bmem = 14.0 KB Rmem = 14.0 KB T = 0.02
 INIT-L --> Site =    5 ..  Bmem = 64.0 KB Rmem = 64.0 KB T = 0.01
 INIT-L --> Site =    6 ..  Bmem =  288 KB Rmem =  288 KB T = 0.02
 INIT-L --> Site =    7 ..  Bmem = 1.25 MB Rmem = 1.25 MB T = 0.02
 INIT-L --> Site =    8 ..  Bmem = 5.50 MB Rmem = 5.50 MB T = 0.08
 INIT-L --> Site =    9 ..  Bmem = 24.0 MB Rmem = 23.3 MB T = 0.49
 INIT-L --> Site =   10 ..  Bmem =  101 MB Rmem = 30.0 MB T = 1.28
 INIT-L --> Site =   11 ..  Bmem =  129 MB Rmem = 32.3 MB T = 1.71
 INIT-L --> Site =   12 ..  Bmem =  138 MB Rmem = 34.6 MB T = 1.95
 INIT-L --> Site =   13 ..  Bmem =  148 MB Rmem = 36.9 MB T = 2.24
 INIT-L --> Site =   14 ..  Bmem =  157 MB Rmem = 39.2 MB T = 2.49
 INIT-L --> Site =   15 ..  Bmem =  166 MB Rmem = 41.5 MB T = 2.76
 INIT-L --> Site =   16 ..  Bmem =  175 MB Rmem = 43.8 MB T = 3.05
 INIT-L --> Site =   17 ..  Bmem =  185 MB Rmem = 46.2 MB T = 3.37
 INIT-L --> Site =   18 ..  Bmem =  194 MB Rmem = 48.5 MB T = 3.70
 INIT-L --> Site =   19 ..  Bmem =  203 MB Rmem = 50.8 MB T = 13.76
 INIT-L --> Site =   20 ..  Bmem =  212 MB Rmem = 53.1 MB T = 4.53
 INIT-L --> Site =   21 ..  Bmem =  222 MB Rmem = 55.4 MB T = 4.81
 INIT-L --> Site =   22 ..  Bmem =  231 MB Rmem = 57.7 MB T = 5.20
 INIT-L --> Site =   23 ..  Bmem =  240 MB Rmem = 60.0 MB T = 5.65
 INIT-L --> Site =   24 ..  Bmem =  249 MB Rmem = 62.3 MB T = 6.29
 INIT-L --> Site =   25 ..  Bmem =  258 MB Rmem = 64.6 MB T = 6.63
 INIT-L --> Site =   26 ..  Bmem =  268 MB Rmem = 66.9 MB T = 7.02
 INIT-L --> Site =   27 ..  Bmem =  277 MB Rmem = 69.2 MB T = 7.52
 INIT-L --> Site =   28 ..  Bmem =  286 MB Rmem = 71.5 MB T = 7.98
 INIT-L --> Site =   29 ..  Bmem =  295 MB Rmem = 73.9 MB T = 8.51
 INIT-L --> Site =   30 ..  Bmem =  305 MB Rmem = 76.2 MB T = 9.06
 INIT-L --> Site =   31 ..  Bmem =  314 MB Rmem = 78.5 MB T = 9.55
 INIT-L --> Site =   32 ..  Bmem =  323 MB Rmem = 80.8 MB T = 10.11
 INIT-L --> Site =   33 ..  Bmem =  332 MB Rmem = 83.1 MB T = 10.70
 INIT-L --> Site =   34 ..  Bmem =  342 MB Rmem = 85.4 MB T = 11.31
 INIT-L --> Site =   35 ..  Bmem =  351 MB Rmem = 87.7 MB T = 11.93
 INIT-L --> Site =   36 ..  Bmem =  360 MB Rmem = 90.0 MB T = 12.52
 INIT-L --> Site =   37 ..  Bmem =  369 MB Rmem = 92.3 MB T = 13.17
 INIT-L --> Site =   38 ..  Bmem =  378 MB Rmem = 94.6 MB T = 13.81
 INIT-L --> Site =   39 ..  Bmem =  388 MB Rmem = 96.9 MB T = 14.51
 INIT-L --> Site =   40 ..  Bmem =  397 MB Rmem = 99.2 MB T = 15.17
 INIT-L --> Site =   41 ..  Bmem =  406 MB Rmem =  102 MB T = 15.87
 INIT-L --> Site =   42 ..  Bmem =  415 MB Rmem =  104 MB T = 16.65
 INIT-L --> Site =   43 ..  Bmem =  425 MB Rmem =  106 MB T = 17.25
 INIT-L --> Site =   44 ..  Bmem =  434 MB Rmem =  108 MB T = 18.06
 INIT-L --> Site =   45 ..  Bmem =  434 MB Rmem =  108 MB T = 18.50
 INIT-L --> Site =   46 ..  Bmem =  443 MB Rmem =  111 MB T = 18.85
 INIT-L --> Site =   47 ..  Bmem =  443 MB Rmem =  111 MB T = 19.21
 INIT-L --> Site =   48 ..  Bmem =  452 MB Rmem =  113 MB T = 19.90
 INIT-L --> Site =   49 ..  Bmem =  462 MB Rmem =  115 MB T = 20.42
 INIT-L --> Site =   50 ..  Bmem =  471 MB Rmem =  118 MB T = 21.21
 INIT-L --> Site =   51 ..  Bmem =  471 MB Rmem =  118 MB T = 21.55
 INIT-L --> Site =   52 ..  Bmem =  480 MB Rmem =  120 MB T = 22.16
 INIT-L --> Site =   53 ..  Bmem =  480 MB Rmem =  120 MB T = 22.76
 INIT-L --> Site =   54 ..  Bmem =  489 MB Rmem =  122 MB T = 22.86
 INIT-L --> Site =   55 ..  Bmem =  499 MB Rmem =  125 MB T = 23.75
 INIT-L --> Site =   56 ..  Bmem =  499 MB Rmem =  125 MB T = 24.22
 INIT-L --> Site =   57 ..  Bmem =  508 MB Rmem =  127 MB T = 24.61
 INIT-L --> Site =   58 ..  Bmem =  508 MB Rmem =  127 MB T = 25.04
 INIT-L --> Site =   59 ..  Bmem =  517 MB Rmem =  129 MB T = 25.50
 INIT-L --> Site =   60 ..  Bmem =  517 MB Rmem =  129 MB T = 25.86
 INIT-L --> Site =   61 ..  Bmem =  517 MB Rmem =  129 MB T = 26.03
 INIT-L --> Site =   62 ..  Bmem =  526 MB Rmem =  132 MB T = 26.46
 INIT-L --> Site =   63 ..  Bmem =  526 MB Rmem =  132 MB T = 26.93
 INIT-L --> Site =   64 ..  Bmem =  526 MB Rmem =  132 MB T = 26.86
 INIT-L --> Site =   65 ..  Bmem =  526 MB Rmem =  132 MB T = 26.87
 INIT-L --> Site =   66 ..  Bmem =  535 MB Rmem =  134 MB T = 27.38
 INIT-L --> Site =   67 ..  Bmem =  535 MB Rmem =  134 MB T = 27.76
 INIT-L --> Site =   68 ..  Bmem =  545 MB Rmem =  136 MB T = 28.21
 INIT-L --> Site =   69 ..  Bmem =  545 MB Rmem =  136 MB T = 28.73
 INIT-L --> Site =   70 ..  Bmem =  545 MB Rmem =  136 MB T = 28.87
 INIT-L --> Site =   71 ..  Bmem =  545 MB Rmem =  136 MB T = 28.72
 INIT-L --> Site =   72 ..  Bmem =  545 MB Rmem =  136 MB T = 28.72
 INIT-L --> Site =   73 ..  Bmem =  545 MB Rmem =  136 MB T = 28.66
 INIT-L --> Site =   74 ..  Bmem =  554 MB Rmem =  138 MB T = 29.24
 INIT-L --> Site =   75 ..  Bmem =  554 MB Rmem =  138 MB T = 29.78
 INIT-L --> Site =   76 ..  Bmem =  554 MB Rmem =  138 MB T = 29.70
 INIT-L --> Site =   77 ..  Bmem =  554 MB Rmem =  138 MB T = 29.75
 INIT-L --> Site =   78 ..  Bmem =  554 MB Rmem =  138 MB T = 29.65
 INIT-L --> Site =   79 ..  Bmem =  554 MB Rmem =  138 MB T = 29.79
 INIT-L --> Site =   80 ..  Bmem =  554 MB Rmem =  138 MB T = 29.64
 INIT-L --> Site =   81 ..  Bmem =  554 MB Rmem =  138 MB T = 29.69
 INIT-L --> Site =   82 ..  Bmem =  554 MB Rmem =  138 MB T = 29.66
 INIT-L --> Site =   83 ..  Bmem =  554 MB Rmem =  138 MB T = 29.55
 INIT-L --> Site =   84 ..  Bmem =  554 MB Rmem =  138 MB T = 29.76
 INIT-L --> Site =   85 ..  Bmem =  554 MB Rmem =  138 MB T = 29.53
 INIT-L --> Site =   86 ..  Bmem =  554 MB Rmem =  138 MB T = 29.63
 INIT-L --> Site =   87 ..  Bmem =  554 MB Rmem =  138 MB T = 29.66
 INIT-L --> Site =   88 ..  Bmem =  554 MB Rmem =  138 MB T = 29.61
 INIT-L --> Site =   89 ..  Bmem =  545 MB Rmem =  136 MB T = 29.13
 INIT-L --> Site =   90 ..  Bmem =  554 MB Rmem =  138 MB T = 29.16
 INIT-L --> Site =   91 ..  Bmem =  554 MB Rmem =  138 MB T = 29.73
 INIT-L --> Site =   92 ..  Bmem =  554 MB Rmem =  138 MB T = 29.67
 INIT-L --> Site =   93 ..  Bmem =  545 MB Rmem =  136 MB T = 29.20
 INIT-L --> Site =   94 ..  Bmem =  545 MB Rmem =  136 MB T = 28.78
 INIT-L --> Site =   95 ..  Bmem =  545 MB Rmem =  136 MB T = 28.72
 INIT-L --> Site =   96 ..  Bmem =  545 MB Rmem =  136 MB T = 28.74
 INIT-R <-- Site =  167 ..  Bmem =   128 B Rmem =   128 B T = 0.01
 INIT-R <-- Site =  166 ..  Bmem =   640 B Rmem =   640 B T = 0.01
 INIT-R <-- Site =  165 ..  Bmem = 3.00 KB Rmem = 3.00 KB T = 0.01
 INIT-R <-- Site =  164 ..  Bmem = 14.0 KB Rmem = 12.3 KB T = 0.02
 INIT-R <-- Site =  163 ..  Bmem = 56.2 KB Rmem = 56.2 KB T = 0.01
 INIT-R <-- Site =  162 ..  Bmem =  253 KB Rmem =  253 KB T = 0.01
 INIT-R <-- Site =  161 ..  Bmem = 1.10 MB Rmem = 1.10 MB T = 0.02
 INIT-R <-- Site =  160 ..  Bmem = 4.83 MB Rmem = 4.83 MB T = 0.04
 INIT-R <-- Site =  159 ..  Bmem = 21.1 MB Rmem = 21.1 MB T = 0.17
 INIT-R <-- Site =  158 ..  Bmem = 91.4 MB Rmem = 30.0 MB T = 0.47
 INIT-R <-- Site =  157 ..  Bmem =  129 MB Rmem = 32.3 MB T = 0.63
 INIT-R <-- Site =  156 ..  Bmem =  138 MB Rmem = 34.6 MB T = 0.68
 INIT-R <-- Site =  155 ..  Bmem =  148 MB Rmem = 36.9 MB T = 0.72
 INIT-R <-- Site =  154 ..  Bmem =  157 MB Rmem = 39.2 MB T = 0.79
 INIT-R <-- Site =  153 ..  Bmem =  166 MB Rmem = 41.5 MB T = 0.84
 INIT-R <-- Site =  152 ..  Bmem =  175 MB Rmem = 43.8 MB T = 0.89
 INIT-R <-- Site =  151 ..  Bmem =  185 MB Rmem = 46.2 MB T = 0.99
 INIT-R <-- Site =  150 ..  Bmem =  194 MB Rmem = 48.5 MB T = 1.02
 INIT-R <-- Site =  149 ..  Bmem =  203 MB Rmem = 50.8 MB T = 1.08
 INIT-R <-- Site =  148 ..  Bmem =  212 MB Rmem = 53.1 MB T = 1.13
 INIT-R <-- Site =  147 ..  Bmem =  222 MB Rmem = 55.4 MB T = 1.21
 INIT-R <-- Site =  146 ..  Bmem =  231 MB Rmem = 57.7 MB T = 1.37
 INIT-R <-- Site =  145 ..  Bmem =  240 MB Rmem = 60.0 MB T = 1.39
 INIT-R <-- Site =  144 ..  Bmem =  249 MB Rmem = 62.3 MB T = 1.46
 INIT-R <-- Site =  143 ..  Bmem =  258 MB Rmem = 64.6 MB T = 1.55
 INIT-R <-- Site =  142 ..  Bmem =  268 MB Rmem = 66.9 MB T = 1.57
 INIT-R <-- Site =  141 ..  Bmem =  277 MB Rmem = 69.2 MB T = 1.61
 INIT-R <-- Site =  140 ..  Bmem =  286 MB Rmem = 71.5 MB T = 1.69
 INIT-R <-- Site =  139 ..  Bmem =  295 MB Rmem = 73.9 MB T = 1.78
 INIT-R <-- Site =  138 ..  Bmem =  305 MB Rmem = 76.2 MB T = 1.82
 INIT-R <-- Site =  137 ..  Bmem =  314 MB Rmem = 78.5 MB T = 1.98
 INIT-R <-- Site =  136 ..  Bmem =  323 MB Rmem = 80.8 MB T = 2.07
 INIT-R <-- Site =  135 ..  Bmem =  332 MB Rmem = 83.1 MB T = 2.10
 INIT-R <-- Site =  134 ..  Bmem =  342 MB Rmem = 85.4 MB T = 2.13
 INIT-R <-- Site =  133 ..  Bmem =  351 MB Rmem = 87.7 MB T = 2.19
 INIT-R <-- Site =  132 ..  Bmem =  360 MB Rmem = 90.0 MB T = 2.30
 INIT-R <-- Site =  131 ..  Bmem =  369 MB Rmem = 92.3 MB T = 2.37
 INIT-R <-- Site =  130 ..  Bmem =  378 MB Rmem = 94.6 MB T = 2.52
 INIT-R <-- Site =  129 ..  Bmem =  388 MB Rmem = 96.9 MB T = 2.55
 INIT-R <-- Site =  128 ..  Bmem =  397 MB Rmem = 99.2 MB T = 2.63
 INIT-R <-- Site =  127 ..  Bmem =  406 MB Rmem =  102 MB T = 2.69
 INIT-R <-- Site =  126 ..  Bmem =  415 MB Rmem =  104 MB T = 2.78
 INIT-R <-- Site =  125 ..  Bmem =  425 MB Rmem =  106 MB T = 2.91
 INIT-R <-- Site =  124 ..  Bmem =  434 MB Rmem =  108 MB T = 2.97
 INIT-R <-- Site =  123 ..  Bmem =  434 MB Rmem =  108 MB T = 2.99
 INIT-R <-- Site =  122 ..  Bmem =  443 MB Rmem =  111 MB T = 3.06
 INIT-R <-- Site =  121 ..  Bmem =  443 MB Rmem =  111 MB T = 3.15
 INIT-R <-- Site =  120 ..  Bmem =  452 MB Rmem =  113 MB T = 3.16
 INIT-R <-- Site =  119 ..  Bmem =  462 MB Rmem =  115 MB T = 3.23
 INIT-R <-- Site =  118 ..  Bmem =  471 MB Rmem =  118 MB T = 3.41
 INIT-R <-- Site =  117 ..  Bmem =  471 MB Rmem =  118 MB T = 3.42
 INIT-R <-- Site =  116 ..  Bmem =  471 MB Rmem =  118 MB T = 3.97
 INIT-R <-- Site =  115 ..  Bmem =  480 MB Rmem =  120 MB T = 3.39
 INIT-R <-- Site =  114 ..  Bmem =  489 MB Rmem =  122 MB T = 3.59
 INIT-R <-- Site =  113 ..  Bmem =  499 MB Rmem =  125 MB T = 8.34
 INIT-R <-- Site =  112 ..  Bmem =  499 MB Rmem =  125 MB T = 3.78
 INIT-R <-- Site =  111 ..  Bmem =  508 MB Rmem =  127 MB T = 3.75
 INIT-R <-- Site =  110 ..  Bmem =  508 MB Rmem =  127 MB T = 3.72
 INIT-R <-- Site =  109 ..  Bmem =  508 MB Rmem =  127 MB T = 3.78
 INIT-R <-- Site =  108 ..  Bmem =  508 MB Rmem =  127 MB T = 3.75
 INIT-R <-- Site =  107 ..  Bmem =  517 MB Rmem =  129 MB T = 3.83
 INIT-R <-- Site =  106 ..  Bmem =  517 MB Rmem =  129 MB T = 3.82
 INIT-R <-- Site =  105 ..  Bmem =  517 MB Rmem =  129 MB T = 3.83
 INIT-R <-- Site =  104 ..  Bmem =  526 MB Rmem =  132 MB T = 4.00
 INIT-R <-- Site =  103 ..  Bmem =  526 MB Rmem =  132 MB T = 3.91
 INIT-R <-- Site =  102 ..  Bmem =  535 MB Rmem =  134 MB T = 3.97
 INIT-R <-- Site =  101 ..  Bmem =  535 MB Rmem =  134 MB T = 4.02
 INIT-R <-- Site =  100 ..  Bmem =  545 MB Rmem =  136 MB T = 4.09
 INIT-R <-- Site =   99 ..  Bmem =  545 MB Rmem =  136 MB T = 4.11
 INIT-R <-- Site =   98 ..  Bmem =  545 MB Rmem =  136 MB T = 4.15
 INIT-R <-- Site =   97 ..  Bmem =  545 MB Rmem =  136 MB T = 4.14
 INIT-R <-- Site =   96 ..  Bmem =  545 MB Rmem =  136 MB T = 4.17
Time init sweep =     1862.892 | MaxBmem =  554 MB | MaxRmem =  138 MB
 | Tread = 0.000 | Twrite = 54.822 | Tfpread = 0.000 | Tfpwrite = 20.201 | data = 14.9 GB | cpsd = 10.9 GB | Tasync = 0.000


Sweep =   59 | Direction = backward | Bond dimension =  550 | Noise =  0.00e+00 | Dav threshold =  1.00e-06
 <-- Site =   96 .. Mmps =  550 Ndav =   1 E =     -0.0000018246 Error = 9.93e-16 FLOPS = 2.62e+10 Tdav = 0.74 T = 28.81
 <-- Site =   95 .. Mmps =  550 Ndav =   1 E =    -88.3646795261 Error = 1.17e-16 FLOPS = 3.17e+10 Tdav = 1.83 T = 33.95
 <-- Site =   94 .. Mmps =  550 Ndav =   1 E =    -88.3646795261 Error = 8.44e-19 FLOPS = 3.15e+10 Tdav = 1.84 T = 34.28
 <-- Site =   93 .. Mmps =  550 Ndav =   1 E =    -88.3646795261 Error = 3.70e-18 FLOPS = 3.19e+10 Tdav = 1.81 T = 34.23
 <-- Site =   92 .. Mmps =  550 Ndav =   1 E =    -88.3646795261 Error = 3.60e-18 FLOPS = 3.15e+10 Tdav = 1.84 T = 34.75
 <-- Site =   91 .. Mmps =  550 Ndav =   2 E =    -88.3646795479 Error = 2.31e-17 FLOPS = 3.25e+10 Tdav = 3.62 T = 41.69
 <-- Site =   90 .. Mmps =  550 Ndav =   1 E =    -88.3646795479 Error = 5.52e-18 FLOPS = 3.15e+10 Tdav = 1.87 T = 35.54
 <-- Site =   89 .. Mmps =  550 Ndav =   1 E =    -88.3646795479 Error = 7.21e-18 FLOPS = 3.18e+10 Tdav = 1.85 T = 34.96
 <-- Site =   88 .. Mmps =  550 Ndav =   1 E =    -88.3646795479 Error = 1.62e-18 FLOPS = 3.17e+10 Tdav = 1.83 T = 34.86
 <-- Site =   87 .. Mmps =  550 Ndav =   1 E =    -88.3646795479 Error = 7.23e-18 FLOPS = 3.19e+10 Tdav = 1.85 T = 35.41
 <-- Site =   86 .. Mmps =  550 Ndav =   1 E =    -88.3646795479 Error = 2.46e-18 FLOPS = 3.17e+10 Tdav = 1.86 T = 35.53
 <-- Site =   85 .. Mmps =  550 Ndav =   2 E =    -88.3646795792 Error = 2.10e-18 FLOPS = 3.26e+10 Tdav = 3.62 T = 37.34
 <-- Site =   84 .. Mmps =  550 Ndav =   1 E =    -88.3646795792 Error = 9.79e-19 FLOPS = 3.16e+10 Tdav = 1.86 T = 35.17
 <-- Site =   83 .. Mmps =  550 Ndav =   1 E =    -88.3646795792 Error = 2.18e-18 FLOPS = 3.18e+10 Tdav = 1.85 T = 35.50
 <-- Site =   82 .. Mmps =  550 Ndav =   1 E =    -88.3646795792 Error = 8.02e-19 FLOPS = 3.16e+10 Tdav = 1.86 T = 35.59
 <-- Site =   81 .. Mmps =  550 Ndav =   1 E =    -88.3646795792 Error = 4.29e-18 FLOPS = 3.16e+10 Tdav = 1.86 T = 35.31
 <-- Site =   80 .. Mmps =  550 Ndav =   1 E =    -88.3646795792 Error = 1.54e-18 FLOPS = 3.17e+10 Tdav = 1.86 T = 35.44
 <-- Site =   79 .. Mmps =  550 Ndav =   1 E =    -88.3646795792 Error = 5.13e-18 FLOPS = 3.16e+10 Tdav = 1.86 T = 35.25
 <-- Site =   78 .. Mmps =  550 Ndav =   1 E =    -88.3646795792 Error = 3.63e-18 FLOPS = 3.16e+10 Tdav = 1.86 T = 35.61
 <-- Site =   77 .. Mmps =  550 Ndav =   1 E =    -88.3646795792 Error = 3.60e-18 FLOPS = 3.15e+10 Tdav = 1.87 T = 35.61
 <-- Site =   76 .. Mmps =  550 Ndav =   1 E =    -88.3646795792 Error = 3.22e-18 FLOPS = 3.17e+10 Tdav = 1.86 T = 35.50
 <-- Site =   75 .. Mmps =  550 Ndav =   1 E =    -88.3646795792 Error = 1.40e-18 FLOPS = 3.15e+10 Tdav = 1.87 T = 35.66
 <-- Site =   74 .. Mmps =  550 Ndav =   1 E =    -88.3646795792 Error = 4.98e-18 FLOPS = 3.16e+10 Tdav = 1.86 T = 35.66
 <-- Site =   73 .. Mmps =  550 Ndav =   1 E =    -88.3646795792 Error = 1.12e-18 FLOPS = 3.17e+10 Tdav = 1.86 T = 35.27
 <-- Site =   72 .. Mmps =  550 Ndav =   1 E =    -88.3646795792 Error = 4.64e-18 FLOPS = 3.15e+10 Tdav = 1.84 T = 34.44
 <-- Site =   71 .. Mmps =  550 Ndav =   1 E =    -88.3646795792 Error = 3.06e-18 FLOPS = 3.16e+10 Tdav = 1.83 T = 34.64
 <-- Site =   70 .. Mmps =  550 Ndav =   2 E =    -88.3646796026 Error = 4.89e-18 FLOPS = 3.25e+10 Tdav = 3.56 T = 36.22
 <-- Site =   69 .. Mmps =  550 Ndav =   1 E =    -88.3646796026 Error = 2.90e-18 FLOPS = 3.15e+10 Tdav = 1.84 T = 34.55
 <-- Site =   68 .. Mmps =  550 Ndav =   1 E =    -88.3646796026 Error = 1.34e-18 FLOPS = 3.17e+10 Tdav = 1.83 T = 34.51
 <-- Site =   67 .. Mmps =  550 Ndav =   1 E =    -88.3646796026 Error = 7.61e-19 FLOPS = 3.14e+10 Tdav = 1.84 T = 34.19
 <-- Site =   66 .. Mmps =  550 Ndav =   1 E =    -88.3646796026 Error = 3.17e-18 FLOPS = 3.17e+10 Tdav = 1.80 T = 33.44
 <-- Site =   65 .. Mmps =  550 Ndav =   1 E =    -88.3646796026 Error = 1.30e-17 FLOPS = 3.16e+10 Tdav = 1.80 T = 32.84
 <-- Site =   64 .. Mmps =  550 Ndav =   1 E =    -88.3646796026 Error = 6.84e-18 FLOPS = 3.15e+10 Tdav = 1.78 T = 32.42
 <-- Site =   63 .. Mmps =  550 Ndav =   1 E =    -88.3646796026 Error = 3.45e-18 FLOPS = 3.16e+10 Tdav = 1.77 T = 32.52
 <-- Site =   62 .. Mmps =  550 Ndav =   1 E =    -88.3646796026 Error = 1.07e-17 FLOPS = 3.15e+10 Tdav = 1.77 T = 32.53
 <-- Site =   61 .. Mmps =  550 Ndav =   1 E =    -88.3646796026 Error = 2.67e-17 FLOPS = 3.16e+10 Tdav = 1.77 T = 32.10
 <-- Site =   60 .. Mmps =  550 Ndav =   1 E =    -88.3646796026 Error = 3.63e-18 FLOPS = 3.16e+10 Tdav = 1.74 T = 31.47
 <-- Site =   59 .. Mmps =  550 Ndav =   1 E =    -88.3646796026 Error = 6.04e-18 FLOPS = 3.15e+10 Tdav = 1.74 T = 31.48
 <-- Site =   58 .. Mmps =  550 Ndav =   1 E =    -88.3646796026 Error = 1.11e-18 FLOPS = 3.17e+10 Tdav = 1.73 T = 30.99
 <-- Site =   57 .. Mmps =  550 Ndav =   1 E =    -88.3646796026 Error = 2.86e-18 FLOPS = 3.14e+10 Tdav = 1.72 T = 38.41
 <-- Site =   56 .. Mmps =  550 Ndav =   1 E =    -88.3646796026 Error = 1.04e-18 FLOPS = 3.14e+10 Tdav = 1.72 T = 29.88
 <-- Site =   55 .. Mmps =  550 Ndav =   1 E =    -88.3646796026 Error = 3.59e-18 FLOPS = 3.14e+10 Tdav = 1.68 T = 29.38
 <-- Site =   54 .. Mmps =  550 Ndav =   1 E =    -88.3646796026 Error = 2.60e-17 FLOPS = 3.14e+10 Tdav = 1.69 T = 32.14
 <-- Site =   53 .. Mmps =  550 Ndav =   1 E =    -88.3646796026 Error = 7.95e-18 FLOPS = 3.15e+10 Tdav = 1.65 T = 27.97
 <-- Site =   52 .. Mmps =  550 Ndav =   1 E =    -88.3646796026 Error = 1.50e-17 FLOPS = 3.11e+10 Tdav = 1.64 T = 27.35
 <-- Site =   51 .. Mmps =  550 Ndav =   1 E =    -88.3646796026 Error = 1.25e-17 FLOPS = 3.14e+10 Tdav = 1.62 T = 27.03
 <-- Site =   50 .. Mmps =  550 Ndav =   1 E =    -88.3646796026 Error = 3.79e-18 FLOPS = 3.12e+10 Tdav = 1.60 T = 26.55
 <-- Site =   49 .. Mmps =  550 Ndav =   1 E =    -88.3646796026 Error = 4.88e-18 FLOPS = 3.11e+10 Tdav = 1.60 T = 26.05
 <-- Site =   48 .. Mmps =  550 Ndav =   1 E =    -88.3646796026 Error = 3.07e-18 FLOPS = 3.13e+10 Tdav = 1.57 T = 25.23
 <-- Site =   47 .. Mmps =  550 Ndav =   1 E =    -88.3646796026 Error = 4.23e-18 FLOPS = 3.14e+10 Tdav = 1.52 T = 24.29
 <-- Site =   46 .. Mmps =  550 Ndav =   1 E =    -88.3646796026 Error = 2.79e-18 FLOPS = 3.12e+10 Tdav = 1.50 T = 23.77
 <-- Site =   45 .. Mmps =  550 Ndav =   1 E =    -88.3646796026 Error = 2.70e-18 FLOPS = 3.12e+10 Tdav = 1.50 T = 23.38
 <-- Site =   44 .. Mmps =  550 Ndav =   1 E =    -88.3646796026 Error = 5.32e-18 FLOPS = 3.10e+10 Tdav = 1.48 T = 22.93
 <-- Site =   43 .. Mmps =  550 Ndav =   2 E =    -88.3646796220 Error = 4.49e-18 FLOPS = 3.23e+10 Tdav = 2.85 T = 23.88
 <-- Site =   42 .. Mmps =  550 Ndav =   2 E =    -88.3646796368 Error = 6.63e-18 FLOPS = 3.22e+10 Tdav = 2.79 T = 23.02
 <-- Site =   41 .. Mmps =  550 Ndav =   2 E =    -88.3646796469 Error = 4.94e-18 FLOPS = 3.21e+10 Tdav = 2.74 T = 22.15
 <-- Site =   40 .. Mmps =  550 Ndav =   1 E =    -88.3646796469 Error = 1.96e-18 FLOPS = 3.08e+10 Tdav = 1.39 T = 20.20
 <-- Site =   39 .. Mmps =  550 Ndav =   2 E =    -88.3646796705 Error = 1.32e-17 FLOPS = 3.20e+10 Tdav = 2.62 T = 20.51
 <-- Site =   38 .. Mmps =  550 Ndav =   1 E =    -88.3646796705 Error = 1.41e-17 FLOPS = 3.07e+10 Tdav = 1.33 T = 18.40
 <-- Site =   37 .. Mmps =  550 Ndav =   1 E =    -88.3646796705 Error = 2.54e-18 FLOPS = 3.09e+10 Tdav = 1.29 T = 17.62
 <-- Site =   36 .. Mmps =  550 Ndav =   1 E =    -88.3646796705 Error = 8.15e-18 FLOPS = 3.06e+10 Tdav = 1.27 T = 16.80
 <-- Site =   35 .. Mmps =  550 Ndav =   3 E =    -88.3646797122 Error = 3.92e-18 FLOPS = 3.21e+10 Tdav = 3.54 T = 18.36
 <-- Site =   34 .. Mmps =  550 Ndav =   3 E =    -88.3646797714 Error = 1.35e-17 FLOPS = 3.23e+10 Tdav = 3.43 T = 17.82
 <-- Site =   33 .. Mmps =  550 Ndav =   1 E =    -88.3646797714 Error = 3.42e-18 FLOPS = 3.03e+10 Tdav = 1.19 T = 14.73
 <-- Site =   32 .. Mmps =  550 Ndav =   1 E =    -88.3646797714 Error = 1.98e-18 FLOPS = 3.04e+10 Tdav = 1.15 T = 13.95
 <-- Site =   31 .. Mmps =  550 Ndav =   1 E =    -88.3646797714 Error = 8.92e-19 FLOPS = 3.03e+10 Tdav = 1.12 T = 13.33
 <-- Site =   30 .. Mmps =  550 Ndav =   1 E =    -88.3646797714 Error = 7.24e-18 FLOPS = 3.03e+10 Tdav = 1.09 T = 12.61
 <-- Site =   29 .. Mmps =  550 Ndav =   1 E =    -88.3646797714 Error = 3.65e-18 FLOPS = 3.00e+10 Tdav = 1.07 T = 12.10
 <-- Site =   28 .. Mmps =  550 Ndav =   1 E =    -88.3646797714 Error = 2.83e-18 FLOPS = 2.99e+10 Tdav = 1.03 T = 11.47
 <-- Site =   27 .. Mmps =  550 Ndav =   1 E =    -88.3646797714 Error = 2.27e-18 FLOPS = 2.97e+10 Tdav = 1.01 T = 10.83
 <-- Site =   26 .. Mmps =  550 Ndav =   1 E =    -88.3646797714 Error = 7.79e-18 FLOPS = 2.99e+10 Tdav = 0.97 T = 10.24
 <-- Site =   25 .. Mmps =  550 Ndav =   1 E =    -88.3646797714 Error = 2.00e-18 FLOPS = 2.95e+10 Tdav = 0.95 T = 15.77
 <-- Site =   24 .. Mmps =  550 Ndav =   1 E =    -88.3646797714 Error = 6.76e-19 FLOPS = 2.97e+10 Tdav = 0.91 T = 9.10
 <-- Site =   23 .. Mmps =  550 Ndav =   1 E =    -88.3646797714 Error = 1.23e-18 FLOPS = 2.94e+10 Tdav = 0.88 T = 8.60
 <-- Site =   22 .. Mmps =  550 Ndav =   1 E =    -88.3646797714 Error = 8.22e-19 FLOPS = 2.91e+10 Tdav = 0.86 T = 8.06
 <-- Site =   21 .. Mmps =  550 Ndav =   1 E =    -88.3646797714 Error = 5.20e-18 FLOPS = 2.89e+10 Tdav = 0.83 T = 7.58
 <-- Site =   20 .. Mmps =  550 Ndav =   1 E =    -88.3646797714 Error = 1.80e-18 FLOPS = 2.86e+10 Tdav = 0.80 T = 7.00
 <-- Site =   19 .. Mmps =  550 Ndav =   1 E =    -88.3646797714 Error = 1.77e-18 FLOPS = 2.88e+10 Tdav = 0.76 T = 6.51
 <-- Site =   18 .. Mmps =  550 Ndav =   1 E =    -88.3646797714 Error = 2.30e-18 FLOPS = 2.85e+10 Tdav = 0.74 T = 6.15
 <-- Site =   17 .. Mmps =  550 Ndav =   1 E =    -88.3646797714 Error = 3.07e-18 FLOPS = 2.82e+10 Tdav = 0.71 T = 5.69
 <-- Site =   16 .. Mmps =  550 Ndav =   1 E =    -88.3646797714 Error = 2.49e-18 FLOPS = 2.78e+10 Tdav = 0.68 T = 5.33
 <-- Site =   15 .. Mmps =  550 Ndav =   1 E =    -88.3646797714 Error = 2.86e-18 FLOPS = 2.75e+10 Tdav = 0.65 T = 4.86
 <-- Site =   14 .. Mmps =  550 Ndav =   1 E =    -88.3646797714 Error = 1.85e-18 FLOPS = 2.74e+10 Tdav = 0.62 T = 4.58
 <-- Site =   13 .. Mmps =  550 Ndav =   1 E =    -88.3646797714 Error = 1.12e-17 FLOPS = 2.72e+10 Tdav = 0.59 T = 4.09
 <-- Site =   12 .. Mmps =  550 Ndav =   1 E =    -88.3646797714 Error = 1.61e-17 FLOPS = 2.66e+10 Tdav = 0.56 T = 3.77
 <-- Site =   11 .. Mmps =  550 Ndav =   1 E =    -88.3646797714 Error = 7.41e-18 FLOPS = 2.65e+10 Tdav = 0.53 T = 3.42
 <-- Site =   10 .. Mmps =  550 Ndav =   1 E =    -88.3646797714 Error = 4.26e-19 FLOPS = 2.58e+10 Tdav = 0.50 T = 3.24
 <-- Site =    9 .. Mmps =  550 Ndav =   1 E =    -88.3646797714 Error = 5.15e-23 FLOPS = 2.47e+10 Tdav = 0.42 T = 2.61
 <-- Site =    8 .. Mmps =  550 Ndav =   1 E =    -88.3646797714 Error = 1.79e-33 FLOPS = 2.15e+10 Tdav = 0.15 T = 1.49
 <-- Site =    7 .. Mmps =  550 Ndav =   1 E =    -88.3646797714 Error = 8.88e-54 FLOPS = 1.79e+10 Tdav = 0.06 T = 1.24
 <-- Site =    6 .. Mmps =  550 Ndav =   1 E =    -88.3646797714 Error = 3.88e-74 FLOPS = 1.58e+10 Tdav = 0.03 T = 1.12
 <-- Site =    5 .. Mmps =  550 Ndav =   1 E =    -88.3646797714 Error = 1.90e-93 FLOPS = 1.38e+10 Tdav = 0.01 T = 0.91
 <-- Site =    4 .. Mmps =  550 Ndav =   1 E =    -88.3646797714 Error = 1.46e-105 FLOPS = 1.13e+10 Tdav = 0.01 T = 0.81
 <-- Site =    3 .. Mmps =  550 Ndav =   1 E =    -88.3646797714 Error = 2.62e-111 FLOPS = 7.93e+09 Tdav = 0.00 T = 0.82
 <-- Site =    2 .. Mmps =  550 Ndav =   1 E =    -88.3646797714 Error = 5.22e-106 FLOPS = 5.80e+09 Tdav = 0.00 T = 0.68
 <-- Site =    1 .. Mmps =  550 Ndav =   1 E =    -88.3646797714 Error = 4.28e-107 FLOPS = 3.33e+09 Tdav = 0.00 T = 0.72
 <-- Site =    0 .. Mmps =  548 Ndav =   1 E =    -88.3646797714 Error = 0.00e+00 FLOPS = 2.22e+09 Tdav = 0.00 T = 0.61
Time elapsed =   2142.450 | E =     -88.3646797714 | DE = -8.84e+01 | DW = 9.93484e-16
Time sweep =     2142.450 | 4.04 TFLOP/SWP
 | Dmem = 143 MB (3%) | Imem = 232 B (79%) | Hmem = 683 MB | Wmem = 4.62 MB | Pmem = 0 B
 | Tread = 94.603 | Twrite = 40.955 | Tfpread = 93.427 | Tfpwrite = 12.537 | Tmporead = 0.000 | Tasync = 0.000
 | data = 9.20 GB | cpsd = 6.20 GB
 | Trot = 123.810 | Tctr = 126.312 | Tint = 0.005 | Tmid = 0.000 | Tdctr = 0.008 | Tdiag = 1.148 | Tinfo = 1.532
 | Teff = 1620.435 | Tprt = 0.000 | Teig = 142.148 | Tblk = 1809.477 | Tmve = 332.956 | Tdm = 1.801 | Tsplt = 26.899 | Tsvd = 0.000 | Torth = 0.000

Sweep =   60 | Direction =  forward | Bond dimension =  550 | Noise =  0.00e+00 | Dav threshold =  1.00e-06
 --> Site =    0 .. Mmps =    2 Ndav =   1 E =    -88.3646797714 Error = 0.00e+00 FLOPS = 2.22e+09 Tdav = 0.00 T = 0.02
 --> Site =    1 .. Mmps =    4 Ndav =   1 E =    -88.3646797714 Error = 0.00e+00 FLOPS = 3.22e+09 Tdav = 0.00 T = 0.05
 --> Site =    2 .. Mmps =    8 Ndav =   1 E =    -88.3646797714 Error = 0.00e+00 FLOPS = 5.55e+09 Tdav = 0.00 T = 0.07
 --> Site =    3 .. Mmps =   16 Ndav =   1 E =    -88.3646797714 Error = 0.00e+00 FLOPS = 8.56e+09 Tdav = 0.00 T = 0.06
 --> Site =    4 .. Mmps =   32 Ndav =   1 E =    -88.3646797714 Error = 0.00e+00 FLOPS = 1.16e+10 Tdav = 0.01 T = 0.07
 --> Site =    5 .. Mmps =   64 Ndav =   1 E =    -88.3646797714 Error = 0.00e+00 FLOPS = 1.50e+10 Tdav = 0.01 T = 0.09
 --> Site =    6 .. Mmps =  128 Ndav =   1 E =    -88.3646797714 Error = 0.00e+00 FLOPS = 1.64e+10 Tdav = 0.03 T = 0.12
 --> Site =    7 .. Mmps =  256 Ndav =   1 E =    -88.3646797714 Error = 0.00e+00 FLOPS = 1.83e+10 Tdav = 0.06 T = 0.21
 --> Site =    8 .. Mmps =  503 Ndav =   1 E =    -88.3646797714 Error = 0.00e+00 FLOPS = 2.19e+10 Tdav = 0.15 T = 0.56
 --> Site =    9 .. Mmps =  550 Ndav =   1 E =    -88.3646797714 Error = 1.69e-26 FLOPS = 2.53e+10 Tdav = 0.41 T = 1.90
 --> Site =   10 .. Mmps =  550 Ndav =   1 E =    -88.3646797714 Error = 2.24e-23 FLOPS = 2.60e+10 Tdav = 0.50 T = 2.71
 --> Site =   11 .. Mmps =  550 Ndav =   1 E =    -88.3646797714 Error = 1.48e-21 FLOPS = 2.69e+10 Tdav = 0.52 T = 3.01
 --> Site =   12 .. Mmps =  550 Ndav =   1 E =    -88.3646797714 Error = 1.78e-19 FLOPS = 2.69e+10 Tdav = 0.56 T = 3.43
 --> Site =   13 .. Mmps =  550 Ndav =   1 E =    -88.3646797714 Error = 1.37e-17 FLOPS = 2.70e+10 Tdav = 0.59 T = 3.66
 --> Site =   14 .. Mmps =  550 Ndav =   1 E =    -88.3646797714 Error = 1.51e-18 FLOPS = 2.74e+10 Tdav = 0.62 T = 4.12
 --> Site =   15 .. Mmps =  550 Ndav =   1 E =    -88.3646797714 Error = 6.43e-18 FLOPS = 2.78e+10 Tdav = 0.65 T = 4.37
 --> Site =   16 .. Mmps =  550 Ndav =   1 E =    -88.3646797714 Error = 7.52e-18 FLOPS = 2.79e+10 Tdav = 0.68 T = 4.84
 --> Site =   17 .. Mmps =  550 Ndav =   1 E =    -88.3646797714 Error = 3.89e-18 FLOPS = 2.80e+10 Tdav = 0.71 T = 5.07
 --> Site =   18 .. Mmps =  550 Ndav =   1 E =    -88.3646797714 Error = 1.24e-17 FLOPS = 2.84e+10 Tdav = 0.74 T = 5.47
 --> Site =   19 .. Mmps =  550 Ndav =   1 E =    -88.3646797714 Error = 4.39e-18 FLOPS = 2.89e+10 Tdav = 0.76 T = 5.97
 --> Site =   20 .. Mmps =  550 Ndav =   1 E =    -88.3646797714 Error = 3.04e-18 FLOPS = 2.87e+10 Tdav = 0.80 T = 6.31
 --> Site =   21 .. Mmps =  550 Ndav =   1 E =    -88.3646797714 Error = 5.49e-18 FLOPS = 2.89e+10 Tdav = 0.83 T = 6.84
 --> Site =   22 .. Mmps =  550 Ndav =   1 E =    -88.3646797714 Error = 4.67e-18 FLOPS = 2.90e+10 Tdav = 0.86 T = 7.24
 --> Site =   23 .. Mmps =  550 Ndav =   1 E =    -88.3646797714 Error = 3.29e-18 FLOPS = 2.93e+10 Tdav = 0.89 T = 7.76
 --> Site =   24 .. Mmps =  550 Ndav =   1 E =    -88.3646797714 Error = 3.05e-18 FLOPS = 2.94e+10 Tdav = 0.92 T = 8.21
 --> Site =   25 .. Mmps =  550 Ndav =   1 E =    -88.3646797714 Error = 6.79e-18 FLOPS = 2.93e+10 Tdav = 0.95 T = 8.72
 --> Site =   26 .. Mmps =  550 Ndav =   1 E =    -88.3646797714 Error = 4.52e-18 FLOPS = 2.99e+10 Tdav = 0.97 T = 9.26
 --> Site =   27 .. Mmps =  550 Ndav =   1 E =    -88.3646797714 Error = 7.44e-18 FLOPS = 2.97e+10 Tdav = 1.01 T = 9.82
 --> Site =   28 .. Mmps =  550 Ndav =   1 E =    -88.3646797714 Error = 4.11e-18 FLOPS = 2.99e+10 Tdav = 1.04 T = 10.40
 --> Site =   29 .. Mmps =  550 Ndav =   1 E =    -88.3646797714 Error = 1.50e-17 FLOPS = 3.03e+10 Tdav = 1.05 T = 10.95
 --> Site =   30 .. Mmps =  550 Ndav =   1 E =    -88.3646797714 Error = 4.03e-18 FLOPS = 3.03e+10 Tdav = 1.09 T = 11.52
 --> Site =   31 .. Mmps =  550 Ndav =   1 E =    -88.3646797714 Error = 3.36e-18 FLOPS = 3.04e+10 Tdav = 1.12 T = 12.20
 --> Site =   32 .. Mmps =  550 Ndav =   1 E =    -88.3646797714 Error = 8.31e-18 FLOPS = 3.01e+10 Tdav = 1.16 T = 12.78
 --> Site =   33 .. Mmps =  550 Ndav =   1 E =    -88.3646797714 Error = 7.44e-18 FLOPS = 3.06e+10 Tdav = 1.18 T = 13.39
 --> Site =   34 .. Mmps =  550 Ndav =   1 E =    -88.3646797714 Error = 5.78e-18 FLOPS = 3.05e+10 Tdav = 1.21 T = 14.10
 --> Site =   35 .. Mmps =  550 Ndav =   1 E =    -88.3646797714 Error = 2.53e-17 FLOPS = 3.07e+10 Tdav = 1.24 T = 14.74
 --> Site =   36 .. Mmps =  550 Ndav =   1 E =    -88.3646797714 Error = 4.57e-18 FLOPS = 3.08e+10 Tdav = 1.26 T = 15.29
 --> Site =   37 .. Mmps =  550 Ndav =   1 E =    -88.3646797714 Error = 1.98e-17 FLOPS = 3.09e+10 Tdav = 1.29 T = 16.07
 --> Site =   38 .. Mmps =  550 Ndav =   1 E =    -88.3646797714 Error = 4.79e-18 FLOPS = 3.09e+10 Tdav = 1.33 T = 16.80
 --> Site =   39 .. Mmps =  550 Ndav =   1 E =    -88.3646797714 Error = 1.25e-17 FLOPS = 3.11e+10 Tdav = 1.35 T = 17.54
 --> Site =   40 .. Mmps =  550 Ndav =   1 E =    -88.3646797714 Error = 1.58e-17 FLOPS = 3.09e+10 Tdav = 1.39 T = 18.26
 --> Site =   41 .. Mmps =  550 Ndav =   2 E =    -88.3646797807 Error = 3.13e-17 FLOPS = 3.21e+10 Tdav = 2.73 T = 20.37
 --> Site =   42 .. Mmps =  550 Ndav =   1 E =    -88.3646797807 Error = 3.36e-18 FLOPS = 3.12e+10 Tdav = 1.44 T = 19.78
 --> Site =   43 .. Mmps =  550 Ndav =   3 E =    -88.3646798184 Error = 1.42e-17 FLOPS = 3.24e+10 Tdav = 4.25 T = 23.46
 --> Site =   44 .. Mmps =  550 Ndav =   2 E =    -88.3646798340 Error = 1.14e-17 FLOPS = 3.23e+10 Tdav = 2.85 T = 22.48
 --> Site =   45 .. Mmps =  550 Ndav =   2 E =    -88.3646798491 Error = 2.49e-18 FLOPS = 3.24e+10 Tdav = 2.90 T = 22.68
 --> Site =   46 .. Mmps =  550 Ndav =   1 E =    -88.3646798491 Error = 1.57e-17 FLOPS = 3.11e+10 Tdav = 1.51 T = 21.90
 --> Site =   47 .. Mmps =  550 Ndav =   1 E =    -88.3646798491 Error = 1.30e-17 FLOPS = 3.17e+10 Tdav = 1.51 T = 22.17
 --> Site =   48 .. Mmps =  550 Ndav =   1 E =    -88.3646798491 Error = 6.44e-18 FLOPS = 3.14e+10 Tdav = 1.56 T = 23.00
 --> Site =   49 .. Mmps =  550 Ndav =   1 E =    -88.3646798491 Error = 2.64e-17 FLOPS = 3.13e+10 Tdav = 1.59 T = 23.94
 --> Site =   50 .. Mmps =  550 Ndav =   1 E =    -88.3646798491 Error = 3.17e-18 FLOPS = 3.15e+10 Tdav = 1.58 T = 24.29
 --> Site =   51 .. Mmps =  550 Ndav =   1 E =    -88.3646798491 Error = 3.27e-17 FLOPS = 3.16e+10 Tdav = 1.61 T = 24.79
 --> Site =   52 .. Mmps =  550 Ndav =   1 E =    -88.3646798491 Error = 2.51e-17 FLOPS = 3.13e+10 Tdav = 1.63 T = 25.13
 --> Site =   53 .. Mmps =  550 Ndav =   1 E =    -88.3646798491 Error = 1.56e-17 FLOPS = 3.14e+10 Tdav = 1.66 T = 25.79
 --> Site =   54 .. Mmps =  550 Ndav =   1 E =    -88.3646798491 Error = 5.37e-18 FLOPS = 3.15e+10 Tdav = 1.68 T = 26.88
 --> Site =   55 .. Mmps =  550 Ndav =   1 E =    -88.3646798491 Error = 2.99e-17 FLOPS = 3.16e+10 Tdav = 1.67 T = 27.04
 --> Site =   56 .. Mmps =  550 Ndav =   1 E =    -88.3646798491 Error = 1.33e-17 FLOPS = 3.13e+10 Tdav = 1.72 T = 27.48
 --> Site =   57 .. Mmps =  550 Ndav =   1 E =    -88.3646798491 Error = 6.52e-18 FLOPS = 3.16e+10 Tdav = 1.71 T = 27.99
 --> Site =   58 .. Mmps =  550 Ndav =   1 E =    -88.3646798491 Error = 6.45e-18 FLOPS = 3.16e+10 Tdav = 1.74 T = 28.47
 --> Site =   59 .. Mmps =  550 Ndav =   1 E =    -88.3646798491 Error = 6.84e-18 FLOPS = 3.16e+10 Tdav = 1.74 T = 28.84
 --> Site =   60 .. Mmps =  550 Ndav =   1 E =    -88.3646798491 Error = 9.99e-18 FLOPS = 3.16e+10 Tdav = 1.74 T = 28.99
 --> Site =   61 .. Mmps =  550 Ndav =   1 E =    -88.3646798491 Error = 4.78e-18 FLOPS = 3.15e+10 Tdav = 1.78 T = 29.41
 --> Site =   62 .. Mmps =  550 Ndav =   1 E =    -88.3646798491 Error = 4.82e-18 FLOPS = 3.16e+10 Tdav = 1.77 T = 29.89
 --> Site =   63 .. Mmps =  550 Ndav =   1 E =    -88.3646798491 Error = 4.20e-18 FLOPS = 3.16e+10 Tdav = 1.77 T = 29.85
 --> Site =   64 .. Mmps =  550 Ndav =   1 E =    -88.3646798491 Error = 1.39e-17 FLOPS = 3.15e+10 Tdav = 1.78 T = 29.86
 --> Site =   65 .. Mmps =  550 Ndav =   1 E =    -88.3646798491 Error = 2.11e-18 FLOPS = 3.17e+10 Tdav = 1.80 T = 30.36
 --> Site =   66 .. Mmps =  550 Ndav =   1 E =    -88.3646798491 Error = 4.56e-18 FLOPS = 3.17e+10 Tdav = 1.80 T = 30.85
 --> Site =   67 .. Mmps =  550 Ndav =   1 E =    -88.3646798491 Error = 8.97e-18 FLOPS = 3.18e+10 Tdav = 1.82 T = 31.42
 --> Site =   68 .. Mmps =  550 Ndav =   1 E =    -88.3646798491 Error = 8.72e-18 FLOPS = 3.15e+10 Tdav = 1.84 T = 31.82
 --> Site =   69 .. Mmps =  550 Ndav =   1 E =    -88.3646798491 Error = 2.95e-18 FLOPS = 3.18e+10 Tdav = 1.82 T = 31.76
 --> Site =   70 .. Mmps =  550 Ndav =   1 E =    -88.3646798491 Error = 3.65e-18 FLOPS = 3.16e+10 Tdav = 1.83 T = 31.78
 --> Site =   71 .. Mmps =  550 Ndav =   1 E =    -88.3646798491 Error = 7.46e-18 FLOPS = 3.17e+10 Tdav = 1.82 T = 31.89
 --> Site =   72 .. Mmps =  550 Ndav =   1 E =    -88.3646798491 Error = 2.11e-18 FLOPS = 3.15e+10 Tdav = 1.84 T = 31.83
 --> Site =   73 .. Mmps =  550 Ndav =   1 E =    -88.3646798491 Error = 1.56e-17 FLOPS = 3.17e+10 Tdav = 1.86 T = 32.48
 --> Site =   74 .. Mmps =  550 Ndav =   1 E =    -88.3646798491 Error = 5.70e-18 FLOPS = 3.15e+10 Tdav = 1.87 T = 32.80
 --> Site =   75 .. Mmps =  550 Ndav =   1 E =    -88.3646798491 Error = 1.09e-17 FLOPS = 3.16e+10 Tdav = 1.86 T = 32.98
 --> Site =   76 .. Mmps =  550 Ndav =   1 E =    -88.3646798491 Error = 2.46e-18 FLOPS = 3.20e+10 Tdav = 1.84 T = 32.91
 --> Site =   77 .. Mmps =  550 Ndav =   1 E =    -88.3646798491 Error = 1.05e-17 FLOPS = 3.18e+10 Tdav = 1.85 T = 32.90
 --> Site =   78 .. Mmps =  550 Ndav =   1 E =    -88.3646798491 Error = 5.20e-18 FLOPS = 3.17e+10 Tdav = 1.86 T = 32.96
 --> Site =   79 .. Mmps =  550 Ndav =   1 E =    -88.3646798491 Error = 6.10e-18 FLOPS = 3.17e+10 Tdav = 1.86 T = 32.91
 --> Site =   80 .. Mmps =  550 Ndav =   1 E =    -88.3646798491 Error = 3.44e-18 FLOPS = 3.18e+10 Tdav = 1.85 T = 32.95
 --> Site =   81 .. Mmps =  550 Ndav =   1 E =    -88.3646798491 Error = 1.47e-18 FLOPS = 3.15e+10 Tdav = 1.87 T = 32.89
 --> Site =   82 .. Mmps =  550 Ndav =   1 E =    -88.3646798491 Error = 1.80e-17 FLOPS = 3.18e+10 Tdav = 1.85 T = 32.78
 --> Site =   83 .. Mmps =  550 Ndav =   1 E =    -88.3646798491 Error = 1.90e-17 FLOPS = 3.15e+10 Tdav = 1.87 T = 32.81
 --> Site =   84 .. Mmps =  550 Ndav =   1 E =    -88.3646798491 Error = 2.39e-18 FLOPS = 3.17e+10 Tdav = 1.86 T = 32.76
 --> Site =   85 .. Mmps =  550 Ndav =   1 E =    -88.3646798491 Error = 1.76e-17 FLOPS = 3.19e+10 Tdav = 1.85 T = 32.72
 --> Site =   86 .. Mmps =  550 Ndav =   1 E =    -88.3646798491 Error = 2.98e-18 FLOPS = 3.17e+10 Tdav = 1.86 T = 33.02
 --> Site =   87 .. Mmps =  550 Ndav =   1 E =    -88.3646798491 Error = 8.02e-19 FLOPS = 3.17e+10 Tdav = 1.86 T = 32.76
 --> Site =   88 .. Mmps =  550 Ndav =   1 E =    -88.3646798491 Error = 1.29e-17 FLOPS = 3.18e+10 Tdav = 1.82 T = 32.24
 --> Site =   89 .. Mmps =  550 Ndav =   1 E =    -88.3646798491 Error = 5.18e-18 FLOPS = 3.19e+10 Tdav = 1.85 T = 32.25
 --> Site =   90 .. Mmps =  550 Ndav =   1 E =    -88.3646798491 Error = 8.78e-18 FLOPS = 3.18e+10 Tdav = 1.85 T = 32.90
 --> Site =   91 .. Mmps =  550 Ndav =   1 E =    -88.3646798491 Error = 3.74e-18 FLOPS = 3.17e+10 Tdav = 1.86 T = 32.87
 --> Site =   92 .. Mmps =  550 Ndav =   1 E =    -88.3646798491 Error = 2.06e-17 FLOPS = 3.17e+10 Tdav = 1.83 T = 32.34
 --> Site =   93 .. Mmps =  550 Ndav =   1 E =    -88.3646798491 Error = 8.67e-18 FLOPS = 3.16e+10 Tdav = 1.83 T = 32.11
 --> Site =   94 .. Mmps =  550 Ndav =   1 E =    -88.3646798491 Error = 1.69e-17 FLOPS = 3.16e+10 Tdav = 1.83 T = 31.96
 --> Site =   95 .. Mmps =  550 Ndav =   1 E =    -88.3646798491 Error = 3.42e-18 FLOPS = 3.18e+10 Tdav = 1.82 T = 31.93
 --> Site =   96 .. Mmps =  550 Ndav =   1 E =    -88.3646798491 Error = 2.05e-18 FLOPS = 3.16e+10 Tdav = 1.83 T = 31.87
 --> Site =   97 .. Mmps =  550 Ndav =   1 E =    -88.3646798491 Error = 9.14e-18 FLOPS = 3.17e+10 Tdav = 1.82 T = 32.40
 --> Site =   98 .. Mmps =  550 Ndav =   1 E =    -88.3646798491 Error = 1.72e-18 FLOPS = 3.17e+10 Tdav = 1.83 T = 32.49
 --> Site =   99 .. Mmps =  550 Ndav =   1 E =    -88.3646798491 Error = 7.62e-18 FLOPS = 3.16e+10 Tdav = 1.83 T = 32.65
 --> Site =  100 .. Mmps =  550 Ndav =   1 E =    -88.3646798491 Error = 1.60e-17 FLOPS = 3.18e+10 Tdav = 1.82 T = 41.11
 --> Site =  101 .. Mmps =  550 Ndav =   1 E =    -88.3646798491 Error = 3.28e-18 FLOPS = 3.16e+10 Tdav = 1.80 T = 31.89
 --> Site =  102 .. Mmps =  550 Ndav =   1 E =    -88.3646798491 Error = 9.82e-18 FLOPS = 3.14e+10 Tdav = 1.81 T = 31.49
 --> Site =  103 .. Mmps =  550 Ndav =   1 E =    -88.3646798491 Error = 1.09e-17 FLOPS = 3.15e+10 Tdav = 1.78 T = 31.03
 --> Site =  104 .. Mmps =  550 Ndav =   1 E =    -88.3646798491 Error = 1.74e-17 FLOPS = 3.15e+10 Tdav = 1.78 T = 30.60
 --> Site =  105 .. Mmps =  550 Ndav =   1 E =    -88.3646798491 Error = 1.24e-17 FLOPS = 3.15e+10 Tdav = 1.74 T = 30.15
 --> Site =  106 .. Mmps =  550 Ndav =   1 E =    -88.3646798491 Error = 3.25e-18 FLOPS = 3.14e+10 Tdav = 1.75 T = 29.60
 --> Site =  107 .. Mmps =  550 Ndav =   1 E =    -88.3646798491 Error = 3.14e-17 FLOPS = 3.17e+10 Tdav = 1.73 T = 29.37
 --> Site =  108 .. Mmps =  550 Ndav =   1 E =    -88.3646798491 Error = 1.18e-17 FLOPS = 3.16e+10 Tdav = 1.71 T = 28.97
 --> Site =  109 .. Mmps =  550 Ndav =   1 E =    -88.3646798491 Error = 1.11e-17 FLOPS = 3.15e+10 Tdav = 1.71 T = 28.45
 --> Site =  110 .. Mmps =  550 Ndav =   1 E =    -88.3646798491 Error = 5.12e-18 FLOPS = 3.14e+10 Tdav = 1.72 T = 28.48
 --> Site =  111 .. Mmps =  550 Ndav =   1 E =    -88.3646798491 Error = 1.34e-17 FLOPS = 3.16e+10 Tdav = 1.71 T = 28.57
 --> Site =  112 .. Mmps =  550 Ndav =   1 E =    -88.3646798491 Error = 2.68e-18 FLOPS = 3.16e+10 Tdav = 1.67 T = 28.12
 --> Site =  113 .. Mmps =  550 Ndav =   1 E =    -88.3646798491 Error = 7.79e-18 FLOPS = 3.16e+10 Tdav = 1.67 T = 27.61
 --> Site =  114 .. Mmps =  550 Ndav =   1 E =    -88.3646798491 Error = 1.01e-17 FLOPS = 3.14e+10 Tdav = 1.65 T = 27.16
 --> Site =  115 .. Mmps =  550 Ndav =   1 E =    -88.3646798491 Error = 2.61e-17 FLOPS = 3.14e+10 Tdav = 1.62 T = 26.37
 --> Site =  116 .. Mmps =  550 Ndav =   1 E =    -88.3646798491 Error = 1.26e-17 FLOPS = 3.13e+10 Tdav = 1.59 T = 25.25
 --> Site =  117 .. Mmps =  550 Ndav =   1 E =    -88.3646798491 Error = 1.60e-18 FLOPS = 3.13e+10 Tdav = 1.59 T = 25.04
 --> Site =  118 .. Mmps =  550 Ndav =   1 E =    -88.3646798491 Error = 1.12e-17 FLOPS = 3.15e+10 Tdav = 1.59 T = 24.77
 --> Site =  119 .. Mmps =  550 Ndav =   1 E =    -88.3646798491 Error = 9.79e-18 FLOPS = 3.14e+10 Tdav = 1.56 T = 24.48
 --> Site =  120 .. Mmps =  550 Ndav =   1 E =    -88.3646798491 Error = 5.85e-18 FLOPS = 3.12e+10 Tdav = 1.53 T = 23.61
 --> Site =  121 .. Mmps =  550 Ndav =   1 E =    -88.3646798491 Error = 2.93e-18 FLOPS = 3.13e+10 Tdav = 1.50 T = 22.74
 --> Site =  122 .. Mmps =  550 Ndav =   1 E =    -88.3646798491 Error = 3.25e-18 FLOPS = 3.14e+10 Tdav = 1.49 T = 22.39
 --> Site =  123 .. Mmps =  550 Ndav =   1 E =    -88.3646798491 Error = 2.06e-18 FLOPS = 3.14e+10 Tdav = 1.46 T = 21.90
 --> Site =  124 .. Mmps =  550 Ndav =   1 E =    -88.3646798491 Error = 1.34e-17 FLOPS = 3.11e+10 Tdav = 1.47 T = 21.47
 --> Site =  125 .. Mmps =  550 Ndav =   1 E =    -88.3646798491 Error = 3.87e-18 FLOPS = 3.13e+10 Tdav = 1.44 T = 21.12
 --> Site =  126 .. Mmps =  550 Ndav =   1 E =    -88.3646798491 Error = 1.78e-17 FLOPS = 3.11e+10 Tdav = 1.41 T = 20.37
 --> Site =  127 .. Mmps =  550 Ndav =   1 E =    -88.3646798491 Error = 1.60e-17 FLOPS = 3.11e+10 Tdav = 1.38 T = 19.76
 --> Site =  128 .. Mmps =  550 Ndav =   1 E =    -88.3646798491 Error = 1.67e-17 FLOPS = 3.08e+10 Tdav = 1.36 T = 25.56
 --> Site =  129 .. Mmps =  550 Ndav =   1 E =    -88.3646798491 Error = 5.03e-17 FLOPS = 3.09e+10 Tdav = 1.33 T = 18.17
 --> Site =  130 .. Mmps =  550 Ndav =   1 E =    -88.3646798491 Error = 1.75e-17 FLOPS = 3.09e+10 Tdav = 1.29 T = 17.23
 --> Site =  131 .. Mmps =  550 Ndav =   1 E =    -88.3646798491 Error = 1.09e-17 FLOPS = 3.08e+10 Tdav = 1.27 T = 16.51
 --> Site =  132 .. Mmps =  550 Ndav =   1 E =    -88.3646798491 Error = 2.32e-18 FLOPS = 3.05e+10 Tdav = 1.24 T = 15.89
 --> Site =  133 .. Mmps =  550 Ndav =   1 E =    -88.3646798491 Error = 3.54e-17 FLOPS = 3.05e+10 Tdav = 1.21 T = 15.18
 --> Site =  134 .. Mmps =  550 Ndav =   1 E =    -88.3646798491 Error = 1.38e-17 FLOPS = 3.05e+10 Tdav = 1.18 T = 14.58
 --> Site =  135 .. Mmps =  550 Ndav =   1 E =    -88.3646798491 Error = 4.68e-18 FLOPS = 3.03e+10 Tdav = 1.15 T = 13.88
 --> Site =  136 .. Mmps =  550 Ndav =   1 E =    -88.3646798491 Error = 2.79e-17 FLOPS = 3.04e+10 Tdav = 1.12 T = 13.14
 --> Site =  137 .. Mmps =  550 Ndav =   1 E =    -88.3646798491 Error = 1.39e-18 FLOPS = 3.03e+10 Tdav = 1.09 T = 12.50
 --> Site =  138 .. Mmps =  550 Ndav =   1 E =    -88.3646798491 Error = 7.81e-18 FLOPS = 3.00e+10 Tdav = 1.07 T = 12.04
 --> Site =  139 .. Mmps =  550 Ndav =   1 E =    -88.3646798491 Error = 5.90e-18 FLOPS = 3.01e+10 Tdav = 1.03 T = 11.37
 --> Site =  140 .. Mmps =  550 Ndav =   1 E =    -88.3646798491 Error = 2.72e-18 FLOPS = 2.99e+10 Tdav = 1.00 T = 10.73
 --> Site =  141 .. Mmps =  550 Ndav =   1 E =    -88.3646798491 Error = 5.29e-18 FLOPS = 2.97e+10 Tdav = 0.98 T = 10.17
 --> Site =  142 .. Mmps =  550 Ndav =   1 E =    -88.3646798491 Error = 4.71e-18 FLOPS = 2.95e+10 Tdav = 0.95 T = 9.76
 --> Site =  143 .. Mmps =  550 Ndav =   1 E =    -88.3646798491 Error = 6.88e-18 FLOPS = 2.96e+10 Tdav = 0.91 T = 9.06
 --> Site =  144 .. Mmps =  550 Ndav =   1 E =    -88.3646798491 Error = 7.35e-18 FLOPS = 2.91e+10 Tdav = 0.89 T = 8.61
 --> Site =  145 .. Mmps =  550 Ndav =   1 E =    -88.3646798491 Error = 6.49e-18 FLOPS = 2.91e+10 Tdav = 0.86 T = 8.02
 --> Site =  146 .. Mmps =  550 Ndav =   1 E =    -88.3646798491 Error = 2.29e-18 FLOPS = 2.92e+10 Tdav = 0.82 T = 7.52
 --> Site =  147 .. Mmps =  550 Ndav =   1 E =    -88.3646798491 Error = 3.50e-18 FLOPS = 2.88e+10 Tdav = 0.80 T = 7.09
 --> Site =  148 .. Mmps =  550 Ndav =   1 E =    -88.3646798491 Error = 8.01e-18 FLOPS = 2.85e+10 Tdav = 0.77 T = 6.69
 --> Site =  149 .. Mmps =  550 Ndav =   1 E =    -88.3646798491 Error = 2.05e-18 FLOPS = 2.86e+10 Tdav = 0.73 T = 6.30
 --> Site =  150 .. Mmps =  550 Ndav =   1 E =    -88.3646798491 Error = 1.13e-17 FLOPS = 2.82e+10 Tdav = 0.71 T = 5.77
 --> Site =  151 .. Mmps =  550 Ndav =   1 E =    -88.3646798491 Error = 8.93e-18 FLOPS = 2.79e+10 Tdav = 0.68 T = 5.35
 --> Site =  152 .. Mmps =  550 Ndav =   1 E =    -88.3646798491 Error = 7.52e-18 FLOPS = 2.76e+10 Tdav = 0.65 T = 4.95
 --> Site =  153 .. Mmps =  550 Ndav =   1 E =    -88.3646798491 Error = 1.12e-17 FLOPS = 2.76e+10 Tdav = 0.62 T = 4.58
 --> Site =  154 .. Mmps =  550 Ndav =   1 E =    -88.3646798491 Error = 4.47e-18 FLOPS = 2.72e+10 Tdav = 0.59 T = 4.21
 --> Site =  155 .. Mmps =  550 Ndav =   1 E =    -88.3646798491 Error = 1.12e-17 FLOPS = 2.67e+10 Tdav = 0.56 T = 3.86
 --> Site =  156 .. Mmps =  550 Ndav =   1 E =    -88.3646798491 Error = 1.10e-17 FLOPS = 2.63e+10 Tdav = 0.53 T = 3.60
 --> Site =  157 .. Mmps =  550 Ndav =   1 E =    -88.3646798491 Error = 2.28e-17 FLOPS = 2.58e+10 Tdav = 0.50 T = 3.26
 --> Site =  158 .. Mmps =  550 Ndav =   1 E =    -88.3646798491 Error = 3.54e-19 FLOPS = 2.52e+10 Tdav = 0.48 T = 2.97
 --> Site =  159 .. Mmps =  550 Ndav =   1 E =    -88.3646798491 Error = 7.88e-23 FLOPS = 2.51e+10 Tdav = 0.37 T = 2.64
 --> Site =  160 .. Mmps =  550 Ndav =   1 E =    -88.3646798491 Error = 4.24e-34 FLOPS = 2.23e+10 Tdav = 0.16 T = 2.13
 --> Site =  161 .. Mmps =  550 Ndav =   1 E =    -88.3646798491 Error = 9.23e-59 FLOPS = 2.02e+10 Tdav = 0.07 T = 1.66
 --> Site =  162 .. Mmps =  550 Ndav =   1 E =    -88.3646798491 Error = 3.54e-82 FLOPS = 1.74e+10 Tdav = 0.04 T = 1.45
 --> Site =  163 .. Mmps =  550 Ndav =   1 E =    -88.3646798491 Error = 2.22e-106 FLOPS = 1.63e+10 Tdav = 0.02 T = 1.24
 --> Site =  164 .. Mmps =  550 Ndav =   1 E =    -88.3646798491 Error = 3.22e-129 FLOPS = 1.24e+10 Tdav = 0.01 T = 1.10
 --> Site =  165 .. Mmps =  550 Ndav =   1 E =    -88.3646798491 Error = 8.53e-150 FLOPS = 7.83e+09 Tdav = 0.01 T = 0.96
 --> Site =  166 .. Mmps =  550 Ndav =   1 E =    -88.3646798491 Error = 2.41e-172 FLOPS = 4.34e+09 Tdav = 0.00 T = 0.77
 --> Site =  167 .. Mmps =  550 Ndav =   1 E =    -88.3646798491 Error = 3.09e-194 FLOPS = 2.00e+09 Tdav = 0.00 T = 0.60
 --> Site =  168 .. Mmps =  541 Ndav =   1 E =    -88.3646798491 Error = 0.00e+00 FLOPS = 2.05e+09 Tdav = 0.00 T = 0.47
Time elapsed =   5256.689 | E =     -88.3646798491 | DE = -7.76e-08 | DW = 5.02795e-17
Time sweep =     3114.239 | 6.06 TFLOP/SWP
 | Dmem = 143 MB (3%) | Imem = 232 B (79%) | Hmem = 683 MB | Wmem = 4.62 MB | Pmem = 0 B
 | Tread = 123.706 | Twrite = 40.467 | Tfpread = 118.304 | Tfpwrite = 21.713 | Tmporead = 0.000 | Tasync = 0.000
 | data = 15.0 GB | cpsd = 11.4 GB
 | Trot = 205.699 | Tctr = 1.595 | Tint = 0.008 | Tmid = 0.000 | Tdctr = 71.778 | Tdiag = 1.752 | Tinfo = 2.416
 | Teff = 2570.012 | Tprt = 0.000 | Teig = 214.933 | Tblk = 2861.614 | Tmve = 252.610 | Tdm = 3.044 | Tsplt = 43.697 | Tsvd = 0.000 | Torth = 0.000

DMRG energy = -88.36467984909245

Local densities:
0.7447915037338039
0.04096662246364716
0.24114482528909081
0.319241591707562
0.17687544403393968
0.20520281988935732
0.18311938513696638
0.2053695987239164
0.17690600447191845
0.31922718533579814
0.2411426622884582
0.04096905445779624
0.7448384680128686
0.04090793233878731
0.005856350306484755
0.023665082511983106
0.009633807388706934
0.06889426638075524
0.118779287026353
0.12629336931730298
0.11896083576426145
0.06900980549510802
0.009645849425054625
0.02361858414922476
0.005863633850420265
0.04093360551301742
0.2409946665486964
0.02373671888211621
0.7716859771051863
0.010714728806454736
0.3956142181985908
0.006275884431595942
0.031495707642520805
0.006315428746587441
0.396278965547036
0.010736270442985148
0.7715247679372927
0.023744393972136946
0.2410955073507057
0.31923036804963334
0.009652461620055803
0.010541697400275465
0.0023593946146765027
0.4162732210874811
0.014850941759371671
0.8496221217321269
0.01492241576885616
0.417101477827667
0.0023406949301713305
0.010426030120369276
0.009654825075697152
0.31932723606125946
0.17673939967007385
0.06893816342688416
0.39591468147284525
0.41794294534696846
0.036209163438746715
0.008261519630324465
0.0012168815460397399
0.008488132705279833
0.037003633296059255
0.4178524437646519
0.39562634080717807
0.06899499366613686
0.17678069822086406
0.20522869072244143
0.11896267514050071
0.0062119202856425
0.01428276429240747
0.00842088936409047
0.8290376699685701
0.01965564221039263
0.8302571256117952
0.008410596766276828
0.014136588817166004
0.0061503886732582475
0.11893622140763457
0.20529966653347176
0.1829924680740689
0.1261702723581158
0.0316982899991408
0.8505074243967312
0.0012581368703807304
0.01818328377266576
0.0010959453334598527
0.019165959683253454
0.0012953939982094306
0.8501688953013714
0.03172217455473256
0.1261816256957734
0.18301696568241713
0.20527938276978452
0.11891349919787836
0.006207879567251034
0.014285921425802987
0.0084293228217561
0.829016986935666
0.0196789008952439
0.8302176299155183
0.00842366428362004
0.014112151273863208
0.0061587269436928875
0.1189671173599556
0.20526486451694342
0.17673817909758832
0.06896288222137954
0.39582146253536277
0.41805319356608817
0.036241149356630725
0.008259767753978938
0.00121764648429159
0.008473189480309676
0.037020488278040886
0.41770968991326535
0.39575736681402485
0.0689655294352133
0.17679134081057435
0.3192479185818364
0.009662243752196117
0.01053533080660024
0.002358631707073974
0.41641485626063846
0.014849051646441753
0.8496411298219004
0.01491475776019699
0.4169382895003004
0.00234059723413868
0.010425220381912898
0.009643918310774375
0.31929881437544344
0.24105835812864135
0.023717073889020224
0.7717840121473322
0.010700923894614158
0.3957872519439465
0.006277693507343928
0.03148863260117161
0.0063121203606168255
0.39613164270673623
0.010750423038825388
0.7714464791400174
0.023761392775266916
0.24102827271066757
0.04093561124691181
0.005869140443105741
0.023679845258570115
0.009646574586558309
0.0689175472074395
0.1188177474852217
0.12629415830358495
0.11891544094823689
0.06898106021499095
0.009631188844252677
0.023606900376114782
0.005850417936820282
0.04091152684890145
0.7448435023680746
0.04097086924199908
0.24114189414293735
0.3192686081506692
0.1768787665812302
0.20524305883194788
0.18312082064608654
0.20533196544949825
0.17690533413607284
0.319202875652942
0.24114257607247241
0.04096612774085909
0.7447805466749261

corresponding 2D coords:
[(0, 0), (0, 1), (0, 2), (0, 3), (0, 4), (0, 5), (0, 6), (0, 7), (0, 8), (0, 9), (0, 10), (0, 11), (0, 12), (1, 12), (1, 11), (1, 10), (1, 9), (1, 8), (1, 7), (1, 6), (1, 5), (1, 4), (1, 3), (1, 2), (1, 1), (1, 0), (2, 0), (2, 1), (2, 2), (2, 3), (2, 4), (2, 5), (2, 6), (2, 7), (2, 8), (2, 9), (2, 10), (2, 11), (2, 12), (3, 12), (3, 11), (3, 10), (3, 9), (3, 8), (3, 7), (3, 6), (3, 5), (3, 4), (3, 3), (3, 2), (3, 1), (3, 0), (4, 0), (4, 1), (4, 2), (4, 3), (4, 4), (4, 5), (4, 6), (4, 7), (4, 8), (4, 9), (4, 10), (4, 11), (4, 12), (5, 12), (5, 11), (5, 10), (5, 9), (5, 8), (5, 7), (5, 6), (5, 5), (5, 4), (5, 3), (5, 2), (5, 1), (5, 0), (6, 0), (6, 1), (6, 2), (6, 3), (6, 4), (6, 5), (6, 6), (6, 7), (6, 8), (6, 9), (6, 10), (6, 11), (6, 12), (7, 12), (7, 11), (7, 10), (7, 9), (7, 8), (7, 7), (7, 6), (7, 5), (7, 4), (7, 3), (7, 2), (7, 1), (7, 0), (8, 0), (8, 1), (8, 2), (8, 3), (8, 4), (8, 5), (8, 6), (8, 7), (8, 8), (8, 9), (8, 10), (8, 11), (8, 12), (9, 12), (9, 11), (9, 10), (9, 9), (9, 8), (9, 7), (9, 6), (9, 5), (9, 4), (9, 3), (9, 2), (9, 1), (9, 0), (10, 0), (10, 1), (10, 2), (10, 3), (10, 4), (10, 5), (10, 6), (10, 7), (10, 8), (10, 9), (10, 10), (10, 11), (10, 12), (11, 12), (11, 11), (11, 10), (11, 9), (11, 8), (11, 7), (11, 6), (11, 5), (11, 4), (11, 3), (11, 2), (11, 1), (11, 0), (12, 0), (12, 1), (12, 2), (12, 3), (12, 4), (12, 5), (12, 6), (12, 7), (12, 8), (12, 9), (12, 10), (12, 11), (12, 12)]

Saved density data:
PKL → /users/ylokare/2D_DMRG_calculations/results/13_by_13_lattice/Local_densities/Parameter_sweep/Rb1.9/density_Lx13_Ly13_Dmax550_delta4.0_Rb1.9_alpha0.05_nedge4_dbound1.8_no_modulated_boundary.pkl
CSV → /users/ylokare/2D_DMRG_calculations/results/13_by_13_lattice/Local_densities/Parameter_sweep/Rb1.9/density_Lx13_Ly13_Dmax550_delta4.0_Rb1.9_alpha0.05_nedge4_dbound1.8_no_modulated_boundary.csv
