Lx=13, Ly=13, delta=3.7, Rb=1.9, alpha=0.05, n_edge=4, delta_boundary=1.8, USE_STAR_MODULATION=False
running Lx=13, Ly=13, delta=3.7, Rb=1.9, alpha=0.05, n_edge=4, delta_boundary=1.8

Build MPO | Nsites =   169 | Nterms =      14534 | Algorithm = FastSVD | Cutoff = 1.00e-16 | Max bond dimension =    -1
 Site =     0 /   169 .. Mmpo =     3 DW = 0.00e+00 Error = 6.87e-16 NNZ =        3 SPT = 0.0000 Tsvd = 0.001 T = 0.002
 Site =     1 /   169 .. Mmpo =     4 DW = 4.26e-36 Error = 5.59e-14 NNZ =       10 SPT = 0.1667 Tsvd = 0.000 T = 0.004
 Site =     2 /   169 .. Mmpo =     5 DW = 3.68e-29 Error = 6.73e-14 NNZ =       17 SPT = 0.1500 Tsvd = 0.000 T = 0.005
 Site =     3 /   169 .. Mmpo =     6 DW = 7.50e-29 Error = 9.62e-14 NNZ =       26 SPT = 0.1333 Tsvd = 0.000 T = 0.006
 Site =     4 /   169 .. Mmpo =     7 DW = 5.34e-30 Error = 1.35e-13 NNZ =       37 SPT = 0.1190 Tsvd = 0.000 T = 0.007
 Site =     5 /   169 .. Mmpo =     8 DW = 1.07e-29 Error = 2.54e-13 NNZ =       50 SPT = 0.1071 Tsvd = 0.000 T = 0.009
 Site =     6 /   169 .. Mmpo =     9 DW = 4.72e-29 Error = 2.60e-13 NNZ =       65 SPT = 0.0972 Tsvd = 0.000 T = 0.010
 Site =     7 /   169 .. Mmpo =    10 DW = 9.31e-29 Error = 1.83e-13 NNZ =       82 SPT = 0.0889 Tsvd = 0.000 T = 0.011
 Site =     8 /   169 .. Mmpo =    11 DW = 6.32e-29 Error = 2.03e-13 NNZ =      101 SPT = 0.0818 Tsvd = 0.000 T = 0.012
 Site =     9 /   169 .. Mmpo =    12 DW = 1.59e-28 Error = 4.61e-13 NNZ =      122 SPT = 0.0758 Tsvd = 0.000 T = 0.013
 Site =    10 /   169 .. Mmpo =    13 DW = 7.06e-29 Error = 3.05e-13 NNZ =      145 SPT = 0.0705 Tsvd = 0.000 T = 0.014
 Site =    11 /   169 .. Mmpo =    14 DW = 3.27e-29 Error = 3.59e-13 NNZ =      170 SPT = 0.0659 Tsvd = 0.000 T = 0.015
 Site =    12 /   169 .. Mmpo =    15 DW = 4.35e-29 Error = 2.43e-13 NNZ =      197 SPT = 0.0619 Tsvd = 0.000 T = 0.016
 Site =    13 /   169 .. Mmpo =    16 DW = 7.42e-29 Error = 5.24e-13 NNZ =      226 SPT = 0.0583 Tsvd = 0.000 T = 0.017
 Site =    14 /   169 .. Mmpo =    17 DW = 8.61e-29 Error = 5.88e-13 NNZ =      257 SPT = 0.0551 Tsvd = 0.000 T = 0.019
 Site =    15 /   169 .. Mmpo =    18 DW = 4.89e-28 Error = 6.00e-13 NNZ =      290 SPT = 0.0523 Tsvd = 0.000 T = 0.020
 Site =    16 /   169 .. Mmpo =    19 DW = 1.30e-27 Error = 8.59e-13 NNZ =      325 SPT = 0.0497 Tsvd = 0.000 T = 0.021
 Site =    17 /   169 .. Mmpo =    20 DW = 5.53e-28 Error = 1.78e-12 NNZ =      362 SPT = 0.0474 Tsvd = 0.000 T = 0.022
 Site =    18 /   169 .. Mmpo =    21 DW = 6.64e-28 Error = 7.00e-13 NNZ =      401 SPT = 0.0452 Tsvd = 0.000 T = 0.023
 Site =    19 /   169 .. Mmpo =    22 DW = 4.59e-28 Error = 2.09e-12 NNZ =      442 SPT = 0.0433 Tsvd = 0.000 T = 0.024
 Site =    20 /   169 .. Mmpo =    23 DW = 4.81e-28 Error = 1.08e-12 NNZ =      485 SPT = 0.0415 Tsvd = 0.000 T = 0.025
 Site =    21 /   169 .. Mmpo =    24 DW = 1.07e-27 Error = 6.48e-13 NNZ =      530 SPT = 0.0399 Tsvd = 0.001 T = 0.026
 Site =    22 /   169 .. Mmpo =    25 DW = 1.59e-27 Error = 2.24e-12 NNZ =      577 SPT = 0.0383 Tsvd = 0.001 T = 0.027
 Site =    23 /   169 .. Mmpo =    26 DW = 5.77e-28 Error = 1.13e-12 NNZ =      626 SPT = 0.0369 Tsvd = 0.001 T = 0.028
 Site =    24 /   169 .. Mmpo =    27 DW = 5.69e-28 Error = 7.28e-13 NNZ =      677 SPT = 0.0356 Tsvd = 0.001 T = 0.030
 Site =    25 /   169 .. Mmpo =    28 DW = 4.05e-28 Error = 2.32e-12 NNZ =      730 SPT = 0.0344 Tsvd = 0.001 T = 0.030
 Site =    26 /   169 .. Mmpo =    29 DW = 2.73e-28 Error = 3.08e-12 NNZ =      785 SPT = 0.0333 Tsvd = 0.001 T = 0.031
 Site =    27 /   169 .. Mmpo =    30 DW = 6.86e-28 Error = 2.66e-12 NNZ =      842 SPT = 0.0322 Tsvd = 0.001 T = 0.032
 Site =    28 /   169 .. Mmpo =    31 DW = 7.31e-29 Error = 1.91e-12 NNZ =      901 SPT = 0.0312 Tsvd = 0.001 T = 0.033
 Site =    29 /   169 .. Mmpo =    32 DW = 3.63e-28 Error = 1.25e-12 NNZ =      962 SPT = 0.0302 Tsvd = 0.001 T = 0.034
 Site =    30 /   169 .. Mmpo =    33 DW = 1.56e-27 Error = 1.06e-12 NNZ =     1025 SPT = 0.0294 Tsvd = 0.001 T = 0.035
 Site =    31 /   169 .. Mmpo =    34 DW = 2.79e-28 Error = 7.66e-13 NNZ =     1090 SPT = 0.0285 Tsvd = 0.001 T = 0.036
 Site =    32 /   169 .. Mmpo =    35 DW = 1.58e-28 Error = 5.91e-13 NNZ =     1157 SPT = 0.0277 Tsvd = 0.001 T = 0.037
 Site =    33 /   169 .. Mmpo =    36 DW = 5.22e-28 Error = 4.02e-13 NNZ =     1226 SPT = 0.0270 Tsvd = 0.001 T = 0.038
 Site =    34 /   169 .. Mmpo =    37 DW = 1.29e-28 Error = 3.80e-13 NNZ =     1297 SPT = 0.0263 Tsvd = 0.001 T = 0.039
 Site =    35 /   169 .. Mmpo =    38 DW = 1.87e-28 Error = 3.37e-12 NNZ =     1370 SPT = 0.0256 Tsvd = 0.002 T = 0.040
 Site =    36 /   169 .. Mmpo =    39 DW = 2.41e-28 Error = 2.49e-12 NNZ =     1445 SPT = 0.0250 Tsvd = 0.001 T = 0.040
 Site =    37 /   169 .. Mmpo =    40 DW = 3.10e-28 Error = 1.23e-12 NNZ =     1522 SPT = 0.0244 Tsvd = 0.001 T = 0.041
 Site =    38 /   169 .. Mmpo =    41 DW = 2.01e-28 Error = 1.72e-12 NNZ =     1601 SPT = 0.0238 Tsvd = 0.001 T = 0.042
 Site =    39 /   169 .. Mmpo =    42 DW = 3.39e-28 Error = 7.83e-13 NNZ =     1682 SPT = 0.0232 Tsvd = 0.001 T = 0.042
 Site =    40 /   169 .. Mmpo =    43 DW = 1.92e-28 Error = 8.98e-13 NNZ =     1765 SPT = 0.0227 Tsvd = 0.001 T = 0.043
 Site =    41 /   169 .. Mmpo =    44 DW = 1.30e-27 Error = 7.47e-13 NNZ =     1850 SPT = 0.0222 Tsvd = 0.001 T = 0.044
 Site =    42 /   169 .. Mmpo =    45 DW = 6.41e-28 Error = 7.49e-13 NNZ =     1937 SPT = 0.0217 Tsvd = 0.001 T = 0.045
 Site =    43 /   169 .. Mmpo =    46 DW = 5.31e-28 Error = 5.32e-13 NNZ =     2026 SPT = 0.0213 Tsvd = 0.001 T = 0.046
 Site =    44 /   169 .. Mmpo =    46 DW = 3.95e-17 Error = 6.28e-09 NNZ =     2071 SPT = 0.0213 Tsvd = 0.001 T = 0.046
 Site =    45 /   169 .. Mmpo =    47 DW = 1.65e-28 Error = 5.91e-13 NNZ =     2117 SPT = 0.0208 Tsvd = 0.001 T = 0.046
 Site =    46 /   169 .. Mmpo =    47 DW = 8.89e-17 Error = 9.43e-09 NNZ =     2163 SPT = 0.0208 Tsvd = 0.001 T = 0.047
 Site =    47 /   169 .. Mmpo =    48 DW = 4.53e-28 Error = 4.91e-13 NNZ =     2210 SPT = 0.0204 Tsvd = 0.001 T = 0.047
 Site =    48 /   169 .. Mmpo =    49 DW = 1.02e-27 Error = 5.19e-13 NNZ =     2305 SPT = 0.0200 Tsvd = 0.001 T = 0.047
 Site =    49 /   169 .. Mmpo =    50 DW = 3.53e-28 Error = 2.94e-12 NNZ =     2400 SPT = 0.0204 Tsvd = 0.002 T = 0.049
 Site =    50 /   169 .. Mmpo =    50 DW = 4.76e-17 Error = 6.90e-09 NNZ =     2450 SPT = 0.0200 Tsvd = 0.001 T = 0.049
 Site =    51 /   169 .. Mmpo =    51 DW = 1.79e-28 Error = 2.93e-13 NNZ =     2501 SPT = 0.0192 Tsvd = 0.001 T = 0.048
 Site =    52 /   169 .. Mmpo =    51 DW = 9.68e-17 Error = 9.84e-09 NNZ =     2551 SPT = 0.0192 Tsvd = 0.002 T = 0.049
 Site =    53 /   169 .. Mmpo =    52 DW = 8.99e-28 Error = 1.54e-12 NNZ =     2601 SPT = 0.0192 Tsvd = 0.001 T = 0.049
 Site =    54 /   169 .. Mmpo =    53 DW = 1.88e-28 Error = 2.03e-12 NNZ =     2705 SPT = 0.0185 Tsvd = 0.001 T = 0.050
 Site =    55 /   169 .. Mmpo =    53 DW = 5.47e-17 Error = 7.40e-09 NNZ =     2756 SPT = 0.0189 Tsvd = 0.002 T = 0.051
 Site =    56 /   169 .. Mmpo =    54 DW = 2.02e-26 Error = 1.67e-12 NNZ =     2808 SPT = 0.0189 Tsvd = 0.001 T = 0.050
 Site =    57 /   169 .. Mmpo =    54 DW = 1.15e-17 Error = 3.39e-09 NNZ =     2861 SPT = 0.0189 Tsvd = 0.002 T = 0.051
 Site =    58 /   169 .. Mmpo =    55 DW = 6.32e-27 Error = 1.29e-12 NNZ =     2916 SPT = 0.0182 Tsvd = 0.002 T = 0.050
 Site =    59 /   169 .. Mmpo =    55 DW = 1.79e-17 Error = 4.23e-09 NNZ =     2965 SPT = 0.0198 Tsvd = 0.002 T = 0.051
 Site =    60 /   169 .. Mmpo =    55 DW = 9.20e-17 Error = 9.59e-09 NNZ =     2969 SPT = 0.0185 Tsvd = 0.002 T = 0.051
 Site =    61 /   169 .. Mmpo =    56 DW = 1.23e-26 Error = 7.45e-13 NNZ =     3024 SPT = 0.0182 Tsvd = 0.002 T = 0.050
 Site =    62 /   169 .. Mmpo =    56 DW = 3.92e-17 Error = 6.26e-09 NNZ =     3080 SPT = 0.0179 Tsvd = 0.002 T = 0.050
 Site =    63 /   169 .. Mmpo =    56 DW = 2.01e-17 Error = 4.48e-09 NNZ =     3079 SPT = 0.0182 Tsvd = 0.002 T = 0.050
 Site =    64 /   169 .. Mmpo =    56 DW = 6.99e-17 Error = 8.36e-09 NNZ =     3078 SPT = 0.0185 Tsvd = 0.002 T = 0.049
 Site =    65 /   169 .. Mmpo =    57 DW = 1.29e-26 Error = 3.88e-13 NNZ =     3135 SPT = 0.0179 Tsvd = 0.002 T = 0.050
 Site =    66 /   169 .. Mmpo =    57 DW = 4.36e-17 Error = 6.61e-09 NNZ =     3191 SPT = 0.0179 Tsvd = 0.002 T = 0.050
 Site =    67 /   169 .. Mmpo =    58 DW = 3.10e-26 Error = 4.30e-13 NNZ =     3247 SPT = 0.0178 Tsvd = 0.002 T = 0.050
 Site =    68 /   169 .. Mmpo =    58 DW = 5.92e-17 Error = 7.70e-09 NNZ =     3303 SPT = 0.0181 Tsvd = 0.002 T = 0.050
 Site =    69 /   169 .. Mmpo =    58 DW = 6.88e-17 Error = 8.30e-09 NNZ =     3303 SPT = 0.0181 Tsvd = 0.002 T = 0.050
 Site =    70 /   169 .. Mmpo =    58 DW = 4.69e-17 Error = 6.84e-09 NNZ =     3304 SPT = 0.0178 Tsvd = 0.002 T = 0.049
 Site =    71 /   169 .. Mmpo =    58 DW = 6.32e-17 Error = 7.95e-09 NNZ =     3303 SPT = 0.0181 Tsvd = 0.002 T = 0.049
 Site =    72 /   169 .. Mmpo =    58 DW = 5.66e-17 Error = 7.52e-09 NNZ =     3301 SPT = 0.0187 Tsvd = 0.002 T = 0.049
 Site =    73 /   169 .. Mmpo =    59 DW = 5.59e-26 Error = 4.34e-13 NNZ =     3361 SPT = 0.0178 Tsvd = 0.002 T = 0.048
 Site =    74 /   169 .. Mmpo =    59 DW = 3.58e-17 Error = 5.98e-09 NNZ =     3417 SPT = 0.0184 Tsvd = 0.002 T = 0.048
 Site =    75 /   169 .. Mmpo =    59 DW = 2.28e-17 Error = 4.77e-09 NNZ =     3419 SPT = 0.0178 Tsvd = 0.002 T = 0.048
 Site =    76 /   169 .. Mmpo =    59 DW = 4.82e-17 Error = 6.95e-09 NNZ =     3419 SPT = 0.0178 Tsvd = 0.002 T = 0.047
 Site =    77 /   169 .. Mmpo =    59 DW = 2.70e-17 Error = 5.20e-09 NNZ =     3420 SPT = 0.0175 Tsvd = 0.002 T = 0.046
 Site =    78 /   169 .. Mmpo =    59 DW = 8.10e-18 Error = 2.85e-09 NNZ =     3421 SPT = 0.0172 Tsvd = 0.001 T = 0.046
 Site =    79 /   169 .. Mmpo =    59 DW = 5.21e-17 Error = 7.22e-09 NNZ =     3415 SPT = 0.0190 Tsvd = 0.002 T = 0.047
 Site =    80 /   169 .. Mmpo =    59 DW = 9.30e-17 Error = 9.64e-09 NNZ =     3420 SPT = 0.0175 Tsvd = 0.001 T = 0.046
 Site =    81 /   169 .. Mmpo =    59 DW = 6.44e-17 Error = 8.03e-09 NNZ =     3418 SPT = 0.0181 Tsvd = 0.001 T = 0.046
 Site =    82 /   169 .. Mmpo =    59 DW = 5.14e-17 Error = 7.17e-09 NNZ =     3408 SPT = 0.0210 Tsvd = 0.001 T = 0.045
 Site =    83 /   169 .. Mmpo =    59 DW = 6.92e-17 Error = 8.32e-09 NNZ =     3418 SPT = 0.0181 Tsvd = 0.002 T = 0.045
 Site =    84 /   169 .. Mmpo =    59 DW = 4.84e-17 Error = 6.96e-09 NNZ =     3405 SPT = 0.0218 Tsvd = 0.001 T = 0.044
 Site =    85 /   169 .. Mmpo =    59 DW = 5.59e-17 Error = 7.48e-09 NNZ =     3415 SPT = 0.0190 Tsvd = 0.001 T = 0.045
 Site =    86 /   169 .. Mmpo =    59 DW = 7.89e-17 Error = 8.88e-09 NNZ =     3417 SPT = 0.0184 Tsvd = 0.001 T = 0.043
 Site =    87 /   169 .. Mmpo =    59 DW = 6.12e-17 Error = 7.82e-09 NNZ =     3418 SPT = 0.0181 Tsvd = 0.001 T = 0.043
 Site =    88 /   169 .. Mmpo =    58 DW = 9.89e-17 Error = 9.94e-09 NNZ =     3359 SPT = 0.0184 Tsvd = 0.001 T = 0.042
 Site =    89 /   169 .. Mmpo =    59 DW = 1.10e-25 Error = 1.23e-12 NNZ =     3361 SPT = 0.0178 Tsvd = 0.001 T = 0.042
 Site =    90 /   169 .. Mmpo =    59 DW = 4.61e-17 Error = 6.79e-09 NNZ =     3420 SPT = 0.0175 Tsvd = 0.001 T = 0.041
 Site =    91 /   169 .. Mmpo =    59 DW = 4.36e-18 Error = 2.09e-09 NNZ =     3420 SPT = 0.0175 Tsvd = 0.001 T = 0.041
 Site =    92 /   169 .. Mmpo =    58 DW = 9.46e-17 Error = 9.73e-09 NNZ =     3360 SPT = 0.0181 Tsvd = 0.001 T = 0.041
 Site =    93 /   169 .. Mmpo =    58 DW = 7.82e-17 Error = 8.84e-09 NNZ =     3305 SPT = 0.0175 Tsvd = 0.001 T = 0.040
 Site =    94 /   169 .. Mmpo =    58 DW = 6.23e-17 Error = 7.89e-09 NNZ =     3303 SPT = 0.0181 Tsvd = 0.001 T = 0.040
 Site =    95 /   169 .. Mmpo =    58 DW = 3.89e-17 Error = 6.24e-09 NNZ =     3304 SPT = 0.0178 Tsvd = 0.001 T = 0.039
 Site =    96 /   169 .. Mmpo =    58 DW = 6.56e-17 Error = 8.10e-09 NNZ =     3304 SPT = 0.0178 Tsvd = 0.001 T = 0.039
 Site =    97 /   169 .. Mmpo =    58 DW = 3.52e-17 Error = 5.93e-09 NNZ =     3303 SPT = 0.0181 Tsvd = 0.001 T = 0.038
 Site =    98 /   169 .. Mmpo =    58 DW = 4.14e-17 Error = 6.43e-09 NNZ =     3297 SPT = 0.0199 Tsvd = 0.001 T = 0.037
 Site =    99 /   169 .. Mmpo =    58 DW = 5.46e-17 Error = 7.39e-09 NNZ =     3295 SPT = 0.0205 Tsvd = 0.001 T = 0.037
 Site =   100 /   169 .. Mmpo =    58 DW = 5.42e-18 Error = 2.33e-09 NNZ =     3302 SPT = 0.0184 Tsvd = 0.001 T = 0.037
 Site =   101 /   169 .. Mmpo =    57 DW = 4.88e-17 Error = 6.99e-09 NNZ =     3246 SPT = 0.0181 Tsvd = 0.001 T = 0.036
 Site =   102 /   169 .. Mmpo =    57 DW = 3.65e-17 Error = 6.04e-09 NNZ =     3190 SPT = 0.0182 Tsvd = 0.001 T = 0.035
 Site =   103 /   169 .. Mmpo =    56 DW = 8.70e-18 Error = 2.95e-09 NNZ =     3133 SPT = 0.0185 Tsvd = 0.001 T = 0.034
 Site =   104 /   169 .. Mmpo =    56 DW = 5.74e-18 Error = 2.40e-09 NNZ =     3079 SPT = 0.0182 Tsvd = 0.001 T = 0.034
 Site =   105 /   169 .. Mmpo =    55 DW = 1.19e-16 Error = 1.09e-08 NNZ =     3022 SPT = 0.0188 Tsvd = 0.001 T = 0.033
 Site =   106 /   169 .. Mmpo =    55 DW = 3.88e-18 Error = 1.97e-09 NNZ =     2969 SPT = 0.0185 Tsvd = 0.001 T = 0.032
 Site =   107 /   169 .. Mmpo =    55 DW = 7.75e-17 Error = 8.80e-09 NNZ =     2967 SPT = 0.0192 Tsvd = 0.001 T = 0.032
 Site =   108 /   169 .. Mmpo =    54 DW = 4.78e-17 Error = 6.91e-09 NNZ =     2913 SPT = 0.0192 Tsvd = 0.001 T = 0.031
 Site =   109 /   169 .. Mmpo =    54 DW = 8.34e-17 Error = 9.13e-09 NNZ =     2860 SPT = 0.0192 Tsvd = 0.001 T = 0.031
 Site =   110 /   169 .. Mmpo =    54 DW = 2.20e-17 Error = 4.69e-09 NNZ =     2850 SPT = 0.0226 Tsvd = 0.001 T = 0.030
 Site =   111 /   169 .. Mmpo =    54 DW = 7.54e-18 Error = 2.75e-09 NNZ =     2859 SPT = 0.0195 Tsvd = 0.001 T = 0.030
 Site =   112 /   169 .. Mmpo =    53 DW = 4.67e-17 Error = 6.83e-09 NNZ =     2806 SPT = 0.0196 Tsvd = 0.001 T = 0.029
 Site =   113 /   169 .. Mmpo =    53 DW = 2.72e-18 Error = 1.65e-09 NNZ =     2754 SPT = 0.0196 Tsvd = 0.001 T = 0.028
 Site =   114 /   169 .. Mmpo =    52 DW = 7.12e-17 Error = 8.44e-09 NNZ =     2702 SPT = 0.0196 Tsvd = 0.001 T = 0.028
 Site =   115 /   169 .. Mmpo =    51 DW = 8.63e-18 Error = 2.94e-09 NNZ =     2600 SPT = 0.0196 Tsvd = 0.001 T = 0.027
 Site =   116 /   169 .. Mmpo =    50 DW = 1.67e-17 Error = 4.09e-09 NNZ =     2498 SPT = 0.0204 Tsvd = 0.001 T = 0.025
 Site =   117 /   169 .. Mmpo =    50 DW = 2.93e-17 Error = 5.41e-09 NNZ =     2450 SPT = 0.0200 Tsvd = 0.001 T = 0.025
 Site =   118 /   169 .. Mmpo =    50 DW = 3.58e-20 Error = 1.89e-10 NNZ =     2448 SPT = 0.0208 Tsvd = 0.001 T = 0.025
 Site =   119 /   169 .. Mmpo =    49 DW = 1.24e-17 Error = 3.52e-09 NNZ =     2399 SPT = 0.0208 Tsvd = 0.001 T = 0.024
 Site =   120 /   169 .. Mmpo =    48 DW = 4.42e-18 Error = 2.10e-09 NNZ =     2302 SPT = 0.0213 Tsvd = 0.001 T = 0.023
 Site =   121 /   169 .. Mmpo =    47 DW = 4.43e-17 Error = 6.65e-09 NNZ =     2207 SPT = 0.0217 Tsvd = 0.001 T = 0.022
 Site =   122 /   169 .. Mmpo =    47 DW = 6.13e-20 Error = 2.48e-10 NNZ =     2161 SPT = 0.0217 Tsvd = 0.001 T = 0.022
 Site =   123 /   169 .. Mmpo =    46 DW = 2.00e-17 Error = 4.47e-09 NNZ =     2114 SPT = 0.0222 Tsvd = 0.001 T = 0.021
 Site =   124 /   169 .. Mmpo =    46 DW = 2.30e-39 Error = 5.60e-13 NNZ =     2069 SPT = 0.0222 Tsvd = 0.001 T = 0.020
 Site =   125 /   169 .. Mmpo =    45 DW = 5.06e-38 Error = 7.67e-13 NNZ =     2023 SPT = 0.0227 Tsvd = 0.001 T = 0.020
 Site =   126 /   169 .. Mmpo =    44 DW = 2.92e-39 Error = 3.97e-13 NNZ =     1933 SPT = 0.0237 Tsvd = 0.001 T = 0.019
 Site =   127 /   169 .. Mmpo =    43 DW = 1.49e-38 Error = 3.38e-13 NNZ =     1849 SPT = 0.0227 Tsvd = 0.001 T = 0.018
 Site =   128 /   169 .. Mmpo =    42 DW = 9.38e-40 Error = 3.02e-13 NNZ =     1763 SPT = 0.0238 Tsvd = 0.001 T = 0.017
 Site =   129 /   169 .. Mmpo =    41 DW = 8.19e-39 Error = 1.02e-12 NNZ =     1680 SPT = 0.0244 Tsvd = 0.001 T = 0.016
 Site =   130 /   169 .. Mmpo =    40 DW = 1.81e-38 Error = 7.20e-12 NNZ =     1600 SPT = 0.0244 Tsvd = 0.000 T = 0.016
 Site =   131 /   169 .. Mmpo =    39 DW = 1.70e-40 Error = 7.55e-12 NNZ =     1521 SPT = 0.0250 Tsvd = 0.000 T = 0.016
 Site =   132 /   169 .. Mmpo =    38 DW = 2.08e-39 Error = 4.69e-13 NNZ =     1444 SPT = 0.0256 Tsvd = 0.000 T = 0.014
 Site =   133 /   169 .. Mmpo =    37 DW = 9.20e-40 Error = 5.34e-13 NNZ =     1369 SPT = 0.0263 Tsvd = 0.000 T = 0.014
 Site =   134 /   169 .. Mmpo =    36 DW = 1.73e-39 Error = 3.32e-13 NNZ =     1296 SPT = 0.0270 Tsvd = 0.000 T = 0.013
 Site =   135 /   169 .. Mmpo =    35 DW = 7.85e-38 Error = 4.80e-13 NNZ =     1225 SPT = 0.0278 Tsvd = 0.000 T = 0.012
 Site =   136 /   169 .. Mmpo =    34 DW = 2.80e-39 Error = 3.18e-13 NNZ =     1156 SPT = 0.0286 Tsvd = 0.000 T = 0.012
 Site =   137 /   169 .. Mmpo =    33 DW = 1.23e-39 Error = 2.20e-13 NNZ =     1089 SPT = 0.0294 Tsvd = 0.000 T = 0.011
 Site =   138 /   169 .. Mmpo =    32 DW = 1.30e-38 Error = 4.94e-13 NNZ =     1024 SPT = 0.0303 Tsvd = 0.000 T = 0.010
 Site =   139 /   169 .. Mmpo =    31 DW = 4.33e-39 Error = 7.49e-12 NNZ =      961 SPT = 0.0312 Tsvd = 0.000 T = 0.010
 Site =   140 /   169 .. Mmpo =    30 DW = 6.46e-39 Error = 6.46e-12 NNZ =      900 SPT = 0.0323 Tsvd = 0.000 T = 0.009
 Site =   141 /   169 .. Mmpo =    29 DW = 2.16e-40 Error = 4.42e-12 NNZ =      841 SPT = 0.0333 Tsvd = 0.000 T = 0.009
 Site =   142 /   169 .. Mmpo =    28 DW = 1.11e-38 Error = 5.78e-13 NNZ =      784 SPT = 0.0345 Tsvd = 0.000 T = 0.008
 Site =   143 /   169 .. Mmpo =    27 DW = 1.91e-38 Error = 3.78e-12 NNZ =      729 SPT = 0.0357 Tsvd = 0.000 T = 0.007
 Site =   144 /   169 .. Mmpo =    26 DW = 2.19e-41 Error = 4.08e-12 NNZ =      676 SPT = 0.0370 Tsvd = 0.000 T = 0.007
 Site =   145 /   169 .. Mmpo =    25 DW = 4.79e-38 Error = 5.34e-12 NNZ =      625 SPT = 0.0385 Tsvd = 0.000 T = 0.008
 Site =   146 /   169 .. Mmpo =    24 DW = 1.80e-38 Error = 5.20e-12 NNZ =      576 SPT = 0.0400 Tsvd = 0.000 T = 0.006
 Site =   147 /   169 .. Mmpo =    23 DW = 2.05e-39 Error = 4.89e-12 NNZ =      529 SPT = 0.0417 Tsvd = 0.000 T = 0.006
 Site =   148 /   169 .. Mmpo =    22 DW = 2.08e-40 Error = 4.71e-12 NNZ =      484 SPT = 0.0435 Tsvd = 0.000 T = 0.005
 Site =   149 /   169 .. Mmpo =    21 DW = 8.93e-40 Error = 3.54e-12 NNZ =      441 SPT = 0.0455 Tsvd = 0.000 T = 0.005
 Site =   150 /   169 .. Mmpo =    20 DW = 5.56e-40 Error = 4.22e-12 NNZ =      400 SPT = 0.0476 Tsvd = 0.000 T = 0.004
 Site =   151 /   169 .. Mmpo =    19 DW = 1.85e-38 Error = 4.10e-12 NNZ =      361 SPT = 0.0500 Tsvd = 0.000 T = 0.004
 Site =   152 /   169 .. Mmpo =    18 DW = 3.72e-40 Error = 3.86e-12 NNZ =      324 SPT = 0.0526 Tsvd = 0.000 T = 0.004
 Site =   153 /   169 .. Mmpo =    17 DW = 2.62e-38 Error = 3.20e-12 NNZ =      289 SPT = 0.0556 Tsvd = 0.000 T = 0.003
 Site =   154 /   169 .. Mmpo =    16 DW = 1.43e-38 Error = 2.49e-12 NNZ =      256 SPT = 0.0588 Tsvd = 0.000 T = 0.003
 Site =   155 /   169 .. Mmpo =    15 DW = 3.55e-39 Error = 1.01e-12 NNZ =      225 SPT = 0.0625 Tsvd = 0.000 T = 0.003
 Site =   156 /   169 .. Mmpo =    14 DW = 5.31e-39 Error = 2.73e-13 NNZ =      196 SPT = 0.0667 Tsvd = 0.000 T = 0.002
 Site =   157 /   169 .. Mmpo =    13 DW = 7.51e-40 Error = 2.44e-13 NNZ =      169 SPT = 0.0714 Tsvd = 0.000 T = 0.002
 Site =   158 /   169 .. Mmpo =    12 DW = 1.70e-40 Error = 5.78e-13 NNZ =      144 SPT = 0.0769 Tsvd = 0.000 T = 0.002
 Site =   159 /   169 .. Mmpo =    11 DW = 7.94e-39 Error = 2.22e-13 NNZ =      121 SPT = 0.0833 Tsvd = 0.000 T = 0.002
 Site =   160 /   169 .. Mmpo =    10 DW = 3.71e-40 Error = 4.73e-13 NNZ =      100 SPT = 0.0909 Tsvd = 0.000 T = 0.001
 Site =   161 /   169 .. Mmpo =     9 DW = 5.04e-39 Error = 1.68e-13 NNZ =       81 SPT = 0.1000 Tsvd = 0.000 T = 0.001
 Site =   162 /   169 .. Mmpo =     8 DW = 2.57e-39 Error = 1.53e-13 NNZ =       64 SPT = 0.1111 Tsvd = 0.000 T = 0.001
 Site =   163 /   169 .. Mmpo =     7 DW = 5.86e-40 Error = 2.01e-13 NNZ =       49 SPT = 0.1250 Tsvd = 0.000 T = 0.001
 Site =   164 /   169 .. Mmpo =     6 DW = 5.08e-40 Error = 8.25e-14 NNZ =       36 SPT = 0.1429 Tsvd = 0.000 T = 0.001
 Site =   165 /   169 .. Mmpo =     5 DW = 2.42e-40 Error = 1.49e-13 NNZ =       25 SPT = 0.1667 Tsvd = 0.000 T = 0.000
 Site =   166 /   169 .. Mmpo =     4 DW = 1.71e-40 Error = 1.46e-13 NNZ =       16 SPT = 0.2000 Tsvd = 0.000 T = 0.000
 Site =   167 /   169 .. Mmpo =     3 DW = 1.93e-39 Error = 2.39e-13 NNZ =        9 SPT = 0.2500 Tsvd = 0.000 T = 0.000
 Site =   168 /   169 .. Mmpo =     1 DW = 0.00e+00 Error = 1.62e-13 NNZ =        3 SPT = 0.0000 Tsvd = 0.000 T = 0.000
Ttotal =      4.759 Tsvd-total = 0.145 MPO bond dimension =    59 MaxDW = 1.19e-16 Total error = 5.45e-08
NNZ =       303641 SIZE =       310317 SPT = 0.0215

Rank =     0 Ttotal =      4.765 MPO method = FastSVD bond dimension =      59 NNZ =       303641 SIZE =       310317 SPT = 0.0215
Environment initialization | Nsites =   169 | Center =   118
 INIT-L --> Site =    1 ..  Bmem =   128 B Rmem =   128 B T = 0.01
 INIT-L --> Site =    2 ..  Bmem =   640 B Rmem =   640 B T = 0.01
 INIT-L --> Site =    3 ..  Bmem = 3.00 KB Rmem = 3.00 KB T = 0.01
 INIT-L --> Site =    4 ..  Bmem = 14.0 KB Rmem = 14.0 KB T = 0.01
 INIT-L --> Site =    5 ..  Bmem = 64.0 KB Rmem = 64.0 KB T = 0.03
 INIT-L --> Site =    6 ..  Bmem =  288 KB Rmem =  288 KB T = 0.01
 INIT-L --> Site =    7 ..  Bmem = 1.25 MB Rmem = 1.25 MB T = 0.03
 INIT-L --> Site =    8 ..  Bmem = 5.50 MB Rmem = 5.50 MB T = 0.09
 INIT-L --> Site =    9 ..  Bmem = 24.0 MB Rmem = 23.7 MB T = 0.34
 INIT-L --> Site =   10 ..  Bmem =  103 MB Rmem = 30.0 MB T = 1.34
 INIT-L --> Site =   11 ..  Bmem =  129 MB Rmem = 32.3 MB T = 1.76
 INIT-L --> Site =   12 ..  Bmem =  138 MB Rmem = 34.6 MB T = 1.88
 INIT-L --> Site =   13 ..  Bmem =  148 MB Rmem = 36.9 MB T = 2.15
 INIT-L --> Site =   14 ..  Bmem =  157 MB Rmem = 39.2 MB T = 2.40
 INIT-L --> Site =   15 ..  Bmem =  166 MB Rmem = 41.5 MB T = 2.71
 INIT-L --> Site =   16 ..  Bmem =  175 MB Rmem = 43.8 MB T = 10.67
 INIT-L --> Site =   17 ..  Bmem =  185 MB Rmem = 46.2 MB T = 3.30
 INIT-L --> Site =   18 ..  Bmem =  194 MB Rmem = 48.5 MB T = 3.61
 INIT-L --> Site =   19 ..  Bmem =  203 MB Rmem = 50.8 MB T = 4.10
 INIT-L --> Site =   20 ..  Bmem =  212 MB Rmem = 53.1 MB T = 4.30
 INIT-L --> Site =   21 ..  Bmem =  222 MB Rmem = 55.4 MB T = 4.69
 INIT-L --> Site =   22 ..  Bmem =  231 MB Rmem = 57.7 MB T = 5.18
 INIT-L --> Site =   23 ..  Bmem =  240 MB Rmem = 60.0 MB T = 5.49
 INIT-L --> Site =   24 ..  Bmem =  249 MB Rmem = 62.3 MB T = 5.90
 INIT-L --> Site =   25 ..  Bmem =  258 MB Rmem = 64.6 MB T = 6.37
 INIT-L --> Site =   26 ..  Bmem =  268 MB Rmem = 66.9 MB T = 6.82
 INIT-L --> Site =   27 ..  Bmem =  277 MB Rmem = 69.2 MB T = 7.21
 INIT-L --> Site =   28 ..  Bmem =  286 MB Rmem = 71.5 MB T = 7.70
 INIT-L --> Site =   29 ..  Bmem =  295 MB Rmem = 73.9 MB T = 8.24
 INIT-L --> Site =   30 ..  Bmem =  305 MB Rmem = 76.2 MB T = 8.70
 INIT-L --> Site =   31 ..  Bmem =  314 MB Rmem = 78.5 MB T = 9.26
 INIT-L --> Site =   32 ..  Bmem =  323 MB Rmem = 80.8 MB T = 9.79
 INIT-L --> Site =   33 ..  Bmem =  332 MB Rmem = 83.1 MB T = 11.14
 INIT-L --> Site =   34 ..  Bmem =  342 MB Rmem = 85.4 MB T = 10.97
 INIT-L --> Site =   35 ..  Bmem =  351 MB Rmem = 87.7 MB T = 11.49
 INIT-L --> Site =   36 ..  Bmem =  360 MB Rmem = 90.0 MB T = 12.10
 INIT-L --> Site =   37 ..  Bmem =  369 MB Rmem = 92.3 MB T = 12.71
 INIT-L --> Site =   38 ..  Bmem =  378 MB Rmem = 94.6 MB T = 17.25
 INIT-L --> Site =   39 ..  Bmem =  388 MB Rmem = 96.9 MB T = 14.01
 INIT-L --> Site =   40 ..  Bmem =  397 MB Rmem = 99.2 MB T = 14.72
 INIT-L --> Site =   41 ..  Bmem =  406 MB Rmem =  102 MB T = 22.36
 INIT-L --> Site =   42 ..  Bmem =  415 MB Rmem =  104 MB T = 16.05
 INIT-L --> Site =   43 ..  Bmem =  425 MB Rmem =  106 MB T = 16.77
 INIT-L --> Site =   44 ..  Bmem =  434 MB Rmem =  108 MB T = 17.46
 INIT-L --> Site =   45 ..  Bmem =  434 MB Rmem =  108 MB T = 17.81
 INIT-L --> Site =   46 ..  Bmem =  443 MB Rmem =  111 MB T = 18.20
 INIT-L --> Site =   47 ..  Bmem =  443 MB Rmem =  111 MB T = 18.56
 INIT-L --> Site =   48 ..  Bmem =  452 MB Rmem =  113 MB T = 19.03
 INIT-L --> Site =   49 ..  Bmem =  462 MB Rmem =  115 MB T = 19.71
 INIT-L --> Site =   50 ..  Bmem =  471 MB Rmem =  118 MB T = 20.53
 INIT-L --> Site =   51 ..  Bmem =  471 MB Rmem =  118 MB T = 21.00
 INIT-L --> Site =   52 ..  Bmem =  480 MB Rmem =  120 MB T = 21.34
 INIT-L --> Site =   53 ..  Bmem =  480 MB Rmem =  120 MB T = 21.73
 INIT-L --> Site =   54 ..  Bmem =  489 MB Rmem =  122 MB T = 22.21
 INIT-L --> Site =   55 ..  Bmem =  499 MB Rmem =  125 MB T = 23.10
 INIT-L --> Site =   56 ..  Bmem =  499 MB Rmem =  125 MB T = 23.52
 INIT-L --> Site =   57 ..  Bmem =  508 MB Rmem =  127 MB T = 23.85
 INIT-L --> Site =   58 ..  Bmem =  508 MB Rmem =  127 MB T = 24.38
 INIT-L --> Site =   59 ..  Bmem =  517 MB Rmem =  129 MB T = 24.75
 INIT-L --> Site =   60 ..  Bmem =  517 MB Rmem =  129 MB T = 25.15
 INIT-L --> Site =   61 ..  Bmem =  517 MB Rmem =  129 MB T = 25.14
 INIT-L --> Site =   62 ..  Bmem =  526 MB Rmem =  132 MB T = 25.65
 INIT-L --> Site =   63 ..  Bmem =  526 MB Rmem =  132 MB T = 26.09
 INIT-L --> Site =   64 ..  Bmem =  526 MB Rmem =  132 MB T = 25.99
 INIT-L --> Site =   65 ..  Bmem =  526 MB Rmem =  132 MB T = 25.98
 INIT-L --> Site =   66 ..  Bmem =  535 MB Rmem =  134 MB T = 26.64
 INIT-L --> Site =   67 ..  Bmem =  535 MB Rmem =  134 MB T = 26.99
 INIT-L --> Site =   68 ..  Bmem =  545 MB Rmem =  136 MB T = 27.38
 INIT-L --> Site =   69 ..  Bmem =  545 MB Rmem =  136 MB T = 27.83
 INIT-L --> Site =   70 ..  Bmem =  545 MB Rmem =  136 MB T = 27.81
 INIT-L --> Site =   71 ..  Bmem =  545 MB Rmem =  136 MB T = 27.88
 INIT-L --> Site =   72 ..  Bmem =  545 MB Rmem =  136 MB T = 27.85
 INIT-L --> Site =   73 ..  Bmem =  545 MB Rmem =  136 MB T = 27.81
 INIT-L --> Site =   74 ..  Bmem =  554 MB Rmem =  138 MB T = 28.28
 INIT-L --> Site =   75 ..  Bmem =  554 MB Rmem =  138 MB T = 28.71
 INIT-L --> Site =   76 ..  Bmem =  554 MB Rmem =  138 MB T = 28.85
 INIT-L --> Site =   77 ..  Bmem =  554 MB Rmem =  138 MB T = 28.75
 INIT-L --> Site =   78 ..  Bmem =  554 MB Rmem =  138 MB T = 28.79
 INIT-L --> Site =   79 ..  Bmem =  554 MB Rmem =  138 MB T = 28.75
 INIT-L --> Site =   80 ..  Bmem =  554 MB Rmem =  138 MB T = 28.81
 INIT-L --> Site =   81 ..  Bmem =  554 MB Rmem =  138 MB T = 28.82
 INIT-L --> Site =   82 ..  Bmem =  554 MB Rmem =  138 MB T = 28.89
 INIT-L --> Site =   83 ..  Bmem =  554 MB Rmem =  138 MB T = 28.71
 INIT-L --> Site =   84 ..  Bmem =  554 MB Rmem =  138 MB T = 28.83
 INIT-L --> Site =   85 ..  Bmem =  554 MB Rmem =  138 MB T = 28.84
 INIT-L --> Site =   86 ..  Bmem =  554 MB Rmem =  138 MB T = 28.99
 INIT-L --> Site =   87 ..  Bmem =  554 MB Rmem =  138 MB T = 29.01
 INIT-L --> Site =   88 ..  Bmem =  554 MB Rmem =  138 MB T = 29.02
 INIT-L --> Site =   89 ..  Bmem =  545 MB Rmem =  136 MB T = 30.18
 INIT-L --> Site =   90 ..  Bmem =  554 MB Rmem =  138 MB T = 28.61
 INIT-L --> Site =   91 ..  Bmem =  554 MB Rmem =  138 MB T = 29.00
 INIT-L --> Site =   92 ..  Bmem =  554 MB Rmem =  138 MB T = 29.02
 INIT-L --> Site =   93 ..  Bmem =  545 MB Rmem =  136 MB T = 28.55
 INIT-L --> Site =   94 ..  Bmem =  545 MB Rmem =  136 MB T = 28.09
 INIT-L --> Site =   95 ..  Bmem =  545 MB Rmem =  136 MB T = 28.06
 INIT-L --> Site =   96 ..  Bmem =  545 MB Rmem =  136 MB T = 28.11
 INIT-L --> Site =   97 ..  Bmem =  545 MB Rmem =  136 MB T = 28.11
 INIT-L --> Site =   98 ..  Bmem =  545 MB Rmem =  136 MB T = 28.06
 INIT-L --> Site =   99 ..  Bmem =  545 MB Rmem =  136 MB T = 28.09
 INIT-L --> Site =  100 ..  Bmem =  545 MB Rmem =  136 MB T = 28.44
 INIT-L --> Site =  101 ..  Bmem =  545 MB Rmem =  136 MB T = 36.53
 INIT-L --> Site =  102 ..  Bmem =  535 MB Rmem =  134 MB T = 27.70
 INIT-L --> Site =  103 ..  Bmem =  535 MB Rmem =  134 MB T = 27.16
 INIT-L --> Site =  104 ..  Bmem =  526 MB Rmem =  132 MB T = 26.61
 INIT-L --> Site =  105 ..  Bmem =  526 MB Rmem =  132 MB T = 26.23
 INIT-L --> Site =  106 ..  Bmem =  517 MB Rmem =  129 MB T = 25.72
 INIT-L --> Site =  107 ..  Bmem =  517 MB Rmem =  129 MB T = 25.36
 INIT-L --> Site =  108 ..  Bmem =  517 MB Rmem =  129 MB T = 29.97
 INIT-L --> Site =  109 ..  Bmem =  508 MB Rmem =  127 MB T = 24.83
 INIT-L --> Site =  110 ..  Bmem =  508 MB Rmem =  127 MB T = 24.43
 INIT-L --> Site =  111 ..  Bmem =  508 MB Rmem =  127 MB T = 49.44
 INIT-L --> Site =  112 ..  Bmem =  508 MB Rmem =  127 MB T = 24.28
 INIT-L --> Site =  113 ..  Bmem =  499 MB Rmem =  125 MB T = 23.83
 INIT-L --> Site =  114 ..  Bmem =  499 MB Rmem =  125 MB T = 23.42
 INIT-L --> Site =  115 ..  Bmem =  489 MB Rmem =  122 MB T = 22.98
 INIT-L --> Site =  116 ..  Bmem =  480 MB Rmem =  120 MB T = 22.27
 INIT-L --> Site =  117 ..  Bmem =  471 MB Rmem =  118 MB T = 21.27
 INIT-L --> Site =  118 ..  Bmem =  471 MB Rmem =  118 MB T = 20.97
 INIT-R <-- Site =  167 ..  Bmem =   128 B Rmem =   128 B T = 0.01
 INIT-R <-- Site =  166 ..  Bmem =   640 B Rmem =   640 B T = 0.01
 INIT-R <-- Site =  165 ..  Bmem = 3.00 KB Rmem = 3.00 KB T = 0.01
 INIT-R <-- Site =  164 ..  Bmem = 14.0 KB Rmem = 14.0 KB T = 0.02
 INIT-R <-- Site =  163 ..  Bmem = 64.0 KB Rmem = 64.0 KB T = 0.01
 INIT-R <-- Site =  162 ..  Bmem =  288 KB Rmem =  288 KB T = 0.01
 INIT-R <-- Site =  161 ..  Bmem = 1.25 MB Rmem = 1.25 MB T = 20.09
 INIT-R <-- Site =  160 ..  Bmem = 5.50 MB Rmem = 5.50 MB T = 0.04
 INIT-R <-- Site =  159 ..  Bmem = 24.0 MB Rmem = 23.7 MB T = 0.22
 INIT-R <-- Site =  158 ..  Bmem =  103 MB Rmem = 30.0 MB T = 0.60
 INIT-R <-- Site =  157 ..  Bmem =  129 MB Rmem = 32.3 MB T = 0.63
 INIT-R <-- Site =  156 ..  Bmem =  138 MB Rmem = 34.6 MB T = 0.67
 INIT-R <-- Site =  155 ..  Bmem =  148 MB Rmem = 36.9 MB T = 0.72
 INIT-R <-- Site =  154 ..  Bmem =  157 MB Rmem = 39.2 MB T = 0.76
 INIT-R <-- Site =  153 ..  Bmem =  166 MB Rmem = 41.5 MB T = 0.83
 INIT-R <-- Site =  152 ..  Bmem =  175 MB Rmem = 43.8 MB T = 0.88
 INIT-R <-- Site =  151 ..  Bmem =  185 MB Rmem = 46.2 MB T = 0.94
 INIT-R <-- Site =  150 ..  Bmem =  194 MB Rmem = 48.5 MB T = 5.63
 INIT-R <-- Site =  149 ..  Bmem =  203 MB Rmem = 50.8 MB T = 1.05
 INIT-R <-- Site =  148 ..  Bmem =  212 MB Rmem = 53.1 MB T = 1.17
 INIT-R <-- Site =  147 ..  Bmem =  222 MB Rmem = 55.4 MB T = 1.17
 INIT-R <-- Site =  146 ..  Bmem =  231 MB Rmem = 57.7 MB T = 1.45
 INIT-R <-- Site =  145 ..  Bmem =  240 MB Rmem = 60.0 MB T = 1.43
 INIT-R <-- Site =  144 ..  Bmem =  249 MB Rmem = 62.3 MB T = 1.50
 INIT-R <-- Site =  143 ..  Bmem =  258 MB Rmem = 64.6 MB T = 1.51
 INIT-R <-- Site =  142 ..  Bmem =  268 MB Rmem = 66.9 MB T = 1.54
 INIT-R <-- Site =  141 ..  Bmem =  277 MB Rmem = 69.2 MB T = 1.67
 INIT-R <-- Site =  140 ..  Bmem =  286 MB Rmem = 71.5 MB T = 1.75
 INIT-R <-- Site =  139 ..  Bmem =  295 MB Rmem = 73.9 MB T = 1.68
 INIT-R <-- Site =  138 ..  Bmem =  305 MB Rmem = 76.2 MB T = 1.74
 INIT-R <-- Site =  137 ..  Bmem =  314 MB Rmem = 78.5 MB T = 1.85
 INIT-R <-- Site =  136 ..  Bmem =  323 MB Rmem = 80.8 MB T = 1.92
 INIT-R <-- Site =  135 ..  Bmem =  332 MB Rmem = 83.1 MB T = 2.08
 INIT-R <-- Site =  134 ..  Bmem =  342 MB Rmem = 85.4 MB T = 2.09
 INIT-R <-- Site =  133 ..  Bmem =  351 MB Rmem = 87.7 MB T = 2.16
 INIT-R <-- Site =  132 ..  Bmem =  360 MB Rmem = 90.0 MB T = 2.28
 INIT-R <-- Site =  131 ..  Bmem =  369 MB Rmem = 92.3 MB T = 2.29
 INIT-R <-- Site =  130 ..  Bmem =  378 MB Rmem = 94.6 MB T = 2.35
 INIT-R <-- Site =  129 ..  Bmem =  388 MB Rmem = 96.9 MB T = 2.41
 INIT-R <-- Site =  128 ..  Bmem =  397 MB Rmem = 99.2 MB T = 2.51
 INIT-R <-- Site =  127 ..  Bmem =  406 MB Rmem =  102 MB T = 2.71
 INIT-R <-- Site =  126 ..  Bmem =  415 MB Rmem =  104 MB T = 8.24
 INIT-R <-- Site =  125 ..  Bmem =  425 MB Rmem =  106 MB T = 2.94
 INIT-R <-- Site =  124 ..  Bmem =  434 MB Rmem =  108 MB T = 2.89
 INIT-R <-- Site =  123 ..  Bmem =  434 MB Rmem =  108 MB T = 2.96
 INIT-R <-- Site =  122 ..  Bmem =  443 MB Rmem =  111 MB T = 2.97
 INIT-R <-- Site =  121 ..  Bmem =  443 MB Rmem =  111 MB T = 3.02
 INIT-R <-- Site =  120 ..  Bmem =  452 MB Rmem =  113 MB T = 3.04
 INIT-R <-- Site =  119 ..  Bmem =  462 MB Rmem =  115 MB T = 3.20
 INIT-R <-- Site =  118 ..  Bmem =  471 MB Rmem =  118 MB T = 11.91
Time init sweep =     2367.975 | MaxBmem =  554 MB | MaxRmem =  138 MB
 | Tread = 0.000 | Twrite = 136.443 | Tfpread = 0.000 | Tfpwrite = 20.734 | data = 14.9 GB | cpsd = 11.2 GB | Tasync = 0.000


Sweep =   51 | Direction = backward | Bond dimension =  550 | Noise =  0.00e+00 | Dav threshold =  1.00e-06
 <-- Site =  118 .. Mmps =  550 Ndav =   1 E =     -0.0000016525 Error = 1.04e-15 FLOPS = 2.74e+10 Tdav = 0.61 T = 21.48
 <-- Site =  117 .. Mmps =  550 Ndav =   3 E =    -83.8512174145 Error = 4.07e-16 FLOPS = 3.38e+10 Tdav = 4.43 T = 28.17
 <-- Site =  116 .. Mmps =  550 Ndav =   3 E =    -83.8512174507 Error = 1.35e-17 FLOPS = 3.38e+10 Tdav = 4.44 T = 28.82
 <-- Site =  115 .. Mmps =  550 Ndav =   3 E =    -83.8512175347 Error = 7.11e-18 FLOPS = 3.39e+10 Tdav = 4.50 T = 29.58
 <-- Site =  114 .. Mmps =  550 Ndav =   4 E =    -83.8512176668 Error = 9.05e-18 FLOPS = 3.40e+10 Tdav = 6.10 T = 32.24
 <-- Site =  113 .. Mmps =  550 Ndav =   4 E =    -83.8512178266 Error = 2.18e-17 FLOPS = 3.40e+10 Tdav = 6.23 T = 32.80
 <-- Site =  112 .. Mmps =  550 Ndav =   3 E =    -83.8512178937 Error = 9.44e-18 FLOPS = 3.40e+10 Tdav = 4.66 T = 31.72
 <-- Site =  111 .. Mmps =  550 Ndav =   3 E =    -83.8512179295 Error = 3.44e-18 FLOPS = 3.39e+10 Tdav = 4.77 T = 32.59
 <-- Site =  110 .. Mmps =  550 Ndav =   2 E =    -83.8512179556 Error = 7.70e-18 FLOPS = 3.37e+10 Tdav = 3.20 T = 40.73
 <-- Site =  109 .. Mmps =  550 Ndav =   3 E =    -83.8512179903 Error = 3.77e-18 FLOPS = 3.38e+10 Tdav = 4.78 T = 39.24
 <-- Site =  108 .. Mmps =  550 Ndav =   2 E =    -83.8512180322 Error = 8.73e-18 FLOPS = 3.37e+10 Tdav = 3.20 T = 31.23
 <-- Site =  107 .. Mmps =  550 Ndav =   3 E =    -83.8512180976 Error = 1.01e-17 FLOPS = 3.40e+10 Tdav = 4.85 T = 43.19
 <-- Site =  106 .. Mmps =  550 Ndav =   3 E =    -83.8512181537 Error = 1.73e-17 FLOPS = 3.36e+10 Tdav = 4.90 T = 39.82
 <-- Site =  105 .. Mmps =  550 Ndav =   2 E =    -83.8512181704 Error = 5.03e-18 FLOPS = 3.29e+10 Tdav = 3.33 T = 38.61
 <-- Site =  104 .. Mmps =  550 Ndav =   3 E =    -83.8512182518 Error = 1.39e-17 FLOPS = 3.31e+10 Tdav = 5.06 T = 66.01
 <-- Site =  103 .. Mmps =  550 Ndav =   2 E =    -83.8512182726 Error = 7.00e-18 FLOPS = 3.22e+10 Tdav = 3.47 T = 43.52
 <-- Site =  102 .. Mmps =  550 Ndav =   3 E =    -83.8512183483 Error = 7.02e-18 FLOPS = 3.25e+10 Tdav = 5.25 T = 35.82
 <-- Site =  101 .. Mmps =  550 Ndav =   3 E =    -83.8512183928 Error = 6.27e-18 FLOPS = 3.21e+10 Tdav = 5.32 T = 40.15
 <-- Site =  100 .. Mmps =  550 Ndav =   3 E =    -83.8512184402 Error = 3.79e-18 FLOPS = 3.22e+10 Tdav = 5.39 T = 42.83
 <-- Site =   99 .. Mmps =  550 Ndav =   3 E =    -83.8512185118 Error = 5.18e-18 FLOPS = 3.22e+10 Tdav = 5.39 T = 37.39
 <-- Site =   98 .. Mmps =  550 Ndav =   3 E =    -83.8512185968 Error = 1.36e-17 FLOPS = 3.22e+10 Tdav = 5.40 T = 37.28
 <-- Site =   97 .. Mmps =  550 Ndav =   3 E =    -83.8512186717 Error = 6.93e-18 FLOPS = 3.20e+10 Tdav = 5.42 T = 37.34
 <-- Site =   96 .. Mmps =  550 Ndav =   3 E =    -83.8512187587 Error = 1.52e-17 FLOPS = 3.22e+10 Tdav = 5.39 T = 37.71
 <-- Site =   95 .. Mmps =  550 Ndav =   3 E =    -83.8512188266 Error = 7.07e-18 FLOPS = 3.21e+10 Tdav = 5.41 T = 44.42
 <-- Site =   94 .. Mmps =  550 Ndav =   3 E =    -83.8512188788 Error = 5.23e-18 FLOPS = 3.21e+10 Tdav = 5.41 T = 37.61
 <-- Site =   93 .. Mmps =  550 Ndav =   4 E =    -83.8512190339 Error = 7.13e-18 FLOPS = 3.25e+10 Tdav = 7.13 T = 48.29
 <-- Site =   92 .. Mmps =  550 Ndav =   4 E =    -83.8512191725 Error = 5.78e-18 FLOPS = 3.24e+10 Tdav = 7.14 T = 39.89
 <-- Site =   91 .. Mmps =  550 Ndav =   5 E =    -83.8512196038 Error = 1.83e-17 FLOPS = 3.26e+10 Tdav = 9.03 T = 44.81
 <-- Site =   90 .. Mmps =  550 Ndav =   3 E =    -83.8512196802 Error = 1.63e-17 FLOPS = 3.20e+10 Tdav = 5.52 T = 39.07
 <-- Site =   89 .. Mmps =  550 Ndav =   4 E =    -83.8512198398 Error = 9.15e-18 FLOPS = 3.25e+10 Tdav = 7.25 T = 40.01
 <-- Site =   88 .. Mmps =  550 Ndav =   3 E =    -83.8512199349 Error = 5.79e-18 FLOPS = 3.18e+10 Tdav = 5.46 T = 37.97
 <-- Site =   87 .. Mmps =  550 Ndav =   3 E =    -83.8512200463 Error = 2.01e-17 FLOPS = 3.15e+10 Tdav = 5.61 T = 38.56
 <-- Site =   86 .. Mmps =  550 Ndav =   3 E =    -83.8512201484 Error = 9.07e-18 FLOPS = 3.16e+10 Tdav = 5.58 T = 38.61
 <-- Site =   85 .. Mmps =  550 Ndav =   4 E =    -83.8512202885 Error = 6.40e-18 FLOPS = 3.22e+10 Tdav = 7.33 T = 47.94
 <-- Site =   84 .. Mmps =  550 Ndav =   3 E =    -83.8512203826 Error = 6.14e-18 FLOPS = 3.16e+10 Tdav = 5.58 T = 38.89
 <-- Site =   83 .. Mmps =  550 Ndav =   4 E =    -83.8512205547 Error = 7.15e-18 FLOPS = 3.23e+10 Tdav = 7.29 T = 40.48
 <-- Site =   82 .. Mmps =  550 Ndav =   3 E =    -83.8512206642 Error = 3.60e-18 FLOPS = 3.19e+10 Tdav = 5.54 T = 38.60
 <-- Site =   81 .. Mmps =  550 Ndav =   4 E =    -83.8512208306 Error = 9.21e-18 FLOPS = 3.19e+10 Tdav = 7.38 T = 40.59
 <-- Site =   80 .. Mmps =  550 Ndav =   4 E =    -83.8512209927 Error = 9.82e-18 FLOPS = 3.22e+10 Tdav = 7.31 T = 40.44
 <-- Site =   79 .. Mmps =  550 Ndav =   3 E =    -83.8512210604 Error = 5.57e-18 FLOPS = 3.18e+10 Tdav = 5.55 T = 38.62
 <-- Site =   78 .. Mmps =  550 Ndav =   4 E =    -83.8512212167 Error = 1.27e-17 FLOPS = 3.20e+10 Tdav = 7.36 T = 40.22
 <-- Site =   77 .. Mmps =  550 Ndav =   3 E =    -83.8512212621 Error = 1.21e-17 FLOPS = 3.18e+10 Tdav = 5.56 T = 38.69
 <-- Site =   76 .. Mmps =  550 Ndav =   3 E =    -83.8512213513 Error = 6.83e-18 FLOPS = 3.19e+10 Tdav = 5.54 T = 38.39
 <-- Site =   75 .. Mmps =  550 Ndav =   3 E =    -83.8512214030 Error = 4.49e-18 FLOPS = 3.20e+10 Tdav = 5.52 T = 38.36
 <-- Site =   74 .. Mmps =  550 Ndav =   2 E =    -83.8512214592 Error = 7.08e-18 FLOPS = 3.14e+10 Tdav = 3.75 T = 36.72
 <-- Site =   73 .. Mmps =  550 Ndav =   3 E =    -83.8512215227 Error = 6.16e-18 FLOPS = 3.21e+10 Tdav = 5.50 T = 42.62
 <-- Site =   72 .. Mmps =  550 Ndav =   3 E =    -83.8512216179 Error = 1.24e-17 FLOPS = 3.20e+10 Tdav = 5.43 T = 37.15
 <-- Site =   71 .. Mmps =  550 Ndav =   3 E =    -83.8512217011 Error = 9.94e-18 FLOPS = 3.22e+10 Tdav = 5.40 T = 37.14
 <-- Site =   70 .. Mmps =  550 Ndav =   3 E =    -83.8512217833 Error = 2.55e-17 FLOPS = 3.22e+10 Tdav = 5.40 T = 37.18
 <-- Site =   69 .. Mmps =  550 Ndav =   3 E =    -83.8512218647 Error = 6.00e-18 FLOPS = 3.22e+10 Tdav = 5.39 T = 37.22
 <-- Site =   68 .. Mmps =  550 Ndav =   3 E =    -83.8512219426 Error = 5.44e-18 FLOPS = 3.25e+10 Tdav = 5.35 T = 37.10
 <-- Site =   67 .. Mmps =  550 Ndav =   3 E =    -83.8512220324 Error = 3.99e-18 FLOPS = 3.25e+10 Tdav = 5.35 T = 36.71
 <-- Site =   66 .. Mmps =  550 Ndav =   3 E =    -83.8512220902 Error = 4.43e-18 FLOPS = 3.23e+10 Tdav = 5.28 T = 43.29
 <-- Site =   65 .. Mmps =  550 Ndav =   3 E =    -83.8512221885 Error = 1.39e-17 FLOPS = 3.22e+10 Tdav = 5.30 T = 35.61
 <-- Site =   64 .. Mmps =  550 Ndav =   3 E =    -83.8512222395 Error = 1.65e-17 FLOPS = 3.23e+10 Tdav = 5.19 T = 34.94
 <-- Site =   63 .. Mmps =  550 Ndav =   3 E =    -83.8512223118 Error = 7.27e-18 FLOPS = 3.22e+10 Tdav = 5.20 T = 35.07
 <-- Site =   62 .. Mmps =  550 Ndav =   4 E =    -83.8512224490 Error = 9.81e-18 FLOPS = 3.27e+10 Tdav = 6.85 T = 36.61
 <-- Site =   61 .. Mmps =  550 Ndav =   3 E =    -83.8512225562 Error = 1.38e-17 FLOPS = 3.24e+10 Tdav = 5.17 T = 34.51
 <-- Site =   60 .. Mmps =  550 Ndav =   4 E =    -83.8512227007 Error = 1.83e-17 FLOPS = 3.25e+10 Tdav = 6.76 T = 35.58
 <-- Site =   59 .. Mmps =  550 Ndav =   3 E =    -83.8512227898 Error = 7.84e-18 FLOPS = 3.28e+10 Tdav = 5.02 T = 33.81
 <-- Site =   58 .. Mmps =  550 Ndav =   3 E =    -83.8512228611 Error = 5.16e-18 FLOPS = 3.28e+10 Tdav = 5.03 T = 33.36
 <-- Site =   57 .. Mmps =  550 Ndav =   3 E =    -83.8512229489 Error = 7.82e-18 FLOPS = 3.27e+10 Tdav = 4.95 T = 32.67
 <-- Site =   56 .. Mmps =  550 Ndav =   3 E =    -83.8512230295 Error = 4.43e-18 FLOPS = 3.29e+10 Tdav = 4.92 T = 32.23
 <-- Site =   55 .. Mmps =  550 Ndav =   3 E =    -83.8512230977 Error = 1.41e-17 FLOPS = 3.29e+10 Tdav = 4.82 T = 31.75
 <-- Site =   54 .. Mmps =  550 Ndav =   4 E =    -83.8512232134 Error = 1.90e-17 FLOPS = 3.30e+10 Tdav = 6.42 T = 32.85
 <-- Site =   53 .. Mmps =  550 Ndav =   3 E =    -83.8512232582 Error = 8.53e-18 FLOPS = 3.29e+10 Tdav = 4.73 T = 30.23
 <-- Site =   52 .. Mmps =  550 Ndav =   3 E =    -83.8512233092 Error = 1.39e-17 FLOPS = 3.30e+10 Tdav = 4.63 T = 29.89
 <-- Site =   51 .. Mmps =  550 Ndav =   1 E =    -83.8512233092 Error = 1.15e-17 FLOPS = 3.12e+10 Tdav = 1.63 T = 26.31
 <-- Site =   50 .. Mmps =  550 Ndav =   2 E =    -83.8512233271 Error = 6.09e-18 FLOPS = 3.27e+10 Tdav = 3.05 T = 37.14
 <-- Site =   49 .. Mmps =  550 Ndav =   3 E =    -83.8512233615 Error = 4.47e-18 FLOPS = 3.31e+10 Tdav = 4.53 T = 28.25
 <-- Site =   48 .. Mmps =  550 Ndav =   3 E =    -83.8512233941 Error = 6.80e-18 FLOPS = 3.38e+10 Tdav = 4.34 T = 27.19
 <-- Site =   47 .. Mmps =  550 Ndav =   2 E =    -83.8512234253 Error = 8.03e-18 FLOPS = 3.32e+10 Tdav = 2.89 T = 24.97
 <-- Site =   46 .. Mmps =  550 Ndav =   3 E =    -83.8512234610 Error = 6.68e-18 FLOPS = 3.37e+10 Tdav = 4.17 T = 25.88
 <-- Site =   45 .. Mmps =  550 Ndav =   3 E =    -83.8512235083 Error = 8.56e-18 FLOPS = 3.38e+10 Tdav = 4.16 T = 25.35
 <-- Site =   44 .. Mmps =  550 Ndav =   3 E =    -83.8512235440 Error = 8.00e-18 FLOPS = 3.34e+10 Tdav = 4.12 T = 24.80
 <-- Site =   43 .. Mmps =  550 Ndav =   2 E =    -83.8512235789 Error = 1.23e-17 FLOPS = 3.32e+10 Tdav = 2.77 T = 23.08
 <-- Site =   42 .. Mmps =  550 Ndav =   3 E =    -83.8512236370 Error = 9.75e-18 FLOPS = 3.37e+10 Tdav = 4.00 T = 23.58
 <-- Site =   41 .. Mmps =  550 Ndav =   3 E =    -83.8512236822 Error = 5.02e-18 FLOPS = 3.36e+10 Tdav = 3.92 T = 22.83
 <-- Site =   40 .. Mmps =  550 Ndav =   3 E =    -83.8512237222 Error = 4.47e-18 FLOPS = 3.36e+10 Tdav = 3.83 T = 21.86
 <-- Site =   39 .. Mmps =  550 Ndav =   4 E =    -83.8512238385 Error = 1.98e-17 FLOPS = 3.37e+10 Tdav = 4.97 T = 22.31
 <-- Site =   38 .. Mmps =  550 Ndav =   2 E =    -83.8512238564 Error = 1.60e-17 FLOPS = 3.30e+10 Tdav = 2.48 T = 18.98
 <-- Site =   37 .. Mmps =  550 Ndav =   2 E =    -83.8512238736 Error = 4.72e-18 FLOPS = 3.32e+10 Tdav = 2.41 T = 18.33
 <-- Site =   36 .. Mmps =  550 Ndav =   3 E =    -83.8512239088 Error = 1.18e-17 FLOPS = 3.35e+10 Tdav = 3.48 T = 18.78
 <-- Site =   35 .. Mmps =  550 Ndav =   2 E =    -83.8512239300 Error = 6.55e-18 FLOPS = 3.28e+10 Tdav = 2.31 T = 16.74
 <-- Site =   34 .. Mmps =  550 Ndav =   2 E =    -83.8512239531 Error = 2.05e-17 FLOPS = 3.29e+10 Tdav = 2.25 T = 16.00
 <-- Site =   33 .. Mmps =  550 Ndav =   1 E =    -83.8512239531 Error = 3.39e-18 FLOPS = 3.16e+10 Tdav = 1.14 T = 14.38
 <-- Site =   32 .. Mmps =  550 Ndav =   1 E =    -83.8512239531 Error = 5.18e-18 FLOPS = 3.16e+10 Tdav = 1.11 T = 13.56
 <-- Site =   31 .. Mmps =  550 Ndav =   1 E =    -83.8512239531 Error = 1.95e-18 FLOPS = 3.14e+10 Tdav = 1.08 T = 12.88
 <-- Site =   30 .. Mmps =  550 Ndav =   1 E =    -83.8512239531 Error = 3.49e-18 FLOPS = 3.09e+10 Tdav = 1.06 T = 12.47
 <-- Site =   29 .. Mmps =  550 Ndav =   1 E =    -83.8512239531 Error = 6.61e-18 FLOPS = 3.13e+10 Tdav = 1.02 T = 15.10
 <-- Site =   28 .. Mmps =  550 Ndav =   1 E =    -83.8512239531 Error = 8.63e-18 FLOPS = 3.10e+10 Tdav = 1.00 T = 11.19
 <-- Site =   27 .. Mmps =  550 Ndav =   1 E =    -83.8512239531 Error = 3.48e-18 FLOPS = 3.07e+10 Tdav = 0.97 T = 10.51
 <-- Site =   26 .. Mmps =  550 Ndav =   1 E =    -83.8512239531 Error = 4.67e-18 FLOPS = 3.09e+10 Tdav = 0.94 T = 9.88
 <-- Site =   25 .. Mmps =  550 Ndav =   1 E =    -83.8512239531 Error = 3.76e-18 FLOPS = 3.08e+10 Tdav = 0.91 T = 9.37
 <-- Site =   24 .. Mmps =  550 Ndav =   1 E =    -83.8512239531 Error = 1.35e-18 FLOPS = 3.07e+10 Tdav = 0.88 T = 8.88
 <-- Site =   23 .. Mmps =  550 Ndav =   1 E =    -83.8512239531 Error = 4.31e-18 FLOPS = 3.06e+10 Tdav = 0.85 T = 8.85
 <-- Site =   22 .. Mmps =  550 Ndav =   1 E =    -83.8512239531 Error = 1.10e-18 FLOPS = 3.02e+10 Tdav = 0.83 T = 7.75
 <-- Site =   21 .. Mmps =  550 Ndav =   1 E =    -83.8512239531 Error = 6.62e-18 FLOPS = 3.01e+10 Tdav = 0.80 T = 7.34
 <-- Site =   20 .. Mmps =  550 Ndav =   1 E =    -83.8512239531 Error = 5.76e-18 FLOPS = 3.01e+10 Tdav = 0.76 T = 6.90
 <-- Site =   19 .. Mmps =  550 Ndav =   1 E =    -83.8512239531 Error = 2.89e-18 FLOPS = 2.99e+10 Tdav = 0.73 T = 6.43
 <-- Site =   18 .. Mmps =  550 Ndav =   1 E =    -83.8512239531 Error = 3.08e-18 FLOPS = 2.95e+10 Tdav = 0.71 T = 5.89
 <-- Site =   17 .. Mmps =  550 Ndav =   1 E =    -83.8512239531 Error = 4.73e-18 FLOPS = 2.94e+10 Tdav = 0.68 T = 5.51
 <-- Site =   16 .. Mmps =  550 Ndav =   1 E =    -83.8512239531 Error = 1.79e-18 FLOPS = 2.92e+10 Tdav = 0.65 T = 5.22
 <-- Site =   15 .. Mmps =  550 Ndav =   1 E =    -83.8512239531 Error = 2.63e-18 FLOPS = 2.90e+10 Tdav = 0.62 T = 4.82
 <-- Site =   14 .. Mmps =  550 Ndav =   1 E =    -83.8512239531 Error = 1.95e-18 FLOPS = 2.85e+10 Tdav = 0.60 T = 4.36
 <-- Site =   13 .. Mmps =  550 Ndav =   1 E =    -83.8512239531 Error = 3.41e-18 FLOPS = 2.81e+10 Tdav = 0.57 T = 4.24
 <-- Site =   12 .. Mmps =  550 Ndav =   1 E =    -83.8512239531 Error = 1.50e-17 FLOPS = 2.79e+10 Tdav = 0.54 T = 3.76
 <-- Site =   11 .. Mmps =  550 Ndav =   1 E =    -83.8512239531 Error = 1.80e-17 FLOPS = 2.73e+10 Tdav = 0.51 T = 3.31
 <-- Site =   10 .. Mmps =  550 Ndav =   1 E =    -83.8512239531 Error = 6.67e-19 FLOPS = 2.70e+10 Tdav = 0.48 T = 3.06
 <-- Site =    9 .. Mmps =  550 Ndav =   1 E =    -83.8512239531 Error = 6.89e-23 FLOPS = 2.61e+10 Tdav = 0.40 T = 2.56
 <-- Site =    8 .. Mmps =  550 Ndav =   1 E =    -83.8512239531 Error = 1.04e-33 FLOPS = 2.25e+10 Tdav = 0.15 T = 1.43
 <-- Site =    7 .. Mmps =  550 Ndav =   1 E =    -83.8512239531 Error = 1.65e-52 FLOPS = 1.98e+10 Tdav = 0.06 T = 1.17
 <-- Site =    6 .. Mmps =  550 Ndav =   1 E =    -83.8512239531 Error = 4.82e-74 FLOPS = 1.83e+10 Tdav = 0.02 T = 0.94
 <-- Site =    5 .. Mmps =  550 Ndav =   1 E =    -83.8512239531 Error = 3.67e-93 FLOPS = 1.51e+10 Tdav = 0.01 T = 1.12
 <-- Site =    4 .. Mmps =  550 Ndav =   1 E =    -83.8512239531 Error = 6.25e-106 FLOPS = 1.18e+10 Tdav = 0.01 T = 0.82
 <-- Site =    3 .. Mmps =  550 Ndav =   1 E =    -83.8512239531 Error = 1.61e-109 FLOPS = 8.66e+09 Tdav = 0.00 T = 0.74
 <-- Site =    2 .. Mmps =  550 Ndav =   1 E =    -83.8512239531 Error = 4.73e-109 FLOPS = 5.68e+09 Tdav = 0.00 T = 0.71
 <-- Site =    1 .. Mmps =  550 Ndav =   1 E =    -83.8512239531 Error = 2.82e-109 FLOPS = 3.36e+09 Tdav = 0.00 T = 0.68
 <-- Site =    0 .. Mmps =  550 Ndav =   1 E =    -83.8512239531 Error = 1.88e-106 FLOPS = 2.36e+09 Tdav = 0.00 T = 0.59
Time elapsed =   3141.800 | E =     -83.8512239531 | DE = -8.39e+01 | DW = 1.04119e-15
Time sweep =     3141.800 | 13.1 TFLOP/SWP
 | Dmem = 143 MB (3%) | Imem = 232 B (79%) | Hmem = 683 MB | Wmem = 4.62 MB | Pmem = 0 B
 | Tread = 126.821 | Twrite = 147.241 | Tfpread = 125.195 | Tfpwrite = 15.835 | Tmporead = 0.000 | Tasync = 0.000
 | data = 12.0 GB | cpsd = 8.01 GB
 | Trot = 155.137 | Tctr = 160.466 | Tint = 0.019 | Tmid = 0.000 | Tdctr = 0.009 | Tdiag = 1.467 | Tinfo = 1.955
 | Teff = 2110.144 | Tprt = 0.000 | Teig = 442.843 | Tblk = 2614.799 | Tmve = 526.995 | Tdm = 2.186 | Tsplt = 32.061 | Tsvd = 0.000 | Torth = 0.000

Sweep =   52 | Direction =  forward | Bond dimension =  550 | Noise =  0.00e+00 | Dav threshold =  1.00e-06
 --> Site =    0 .. Mmps =    2 Ndav =   1 E =    -83.8512239531 Error = 0.00e+00 FLOPS = 2.38e+09 Tdav = 0.00 T = 0.02
 --> Site =    1 .. Mmps =    4 Ndav =   1 E =    -83.8512239531 Error = 0.00e+00 FLOPS = 3.39e+09 Tdav = 0.00 T = 0.09
 --> Site =    2 .. Mmps =    8 Ndav =   1 E =    -83.8512239531 Error = 0.00e+00 FLOPS = 5.69e+09 Tdav = 0.00 T = 0.10
 --> Site =    3 .. Mmps =   16 Ndav =   1 E =    -83.8512239531 Error = 0.00e+00 FLOPS = 8.71e+09 Tdav = 0.00 T = 0.09
 --> Site =    4 .. Mmps =   32 Ndav =   1 E =    -83.8512239531 Error = 0.00e+00 FLOPS = 1.19e+10 Tdav = 0.01 T = 0.07
 --> Site =    5 .. Mmps =   64 Ndav =   1 E =    -83.8512239531 Error = 0.00e+00 FLOPS = 1.51e+10 Tdav = 0.01 T = 0.09
 --> Site =    6 .. Mmps =  128 Ndav =   1 E =    -83.8512239531 Error = 0.00e+00 FLOPS = 1.83e+10 Tdav = 0.02 T = 0.20
 --> Site =    7 .. Mmps =  256 Ndav =   1 E =    -83.8512239531 Error = 0.00e+00 FLOPS = 1.98e+10 Tdav = 0.06 T = 0.25
 --> Site =    8 .. Mmps =  507 Ndav =   1 E =    -83.8512239531 Error = 0.00e+00 FLOPS = 2.25e+10 Tdav = 0.15 T = 0.53
 --> Site =    9 .. Mmps =  550 Ndav =   1 E =    -83.8512239531 Error = 1.78e-26 FLOPS = 2.60e+10 Tdav = 0.40 T = 1.89
 --> Site =   10 .. Mmps =  550 Ndav =   1 E =    -83.8512239531 Error = 2.30e-23 FLOPS = 2.69e+10 Tdav = 0.48 T = 2.73
 --> Site =   11 .. Mmps =  550 Ndav =   1 E =    -83.8512239531 Error = 1.59e-21 FLOPS = 2.75e+10 Tdav = 0.51 T = 3.04
 --> Site =   12 .. Mmps =  550 Ndav =   1 E =    -83.8512239531 Error = 3.89e-19 FLOPS = 2.78e+10 Tdav = 0.54 T = 3.25
 --> Site =   13 .. Mmps =  550 Ndav =   1 E =    -83.8512239531 Error = 8.34e-18 FLOPS = 2.83e+10 Tdav = 0.57 T = 3.57
 --> Site =   14 .. Mmps =  550 Ndav =   1 E =    -83.8512239531 Error = 3.88e-18 FLOPS = 2.85e+10 Tdav = 0.59 T = 3.97
 --> Site =   15 .. Mmps =  550 Ndav =   1 E =    -83.8512239531 Error = 3.99e-18 FLOPS = 2.89e+10 Tdav = 0.62 T = 4.23
 --> Site =   16 .. Mmps =  550 Ndav =   1 E =    -83.8512239531 Error = 7.89e-18 FLOPS = 2.91e+10 Tdav = 0.65 T = 4.72
 --> Site =   17 .. Mmps =  550 Ndav =   1 E =    -83.8512239531 Error = 4.54e-18 FLOPS = 2.93e+10 Tdav = 0.68 T = 4.92
 --> Site =   18 .. Mmps =  550 Ndav =   1 E =    -83.8512239531 Error = 9.84e-18 FLOPS = 2.96e+10 Tdav = 0.71 T = 5.47
 --> Site =   19 .. Mmps =  550 Ndav =   1 E =    -83.8512239531 Error = 4.31e-18 FLOPS = 2.98e+10 Tdav = 0.74 T = 5.79
 --> Site =   20 .. Mmps =  550 Ndav =   1 E =    -83.8512239531 Error = 1.50e-17 FLOPS = 3.00e+10 Tdav = 0.76 T = 6.12
 --> Site =   21 .. Mmps =  550 Ndav =   1 E =    -83.8512239531 Error = 5.41e-18 FLOPS = 3.02e+10 Tdav = 0.79 T = 9.58
 --> Site =   22 .. Mmps =  550 Ndav =   1 E =    -83.8512239531 Error = 3.27e-18 FLOPS = 3.03e+10 Tdav = 0.82 T = 6.99
 --> Site =   23 .. Mmps =  550 Ndav =   1 E =    -83.8512239531 Error = 6.02e-18 FLOPS = 3.04e+10 Tdav = 0.85 T = 13.99
 --> Site =   24 .. Mmps =  550 Ndav =   1 E =    -83.8512239531 Error = 6.21e-18 FLOPS = 3.07e+10 Tdav = 0.88 T = 8.04
 --> Site =   25 .. Mmps =  550 Ndav =   1 E =    -83.8512239531 Error = 1.78e-17 FLOPS = 3.09e+10 Tdav = 0.91 T = 8.52
 --> Site =   26 .. Mmps =  550 Ndav =   1 E =    -83.8512239531 Error = 5.25e-18 FLOPS = 3.10e+10 Tdav = 0.93 T = 8.92
 --> Site =   27 .. Mmps =  550 Ndav =   1 E =    -83.8512239531 Error = 4.52e-18 FLOPS = 3.11e+10 Tdav = 0.96 T = 13.56
 --> Site =   28 .. Mmps =  550 Ndav =   1 E =    -83.8512239531 Error = 4.54e-18 FLOPS = 3.12e+10 Tdav = 0.99 T = 15.10
 --> Site =   29 .. Mmps =  550 Ndav =   1 E =    -83.8512239531 Error = 1.33e-17 FLOPS = 3.11e+10 Tdav = 1.03 T = 10.87
 --> Site =   30 .. Mmps =  550 Ndav =   1 E =    -83.8512239531 Error = 7.85e-18 FLOPS = 3.13e+10 Tdav = 1.05 T = 11.20
 --> Site =   31 .. Mmps =  550 Ndav =   1 E =    -83.8512239531 Error = 1.22e-17 FLOPS = 3.15e+10 Tdav = 1.08 T = 11.82
 --> Site =   32 .. Mmps =  550 Ndav =   1 E =    -83.8512239531 Error = 6.35e-18 FLOPS = 3.16e+10 Tdav = 1.11 T = 12.28
 --> Site =   33 .. Mmps =  550 Ndav =   1 E =    -83.8512239531 Error = 1.21e-17 FLOPS = 3.17e+10 Tdav = 1.13 T = 12.96
 --> Site =   34 .. Mmps =  550 Ndav =   1 E =    -83.8512239531 Error = 1.50e-17 FLOPS = 3.18e+10 Tdav = 1.16 T = 13.53
 --> Site =   35 .. Mmps =  550 Ndav =   1 E =    -83.8512239531 Error = 1.56e-17 FLOPS = 3.19e+10 Tdav = 1.19 T = 14.49
 --> Site =   36 .. Mmps =  550 Ndav =   1 E =    -83.8512239531 Error = 6.70e-18 FLOPS = 3.19e+10 Tdav = 1.22 T = 23.42
 --> Site =   37 .. Mmps =  550 Ndav =   2 E =    -83.8512239649 Error = 2.20e-17 FLOPS = 3.31e+10 Tdav = 2.41 T = 16.61
 --> Site =   38 .. Mmps =  550 Ndav =   2 E =    -83.8512239756 Error = 9.57e-18 FLOPS = 3.33e+10 Tdav = 2.46 T = 17.36
 --> Site =   39 .. Mmps =  550 Ndav =   2 E =    -83.8512239848 Error = 1.35e-17 FLOPS = 3.31e+10 Tdav = 2.53 T = 18.20
 --> Site =   40 .. Mmps =  550 Ndav =   3 E =    -83.8512240174 Error = 2.31e-17 FLOPS = 3.34e+10 Tdav = 3.86 T = 20.27
 --> Site =   41 .. Mmps =  550 Ndav =   3 E =    -83.8512240617 Error = 3.16e-17 FLOPS = 3.34e+10 Tdav = 3.94 T = 21.07
 --> Site =   42 .. Mmps =  550 Ndav =   3 E =    -83.8512240996 Error = 6.04e-18 FLOPS = 3.33e+10 Tdav = 4.05 T = 21.95
 --> Site =   43 .. Mmps =  550 Ndav =   3 E =    -83.8512241784 Error = 1.87e-17 FLOPS = 3.34e+10 Tdav = 4.13 T = 22.63
 --> Site =   44 .. Mmps =  550 Ndav =   3 E =    -83.8512242171 Error = 2.27e-17 FLOPS = 3.34e+10 Tdav = 4.13 T = 23.00
 --> Site =   45 .. Mmps =  550 Ndav =   3 E =    -83.8512242581 Error = 6.80e-18 FLOPS = 3.33e+10 Tdav = 4.22 T = 23.45
 --> Site =   46 .. Mmps =  550 Ndav =   3 E =    -83.8512242973 Error = 3.53e-17 FLOPS = 3.32e+10 Tdav = 4.24 T = 23.94
 --> Site =   47 .. Mmps =  550 Ndav =   3 E =    -83.8512243338 Error = 1.50e-17 FLOPS = 3.33e+10 Tdav = 4.32 T = 24.34
 --> Site =   48 .. Mmps =  550 Ndav =   1 E =    -83.8512243338 Error = 1.99e-17 FLOPS = 3.10e+10 Tdav = 1.58 T = 22.40
 --> Site =   49 .. Mmps =  550 Ndav =   2 E =    -83.8512243539 Error = 2.53e-17 FLOPS = 3.26e+10 Tdav = 3.06 T = 24.66
 --> Site =   50 .. Mmps =  550 Ndav =   2 E =    -83.8512243642 Error = 6.97e-18 FLOPS = 3.25e+10 Tdav = 3.07 T = 25.07
 --> Site =   51 .. Mmps =  550 Ndav =   3 E =    -83.8512243995 Error = 1.67e-17 FLOPS = 3.32e+10 Tdav = 4.60 T = 27.12
 --> Site =   52 .. Mmps =  550 Ndav =   1 E =    -83.8512243995 Error = 1.63e-17 FLOPS = 3.09e+10 Tdav = 1.65 T = 24.56
 --> Site =   53 .. Mmps =  550 Ndav =   3 E =    -83.8512244358 Error = 1.04e-17 FLOPS = 3.33e+10 Tdav = 4.68 T = 27.98
 --> Site =   54 .. Mmps =  550 Ndav =   3 E =    -83.8512244821 Error = 9.59e-18 FLOPS = 3.32e+10 Tdav = 4.78 T = 29.40
 --> Site =   55 .. Mmps =  550 Ndav =   3 E =    -83.8512245555 Error = 1.59e-17 FLOPS = 3.33e+10 Tdav = 4.76 T = 35.12
 --> Site =   56 .. Mmps =  550 Ndav =   3 E =    -83.8512246146 Error = 1.37e-17 FLOPS = 3.33e+10 Tdav = 4.85 T = 29.83
 --> Site =   57 .. Mmps =  550 Ndav =   3 E =    -83.8512246611 Error = 1.34e-17 FLOPS = 3.33e+10 Tdav = 4.86 T = 30.39
 --> Site =   58 .. Mmps =  550 Ndav =   3 E =    -83.8512247152 Error = 1.73e-17 FLOPS = 3.33e+10 Tdav = 4.94 T = 30.81
 --> Site =   59 .. Mmps =  550 Ndav =   3 E =    -83.8512247680 Error = 9.64e-18 FLOPS = 3.34e+10 Tdav = 4.93 T = 31.43
 --> Site =   60 .. Mmps =  550 Ndav =   3 E =    -83.8512248525 Error = 1.09e-17 FLOPS = 3.33e+10 Tdav = 4.94 T = 31.41
 --> Site =   61 .. Mmps =  550 Ndav =   3 E =    -83.8512249365 Error = 2.38e-17 FLOPS = 3.34e+10 Tdav = 5.03 T = 31.82
 --> Site =   62 .. Mmps =  550 Ndav =   3 E =    -83.8512250059 Error = 1.67e-17 FLOPS = 3.34e+10 Tdav = 5.02 T = 32.45
 --> Site =   63 .. Mmps =  550 Ndav =   3 E =    -83.8512250547 Error = 2.07e-17 FLOPS = 3.33e+10 Tdav = 5.03 T = 32.34
 --> Site =   64 .. Mmps =  550 Ndav =   3 E =    -83.8512251296 Error = 2.22e-17 FLOPS = 3.34e+10 Tdav = 5.02 T = 32.32
 --> Site =   65 .. Mmps =  550 Ndav =   3 E =    -83.8512251698 Error = 1.37e-17 FLOPS = 3.34e+10 Tdav = 5.11 T = 32.84
 --> Site =   66 .. Mmps =  550 Ndav =   3 E =    -83.8512252355 Error = 1.31e-17 FLOPS = 3.33e+10 Tdav = 5.13 T = 33.35
 --> Site =   67 .. Mmps =  550 Ndav =   3 E =    -83.8512253047 Error = 1.39e-17 FLOPS = 3.34e+10 Tdav = 5.19 T = 33.89
 --> Site =   68 .. Mmps =  550 Ndav =   4 E =    -83.8512254137 Error = 1.10e-17 FLOPS = 3.36e+10 Tdav = 6.89 T = 35.97
 --> Site =   69 .. Mmps =  550 Ndav =   4 E =    -83.8512255232 Error = 7.94e-18 FLOPS = 3.36e+10 Tdav = 6.90 T = 36.11
 --> Site =   70 .. Mmps =  550 Ndav =   4 E =    -83.8512256446 Error = 1.53e-17 FLOPS = 3.37e+10 Tdav = 6.88 T = 36.04
 --> Site =   71 .. Mmps =  550 Ndav =   3 E =    -83.8512257302 Error = 2.90e-17 FLOPS = 3.35e+10 Tdav = 5.19 T = 34.25
 --> Site =   72 .. Mmps =  550 Ndav =   3 E =    -83.8512258190 Error = 1.84e-17 FLOPS = 3.36e+10 Tdav = 5.17 T = 34.38
 --> Site =   73 .. Mmps =  550 Ndav =   3 E =    -83.8512258733 Error = 2.14e-17 FLOPS = 3.35e+10 Tdav = 5.28 T = 34.96
 --> Site =   74 .. Mmps =  550 Ndav =   2 E =    -83.8512258956 Error = 2.04e-17 FLOPS = 3.30e+10 Tdav = 3.57 T = 33.82
 --> Site =   75 .. Mmps =  550 Ndav =   3 E =    -83.8512259402 Error = 1.53e-17 FLOPS = 3.33e+10 Tdav = 5.31 T = 35.38
 --> Site =   76 .. Mmps =  550 Ndav =   3 E =    -83.8512259791 Error = 9.77e-18 FLOPS = 3.34e+10 Tdav = 5.28 T = 35.41
 --> Site =   77 .. Mmps =  550 Ndav =   3 E =    -83.8512260765 Error = 1.20e-17 FLOPS = 3.35e+10 Tdav = 5.28 T = 35.21
 --> Site =   78 .. Mmps =  550 Ndav =   3 E =    -83.8512261155 Error = 1.52e-17 FLOPS = 3.34e+10 Tdav = 5.30 T = 35.48
 --> Site =   79 .. Mmps =  550 Ndav =   3 E =    -83.8512261882 Error = 1.61e-17 FLOPS = 3.34e+10 Tdav = 5.28 T = 35.35
 --> Site =   80 .. Mmps =  550 Ndav =   3 E =    -83.8512262593 Error = 1.18e-17 FLOPS = 3.35e+10 Tdav = 5.28 T = 35.35
 --> Site =   81 .. Mmps =  550 Ndav =   4 E =    -83.8512263768 Error = 9.42e-18 FLOPS = 3.36e+10 Tdav = 7.02 T = 37.05
 --> Site =   82 .. Mmps =  550 Ndav =   3 E =    -83.8512264587 Error = 1.31e-17 FLOPS = 3.35e+10 Tdav = 5.28 T = 35.35
 --> Site =   83 .. Mmps =  550 Ndav =   3 E =    -83.8512265425 Error = 1.35e-17 FLOPS = 3.34e+10 Tdav = 5.28 T = 35.32
 --> Site =   84 .. Mmps =  550 Ndav =   3 E =    -83.8512266267 Error = 1.15e-17 FLOPS = 3.36e+10 Tdav = 5.26 T = 35.17
 --> Site =   85 .. Mmps =  550 Ndav =   4 E =    -83.8512267722 Error = 1.99e-17 FLOPS = 3.35e+10 Tdav = 7.04 T = 37.00
 --> Site =   86 .. Mmps =  550 Ndav =   4 E =    -83.8512269158 Error = 1.56e-17 FLOPS = 3.36e+10 Tdav = 7.02 T = 37.06
 --> Site =   87 .. Mmps =  550 Ndav =   4 E =    -83.8512270838 Error = 7.98e-18 FLOPS = 3.36e+10 Tdav = 7.02 T = 37.08
 --> Site =   88 .. Mmps =  550 Ndav =   4 E =    -83.8512272216 Error = 2.31e-17 FLOPS = 3.35e+10 Tdav = 6.91 T = 36.46
 --> Site =   89 .. Mmps =  550 Ndav =   3 E =    -83.8512272816 Error = 7.53e-18 FLOPS = 3.32e+10 Tdav = 5.33 T = 34.80
 --> Site =   90 .. Mmps =  550 Ndav =   4 E =    -83.8512274276 Error = 2.43e-17 FLOPS = 3.34e+10 Tdav = 7.05 T = 37.17
 --> Site =   91 .. Mmps =  550 Ndav =   3 E =    -83.8512274923 Error = 1.31e-17 FLOPS = 3.30e+10 Tdav = 5.35 T = 35.43
 --> Site =   92 .. Mmps =  550 Ndav =   4 E =    -83.8512276440 Error = 1.72e-17 FLOPS = 3.35e+10 Tdav = 6.92 T = 36.72
 --> Site =   93 .. Mmps =  550 Ndav =   4 E =    -83.8512277715 Error = 8.08e-18 FLOPS = 3.33e+10 Tdav = 6.95 T = 36.23
 --> Site =   94 .. Mmps =  550 Ndav =   5 E =    -83.8512280392 Error = 1.22e-17 FLOPS = 3.36e+10 Tdav = 8.62 T = 40.61
 --> Site =   95 .. Mmps =  550 Ndav =   4 E =    -83.8512281641 Error = 7.59e-18 FLOPS = 3.36e+10 Tdav = 6.89 T = 36.00
 --> Site =   96 .. Mmps =  550 Ndav =   4 E =    -83.8512282850 Error = 6.74e-18 FLOPS = 3.36e+10 Tdav = 6.89 T = 36.06
 --> Site =   97 .. Mmps =  550 Ndav =   4 E =    -83.8512284011 Error = 1.17e-17 FLOPS = 3.36e+10 Tdav = 6.90 T = 36.08
 --> Site =   98 .. Mmps =  550 Ndav =   3 E =    -83.8512284906 Error = 1.07e-17 FLOPS = 3.34e+10 Tdav = 5.20 T = 34.30
 --> Site =   99 .. Mmps =  550 Ndav =   3 E =    -83.8512285531 Error = 1.15e-17 FLOPS = 3.33e+10 Tdav = 5.22 T = 34.24
 --> Site =  100 .. Mmps =  550 Ndav =   3 E =    -83.8512285995 Error = 2.80e-17 FLOPS = 3.35e+10 Tdav = 5.19 T = 34.27
 --> Site =  101 .. Mmps =  550 Ndav =   3 E =    -83.8512286442 Error = 8.97e-18 FLOPS = 3.35e+10 Tdav = 5.10 T = 33.86
 --> Site =  102 .. Mmps =  550 Ndav =   3 E =    -83.8512286785 Error = 8.53e-18 FLOPS = 3.33e+10 Tdav = 5.13 T = 39.51
 --> Site =  103 .. Mmps =  550 Ndav =   3 E =    -83.8512287477 Error = 2.56e-17 FLOPS = 3.34e+10 Tdav = 5.03 T = 32.76
 --> Site =  104 .. Mmps =  550 Ndav =   3 E =    -83.8512287885 Error = 1.92e-17 FLOPS = 3.33e+10 Tdav = 5.04 T = 41.88
 --> Site =  105 .. Mmps =  550 Ndav =   3 E =    -83.8512288542 Error = 2.08e-17 FLOPS = 3.34e+10 Tdav = 4.93 T = 41.90
 --> Site =  106 .. Mmps =  550 Ndav =   3 E =    -83.8512289081 Error = 1.14e-17 FLOPS = 3.34e+10 Tdav = 4.93 T = 31.32
 --> Site =  107 .. Mmps =  550 Ndav =   3 E =    -83.8512289556 Error = 3.01e-17 FLOPS = 3.33e+10 Tdav = 4.95 T = 31.45
 --> Site =  108 .. Mmps =  550 Ndav =   3 E =    -83.8512290176 Error = 1.69e-17 FLOPS = 3.33e+10 Tdav = 4.85 T = 31.01
 --> Site =  109 .. Mmps =  550 Ndav =   3 E =    -83.8512290525 Error = 1.60e-17 FLOPS = 3.34e+10 Tdav = 4.85 T = 30.34
 --> Site =  110 .. Mmps =  550 Ndav =   2 E =    -83.8512290764 Error = 1.32e-17 FLOPS = 3.29e+10 Tdav = 3.28 T = 28.66
 --> Site =  111 .. Mmps =  550 Ndav =   2 E =    -83.8512290908 Error = 3.05e-17 FLOPS = 3.29e+10 Tdav = 3.28 T = 28.93
 --> Site =  112 .. Mmps =  550 Ndav =   2 E =    -83.8512291093 Error = 1.18e-17 FLOPS = 3.31e+10 Tdav = 3.20 T = 28.26
 --> Site =  113 .. Mmps =  550 Ndav =   3 E =    -83.8512291548 Error = 1.49e-17 FLOPS = 3.34e+10 Tdav = 4.76 T = 31.37
 --> Site =  114 .. Mmps =  550 Ndav =   4 E =    -83.8512292289 Error = 3.10e-17 FLOPS = 3.33e+10 Tdav = 6.23 T = 30.53
 --> Site =  115 .. Mmps =  550 Ndav =   3 E =    -83.8512292694 Error = 1.13e-17 FLOPS = 3.33e+10 Tdav = 4.59 T = 28.04
 --> Site =  116 .. Mmps =  550 Ndav =   3 E =    -83.8512293250 Error = 2.28e-17 FLOPS = 3.33e+10 Tdav = 4.50 T = 27.22
 --> Site =  117 .. Mmps =  550 Ndav =   3 E =    -83.8512293692 Error = 1.04e-17 FLOPS = 3.32e+10 Tdav = 4.51 T = 26.67
 --> Site =  118 .. Mmps =  550 Ndav =   3 E =    -83.8512294183 Error = 1.71e-17 FLOPS = 3.31e+10 Tdav = 4.52 T = 26.62
 --> Site =  119 .. Mmps =  550 Ndav =   3 E =    -83.8512295009 Error = 2.57e-17 FLOPS = 3.31e+10 Tdav = 4.43 T = 26.86
 --> Site =  120 .. Mmps =  550 Ndav =   5 E =    -83.8512296892 Error = 1.47e-17 FLOPS = 3.33e+10 Tdav = 7.19 T = 28.90
 --> Site =  121 .. Mmps =  550 Ndav =   4 E =    -83.8512298236 Error = 7.96e-18 FLOPS = 3.33e+10 Tdav = 5.64 T = 26.34
 --> Site =  122 .. Mmps =  550 Ndav =   3 E =    -83.8512298587 Error = 1.83e-17 FLOPS = 3.28e+10 Tdav = 4.29 T = 24.70
 --> Site =  123 .. Mmps =  550 Ndav =   2 E =    -83.8512298980 Error = 5.77e-18 FLOPS = 3.23e+10 Tdav = 2.84 T = 22.99
 --> Site =  124 .. Mmps =  550 Ndav =   3 E =    -83.8512299423 Error = 2.20e-17 FLOPS = 3.30e+10 Tdav = 4.17 T = 23.73
 --> Site =  125 .. Mmps =  550 Ndav =   2 E =    -83.8512299793 Error = 1.20e-17 FLOPS = 3.24e+10 Tdav = 2.77 T = 22.00
 --> Site =  126 .. Mmps =  550 Ndav =   3 E =    -83.8512300167 Error = 2.78e-17 FLOPS = 3.29e+10 Tdav = 4.01 T = 22.36
 --> Site =  127 .. Mmps =  550 Ndav =   2 E =    -83.8512300334 Error = 1.00e-17 FLOPS = 3.23e+10 Tdav = 2.66 T = 20.28
 --> Site =  128 .. Mmps =  550 Ndav =   2 E =    -83.8512300424 Error = 1.06e-17 FLOPS = 3.24e+10 Tdav = 2.59 T = 19.64
 --> Site =  129 .. Mmps =  550 Ndav =   3 E =    -83.8512300895 Error = 2.35e-17 FLOPS = 3.29e+10 Tdav = 3.73 T = 19.94
 --> Site =  130 .. Mmps =  550 Ndav =   1 E =    -83.8512300895 Error = 1.21e-17 FLOPS = 3.01e+10 Tdav = 1.33 T = 16.92
 --> Site =  131 .. Mmps =  550 Ndav =   1 E =    -83.8512300895 Error = 1.49e-17 FLOPS = 2.99e+10 Tdav = 1.30 T = 25.23
 --> Site =  132 .. Mmps =  550 Ndav =   2 E =    -83.8512301051 Error = 9.46e-18 FLOPS = 3.21e+10 Tdav = 2.37 T = 16.71
 --> Site =  133 .. Mmps =  550 Ndav =   2 E =    -83.8512301166 Error = 2.30e-17 FLOPS = 3.18e+10 Tdav = 2.32 T = 24.35
 --> Site =  134 .. Mmps =  550 Ndav =   2 E =    -83.8512301359 Error = 1.79e-17 FLOPS = 3.18e+10 Tdav = 2.26 T = 15.25
 --> Site =  135 .. Mmps =  550 Ndav =   1 E =    -83.8512301359 Error = 1.79e-17 FLOPS = 2.91e+10 Tdav = 1.20 T = 13.62
 --> Site =  136 .. Mmps =  550 Ndav =   1 E =    -83.8512301359 Error = 1.70e-17 FLOPS = 2.91e+10 Tdav = 1.17 T = 19.71
 --> Site =  137 .. Mmps =  550 Ndav =   1 E =    -83.8512301359 Error = 4.68e-18 FLOPS = 2.93e+10 Tdav = 1.12 T = 12.44
 --> Site =  138 .. Mmps =  550 Ndav =   1 E =    -83.8512301359 Error = 6.00e-18 FLOPS = 2.93e+10 Tdav = 1.09 T = 11.67
 --> Site =  139 .. Mmps =  550 Ndav =   1 E =    -83.8512301359 Error = 2.79e-18 FLOPS = 2.95e+10 Tdav = 1.05 T = 20.98
 --> Site =  140 .. Mmps =  550 Ndav =   1 E =    -83.8512301359 Error = 4.58e-18 FLOPS = 2.92e+10 Tdav = 1.02 T = 10.50
 --> Site =  141 .. Mmps =  550 Ndav =   1 E =    -83.8512301359 Error = 9.94e-18 FLOPS = 3.01e+10 Tdav = 0.96 T = 9.86
 --> Site =  142 .. Mmps =  550 Ndav =   1 E =    -83.8512301359 Error = 9.80e-18 FLOPS = 3.00e+10 Tdav = 0.93 T = 9.43
 --> Site =  143 .. Mmps =  550 Ndav =   1 E =    -83.8512301359 Error = 6.16e-18 FLOPS = 3.01e+10 Tdav = 0.90 T = 9.02
 --> Site =  144 .. Mmps =  550 Ndav =   1 E =    -83.8512301359 Error = 5.14e-18 FLOPS = 2.98e+10 Tdav = 0.87 T = 8.56
 --> Site =  145 .. Mmps =  550 Ndav =   1 E =    -83.8512301359 Error = 2.11e-17 FLOPS = 2.92e+10 Tdav = 0.85 T = 7.91
 --> Site =  146 .. Mmps =  550 Ndav =   1 E =    -83.8512301359 Error = 4.85e-18 FLOPS = 2.90e+10 Tdav = 0.83 T = 7.45
 --> Site =  147 .. Mmps =  550 Ndav =   1 E =    -83.8512301359 Error = 5.45e-18 FLOPS = 2.82e+10 Tdav = 0.81 T = 7.21
 --> Site =  148 .. Mmps =  550 Ndav =   1 E =    -83.8512301359 Error = 1.58e-18 FLOPS = 2.74e+10 Tdav = 0.80 T = 6.80
 --> Site =  149 .. Mmps =  550 Ndav =   1 E =    -83.8512301359 Error = 3.61e-18 FLOPS = 2.63e+10 Tdav = 0.80 T = 6.16
 --> Site =  150 .. Mmps =  550 Ndav =   1 E =    -83.8512301359 Error = 7.17e-18 FLOPS = 2.57e+10 Tdav = 0.78 T = 5.78
 --> Site =  151 .. Mmps =  550 Ndav =   1 E =    -83.8512301359 Error = 1.14e-17 FLOPS = 2.56e+10 Tdav = 0.74 T = 5.39
 --> Site =  152 .. Mmps =  550 Ndav =   1 E =    -83.8512301359 Error = 7.07e-18 FLOPS = 2.52e+10 Tdav = 0.71 T = 5.04
 --> Site =  153 .. Mmps =  550 Ndav =   1 E =    -83.8512301359 Error = 2.14e-17 FLOPS = 2.46e+10 Tdav = 0.69 T = 4.67
 --> Site =  154 .. Mmps =  550 Ndav =   1 E =    -83.8512301359 Error = 2.99e-18 FLOPS = 2.45e+10 Tdav = 0.65 T = 4.27
 --> Site =  155 .. Mmps =  550 Ndav =   1 E =    -83.8512301359 Error = 1.58e-17 FLOPS = 2.43e+10 Tdav = 0.62 T = 4.07
 --> Site =  156 .. Mmps =  550 Ndav =   1 E =    -83.8512301359 Error = 6.49e-18 FLOPS = 2.39e+10 Tdav = 0.58 T = 3.61
 --> Site =  157 .. Mmps =  550 Ndav =   1 E =    -83.8512301359 Error = 8.97e-18 FLOPS = 2.34e+10 Tdav = 0.55 T = 3.39
 --> Site =  158 .. Mmps =  550 Ndav =   1 E =    -83.8512301359 Error = 5.21e-19 FLOPS = 2.36e+10 Tdav = 0.51 T = 2.98
 --> Site =  159 .. Mmps =  550 Ndav =   1 E =    -83.8512301359 Error = 2.18e-22 FLOPS = 2.27e+10 Tdav = 0.44 T = 2.58
 --> Site =  160 .. Mmps =  550 Ndav =   1 E =    -83.8512301359 Error = 6.67e-34 FLOPS = 2.34e+10 Tdav = 0.16 T = 1.96
 --> Site =  161 .. Mmps =  550 Ndav =   1 E =    -83.8512301359 Error = 2.28e-57 FLOPS = 2.05e+10 Tdav = 0.08 T = 1.67
 --> Site =  162 .. Mmps =  550 Ndav =   1 E =    -83.8512301359 Error = 6.55e-81 FLOPS = 2.02e+10 Tdav = 0.03 T = 11.41
 --> Site =  163 .. Mmps =  550 Ndav =   1 E =    -83.8512301359 Error = 4.88e-105 FLOPS = 1.84e+10 Tdav = 0.02 T = 1.22
 --> Site =  164 .. Mmps =  550 Ndav =   1 E =    -83.8512301359 Error = 6.40e-128 FLOPS = 1.42e+10 Tdav = 0.01 T = 1.05
 --> Site =  165 .. Mmps =  550 Ndav =   1 E =    -83.8512301359 Error = 1.07e-142 FLOPS = 7.79e+09 Tdav = 0.01 T = 0.92
 --> Site =  166 .. Mmps =  550 Ndav =   1 E =    -83.8512301359 Error = 0.00e+00 FLOPS = 4.54e+09 Tdav = 0.00 T = 0.75
 --> Site =  167 .. Mmps =  545 Ndav =   1 E =    -83.8512301359 Error = 0.00e+00 FLOPS = 2.45e+09 Tdav = 0.00 T = 0.56
 --> Site =  168 .. Mmps =  548 Ndav =   1 E =    -83.8512301359 Error = 0.00e+00 FLOPS = 2.09e+09 Tdav = 0.00 T = 0.39
Time elapsed =   6549.932 | E =     -83.8512301359 | DE = -6.18e-06 | DW = 3.52641e-17
Time sweep =     3408.132 | 15.3 TFLOP/SWP
 | Dmem = 143 MB (3%) | Imem = 232 B (79%) | Hmem = 683 MB | Wmem = 4.62 MB | Pmem = 0 B
 | Tread = 106.354 | Twrite = 111.915 | Tfpread = 104.750 | Tfpwrite = 20.393 | Tmporead = 0.000 | Tasync = 0.000
 | data = 15.0 GB | cpsd = 11.4 GB
 | Trot = 198.167 | Tctr = 1.540 | Tint = 0.024 | Tmid = 0.000 | Tdctr = 71.058 | Tdiag = 1.740 | Tinfo = 2.581
 | Teff = 2487.548 | Tprt = 0.000 | Teig = 509.638 | Tblk = 3071.993 | Tmve = 336.126 | Tdm = 2.987 | Tsplt = 42.407 | Tsvd = 0.000 | Torth = 0.000

DMRG energy = -83.85123013585051

Local densities:
0.7421804520858196
0.0403045911280453
0.2557945396809101
0.2917089499608343
0.19859995493197435
0.2122680188965286
0.20644631692086107
0.21365454930654112
0.19880435373478667
0.291768473712101
0.2558138567716057
0.04028391173279584
0.7423432427772518
0.04011206093439797
0.00719004071566759
0.03746447725121409
0.012187018243956883
0.0644986886805825
0.08549911031510206
0.10908620526749166
0.08689835090700654
0.06574421183802047
0.01235064806433353
0.03720927142482126
0.00719287604494795
0.04023788831213976
0.2547644495172299
0.03813808167041538
0.6643620007980147
0.03339525995062774
0.37517074707843723
0.02217849533234017
0.08240474490695185
0.02308417792817099
0.38183529599211463
0.03390618944937863
0.6626148144544715
0.03843075148270792
0.25541000408059406
0.29129497847259556
0.012459861900053562
0.030930021437522118
0.007336520855418728
0.31130744633113894
0.037160637654554636
0.6940959286023108
0.038663751795024626
0.3202044671505978
0.007287442272636788
0.030179281208112068
0.012506491160753143
0.29220406103038954
0.19749222203338201
0.06560115509968201
0.37669837327164024
0.3312915718520958
0.15294011757003204
0.038075318355281176
0.015292955140505446
0.04188837941437276
0.16212118074538112
0.3303126706018213
0.37575546505816537
0.06572848337305094
0.19813684133242168
0.2126362486568304
0.08702418615561743
0.020103849934459406
0.03019352811534568
0.03524737987921989
0.5733677584954122
0.10823374147185838
0.586542839832189
0.036928148982730745
0.030381003408245722
0.019503474181607142
0.08705035473220263
0.21308895802621253
0.2051138225594963
0.10860430985649107
0.08507108791768164
0.7049482113230523
0.018891418144763906
0.09609187404218592
0.0035558976239119626
0.10796723527313916
0.020735549236863493
0.7042500302072587
0.08473965588887139
0.1085112776813884
0.20522502616047383
0.21301198199252913
0.08699208090141732
0.020129527885775177
0.03028868814664546
0.03554048874032792
0.5732215406265937
0.10825772490546488
0.5864359775639686
0.036820000777160425
0.030221024862064995
0.019484048205985455
0.0871182062139744
0.21262710120983308
0.19789545893696525
0.06577438821772032
0.3764236154093328
0.33198855134494454
0.15314811909566362
0.038195747036751874
0.015364342722357647
0.0418599185454952
0.1618665285226284
0.3296027992121831
0.3760466529485166
0.06554377798858216
0.19779746429778225
0.29175266865938954
0.012566615399120198
0.031123649186404558
0.007449520456535963
0.31219403638627113
0.03725970890219785
0.6938381476873546
0.03867457290882807
0.3192777722903396
0.007218522366527
0.029932983342056452
0.01240044767169385
0.2917273492032291
0.25516355873606333
0.03816095609586642
0.6649483620021801
0.033379847138414895
0.37600987125914676
0.02222550289703166
0.08250890524606842
0.023083926555496383
0.38087004245876327
0.033954282911741955
0.6620106504093363
0.038435165262780575
0.2549868601997226
0.04021466309848816
0.007235521407606787
0.03761008539582776
0.012263482231666428
0.06466067475313676
0.08564409901929107
0.10907331730759391
0.08672172071189119
0.06560937656995347
0.01227496518604644
0.03705855305332367
0.007143845115215393
0.040140784120096466
0.7423671154660954
0.040305920828616865
0.25579631843694206
0.2918782672128737
0.1985685575203751
0.21245220772845497
0.20645923705884675
0.21346703696907204
0.1988560348704559
0.29156496686080385
0.255839327219878
0.04028290376994223
0.7421540007918467

corresponding 2D coords:
[(0, 0), (0, 1), (0, 2), (0, 3), (0, 4), (0, 5), (0, 6), (0, 7), (0, 8), (0, 9), (0, 10), (0, 11), (0, 12), (1, 12), (1, 11), (1, 10), (1, 9), (1, 8), (1, 7), (1, 6), (1, 5), (1, 4), (1, 3), (1, 2), (1, 1), (1, 0), (2, 0), (2, 1), (2, 2), (2, 3), (2, 4), (2, 5), (2, 6), (2, 7), (2, 8), (2, 9), (2, 10), (2, 11), (2, 12), (3, 12), (3, 11), (3, 10), (3, 9), (3, 8), (3, 7), (3, 6), (3, 5), (3, 4), (3, 3), (3, 2), (3, 1), (3, 0), (4, 0), (4, 1), (4, 2), (4, 3), (4, 4), (4, 5), (4, 6), (4, 7), (4, 8), (4, 9), (4, 10), (4, 11), (4, 12), (5, 12), (5, 11), (5, 10), (5, 9), (5, 8), (5, 7), (5, 6), (5, 5), (5, 4), (5, 3), (5, 2), (5, 1), (5, 0), (6, 0), (6, 1), (6, 2), (6, 3), (6, 4), (6, 5), (6, 6), (6, 7), (6, 8), (6, 9), (6, 10), (6, 11), (6, 12), (7, 12), (7, 11), (7, 10), (7, 9), (7, 8), (7, 7), (7, 6), (7, 5), (7, 4), (7, 3), (7, 2), (7, 1), (7, 0), (8, 0), (8, 1), (8, 2), (8, 3), (8, 4), (8, 5), (8, 6), (8, 7), (8, 8), (8, 9), (8, 10), (8, 11), (8, 12), (9, 12), (9, 11), (9, 10), (9, 9), (9, 8), (9, 7), (9, 6), (9, 5), (9, 4), (9, 3), (9, 2), (9, 1), (9, 0), (10, 0), (10, 1), (10, 2), (10, 3), (10, 4), (10, 5), (10, 6), (10, 7), (10, 8), (10, 9), (10, 10), (10, 11), (10, 12), (11, 12), (11, 11), (11, 10), (11, 9), (11, 8), (11, 7), (11, 6), (11, 5), (11, 4), (11, 3), (11, 2), (11, 1), (11, 0), (12, 0), (12, 1), (12, 2), (12, 3), (12, 4), (12, 5), (12, 6), (12, 7), (12, 8), (12, 9), (12, 10), (12, 11), (12, 12)]

Saved density data:
PKL → /users/ylokare/2D_DMRG_calculations/results/13_by_13_lattice/Local_densities/Parameter_sweep/Rb1.9/density_Lx13_Ly13_Dmax550_delta3.7_Rb1.9_alpha0.05_nedge4_dbound1.8_no_modulated_boundary.pkl
CSV → /users/ylokare/2D_DMRG_calculations/results/13_by_13_lattice/Local_densities/Parameter_sweep/Rb1.9/density_Lx13_Ly13_Dmax550_delta3.7_Rb1.9_alpha0.05_nedge4_dbound1.8_no_modulated_boundary.csv
